05-05 01:21:39.242  1339  8849 I ActivityManager: Killing 11255:com.google.android.ext.services/u0a71 (adj 100): stop com.google.android.ext.services
05-05 01:21:39.244 13984 13984 D Oslo/OsloMetrics: log reach echo client com.google.oslo.OsloOverlay gesture 5 register true
05-05 01:21:39.244 13984 13984 D Oslo/OsloMetrics: First time register 1 timestamp 593897
05-05 01:21:39.245 13984 13984 D Oslo/OsloMetrics: log status client com.google.oslo.OsloOverlay gesture 6 register true
05-05 01:21:39.245 13984 13984 D Oslo/OsloMetrics: First time register 1 timestamp 593898
05-05 01:21:39.245 13984 13984 D Oslo/OsloMetrics: log tap echo client com.google.oslo.OsloOverlay gesture 10 register true
05-05 01:21:39.245 13984 13984 D Oslo/OsloMetrics: First time register 1 timestamp 593898
05-05 01:21:39.246 13984 13984 D Oslo/OsloMetrics: log status client com.google.oslo.service.actions.PlayPauseMediaTrack gesture 6 register true
05-05 01:21:39.246 13984 13984 D Oslo/OsloMetrics: First time register 1 timestamp 593899
05-05 01:21:39.246  1339  8849 W ActivityManager: Scheduling restart of crashed service com.google.android.ext.services/android.ext.services.notification.Assistant in 1000ms
05-05 01:21:39.247  1339  8849 I ActivityManager:   Force stopping service ServiceRecord{914783 u0 com.google.android.ext.services/android.ext.services.notification.Assistant}
05-05 01:21:39.247  1339  1339 V NotificationAssistants: 0 notification assistant connection lost: ComponentInfo{com.google.android.ext.services/android.ext.services.notification.Assistant}
05-05 01:21:39.247  1339  1339 W NotificationAssistants: 0 notification assistant binding died: ComponentInfo{com.google.android.ext.services/android.ext.services.notification.Assistant}
05-05 01:21:39.249  1339  1339 V NotificationAssistants: onNullBinding() called with: name = [ComponentInfo{com.google.android.ext.services/android.ext.services.notification.Assistant}]
05-05 01:21:39.250  2076  2076 E PhoneInterfaceManager: [PhoneIntfMgr] getCarrierPackageNamesForIntent: No UICC
05-05 01:21:39.250  2076  2076 D CarrierSvcBindHelper: No carrier app for: 0
05-05 01:21:39.251  1339  1339 V NotificationAssistants: enabling notification assistant for 0: ComponentInfo{com.google.android.ext.services/android.ext.services.notification.Assistant}
05-05 01:21:39.251  1339  1339 V NotificationAssistants:     disconnecting old notification assistant: android.service.notification.INotificationListener$Stub$Proxy@c88b854
05-05 01:21:39.251  1339  1339 D NotificationListeners: Removing active service ComponentInfo{com.google.android.ext.services/android.ext.services.notification.Assistant}
05-05 01:21:39.252  1339  1339 E NotificationAssistants: notification assistant ComponentInfo{com.google.android.ext.services/android.ext.services.notification.Assistant} could not be unbound
05-05 01:21:39.252  1339  1339 E NotificationAssistants: java.lang.IllegalArgumentException: Service not registered: com.android.server.notification.ManagedServices$1@f274b94
05-05 01:21:39.252  1339  1339 E NotificationAssistants: 	at android.app.LoadedApk.forgetServiceDispatcher(LoadedApk.java:1751)
05-05 01:21:39.252  1339  1339 E NotificationAssistants: 	at android.app.ContextImpl.unbindService(ContextImpl.java:1776)
05-05 01:21:39.252  1339  1339 E NotificationAssistants: 	at com.android.server.notification.ManagedServices.unbindService(ManagedServices.java:1307)
05-05 01:21:39.252  1339  1339 E NotificationAssistants: 	at com.android.server.notification.ManagedServices.registerServiceLocked(ManagedServices.java:1118)
05-05 01:21:39.252  1339  1339 E NotificationAssistants: 	at com.android.server.notification.ManagedServices.registerServiceLocked(ManagedServices.java:1094)
05-05 01:21:39.252  1339  1339 E NotificationAssistants: 	at com.android.server.notification.ManagedServices.registerService(ManagedServices.java:1080)
05-05 01:21:39.252  1339  1339 E NotificationAssistants: 	at com.android.server.notification.ManagedServices.bindToServices(ManagedServices.java:1067)
05-05 01:21:39.252  1339  1339 E NotificationAssistants: 	at com.android.server.notification.ManagedServices.rebindServices(ManagedServices.java:1030)
05-05 01:21:39.252  1339  1339 E NotificationAssistants: 	at com.android.server.notification.ManagedServices.onPackagesChanged(ManagedServices.java:633)
05-05 01:21:39.252  1339  1339 E NotificationAssistants: 	at com.android.server.notification.NotificationManagerService.handleOnPackageChanged(NotificationManagerService.java:6516)
05-05 01:21:39.252  1339  1339 E NotificationAssistants: 	at com.android.server.notification.NotificationManagerService.access$8800(NotificationManagerService.java:279)
05-05 01:21:39.252  1339  1339 E NotificationAssistants: 	at com.android.server.notification.NotificationManagerService$WorkerHandler.handleMessage(NotificationManagerService.java:6553)
05-05 01:21:39.252  1339  1339 E NotificationAssistants: 	at android.os.Handler.dispatchMessage(Handler.java:107)
05-05 01:21:39.252  1339  1339 E NotificationAssistants: 	at android.os.Looper.loop(Looper.java:214)
05-05 01:21:39.252  1339  1339 E NotificationAssistants: 	at com.android.server.SystemServer.run(SystemServer.java:542)
05-05 01:21:39.252  1339  1339 E NotificationAssistants: 	at com.android.server.SystemServer.main(SystemServer.java:350)
05-05 01:21:39.252  1339  1339 E NotificationAssistants: 	at java.lang.reflect.Method.invoke(Native Method)
05-05 01:21:39.252  1339  1339 E NotificationAssistants: 	at com.android.internal.os.RuntimeInit$MethodAndArgsCaller.run(RuntimeInit.java:492)
05-05 01:21:39.252  1339  1339 E NotificationAssistants: 	at com.android.internal.os.ZygoteInit.main(ZygoteInit.java:908)
05-05 01:21:39.252  1339  1339 V NotificationAssistants: binding: Intent { act=android.service.notification.NotificationAssistantService cmp=com.google.android.ext.services/android.ext.services.notification.Assistant (has extras) }
05-05 01:21:39.258  2879  2879 D RegisteredNfcFServicesCache: Service unchanged, not updating
05-05 01:21:39.260  1737  1737 D Tonal   : Tonal Palette - index: 1. Main color: ff191818
05-05 01:21:39.260  1737  1737 D Tonal   : Colors: ff111111, ff191818, ff232222, ff302e2e, ff4a4747, ff646060, ff7e7979, ff9d9898, ffb5b2b2, ffcecccc, ffe7e6e6, ffefeeee
05-05 01:21:39.260  1737  1737 D Tonal   : Tonal Palette - index: 1. Main color: ff191818
05-05 01:21:39.260  1737  1737 D Tonal   : Colors: ff111111, ff191818, ff232222, ff302e2e, ff4a4747, ff646060, ff7e7979, ff9d9898, ffb5b2b2, ffcecccc, ffe7e6e6, ffefeeee
05-05 01:21:39.265   822   822 D Zygote  : Forked child process 14069
05-05 01:21:39.265   822   822 I Zygote  : Process 11255 exited due to signal 9 (Killed)
05-05 01:21:39.270  1339  1368 I ActivityManager: Start proc 14069:com.google.android.ext.services/u0a71 for service {com.google.android.ext.services/android.ext.services.notification.Assistant}
05-05 01:21:39.271  1339  1369 I libprocessgroup: Successfully killed process cgroup uid 10071 pid 11255 in 28ms
05-05 01:21:39.274 14069 14069 E id.ext.service: Not starting debugger since process cannot load the jdwp agent.
05-05 01:21:39.274  1339  2138 I ActivityManager: Force stopping com.google.android.as appid=10128 user=0: from pid 14071
05-05 01:21:39.275  1339  2138 I ActivityManager: Killing 11557:com.google.android.as/u0a128 (adj 100): stop com.google.android.as
05-05 01:21:39.276  1339  2138 W ActivityManager: Scheduling restart of crashed service com.google.android.as/com.google.android.apps.miphone.aiai.common.notification.service.AiAiNotificationListenerService in 1000ms
05-05 01:21:39.276  1339  2138 W ActivityManager: Scheduling restart of crashed service com.google.android.as/com.google.android.apps.miphone.aiai.app.AiAiPredictionService in 11000ms
05-05 01:21:39.276  1339  2138 W ActivityManager: Scheduling restart of crashed service com.google.android.as/com.google.android.apps.miphone.aiai.app.AiAiAugmentedAutofillService in 20999ms
05-05 01:21:39.277  1339  2138 I ActivityManager:   Force stopping service ServiceRecord{8b50f55 u0 com.google.android.as/com.google.android.apps.miphone.aiai.app.AiAiPredictionService}
05-05 01:21:39.277  1339  2138 I ActivityManager:   Force stopping service ServiceRecord{b66ba0c u0 com.google.android.as/com.google.android.apps.miphone.aiai.common.notification.service.AiAiNotificationListenerService}
05-05 01:21:39.277  1339  2138 I ActivityManager:   Force stopping service ServiceRecord{601c377 u0 com.google.android.as/com.google.android.apps.miphone.aiai.app.AiAiAugmentedAutofillService}
05-05 01:21:39.277  1339  1339 V NotificationListeners: 0 notification listener connection lost: ComponentInfo{com.google.android.as/com.google.android.apps.miphone.aiai.common.notification.service.AiAiNotificationListenerService}
05-05 01:21:39.277  1339  1339 W NotificationListeners: 0 notification listener binding died: ComponentInfo{com.google.android.as/com.google.android.apps.miphone.aiai.common.notification.service.AiAiNotificationListenerService}
05-05 01:21:39.279  1339  1339 V NotificationListeners: onNullBinding() called with: name = [ComponentInfo{com.google.android.as/com.google.android.apps.miphone.aiai.common.notification.service.AiAiNotificationListenerService}]
05-05 01:21:39.281  2076  2076 E PhoneInterfaceManager: [PhoneIntfMgr] getCarrierPackageNamesForIntent: No UICC
05-05 01:21:39.281  2076  2076 D CarrierSvcBindHelper: No carrier app for: 0
05-05 01:21:39.284  2879  2879 D RegisteredNfcFServicesCache: Service unchanged, not updating
05-05 01:21:39.286  1339  1339 V NotificationListeners: enabling notification listener for 0: ComponentInfo{com.google.android.apps.nexuslauncher/com.android.launcher3.notification.NotificationListener}
05-05 01:21:39.286  1339  1339 V NotificationListeners: Not registering ComponentInfo{com.google.android.apps.nexuslauncher/com.android.launcher3.notification.NotificationListener} is already bound
05-05 01:21:39.286  1339  1339 V NotificationListeners: enabling notification listener for 0: ComponentInfo{com.google.android.as/com.google.android.apps.miphone.aiai.common.notification.service.AiAiNotificationListenerService}
05-05 01:21:39.286  1339  1339 V NotificationListeners:     disconnecting old notification listener: android.service.notification.INotificationListener$Stub$Proxy@db83831
05-05 01:21:39.286  1339  1339 E NotificationListeners: notification listener ComponentInfo{com.google.android.as/com.google.android.apps.miphone.aiai.common.notification.service.AiAiNotificationListenerService} could not be unbound
05-05 01:21:39.286  1339  1339 E NotificationListeners: java.lang.IllegalArgumentException: Service not registered: com.android.server.notification.ManagedServices$1@2ce7ba1
05-05 01:21:39.286  1339  1339 E NotificationListeners: 	at android.app.LoadedApk.forgetServiceDispatcher(LoadedApk.java:1751)
05-05 01:21:39.286  1339  1339 E NotificationListeners: 	at android.app.ContextImpl.unbindService(ContextImpl.java:1776)
05-05 01:21:39.286  1339  1339 E NotificationListeners: 	at com.android.server.notification.ManagedServices.unbindService(ManagedServices.java:1307)
05-05 01:21:39.286  1339  1339 E NotificationListeners: 	at com.android.server.notification.ManagedServices.registerServiceLocked(ManagedServices.java:1118)
05-05 01:21:39.286  1339  1339 E NotificationListeners: 	at com.android.server.notification.ManagedServices.registerServiceLocked(ManagedServices.java:1094)
05-05 01:21:39.286  1339  1339 E NotificationListeners: 	at com.android.server.notification.ManagedServices.registerService(ManagedServices.java:1080)
05-05 01:21:39.286  1339  1339 E NotificationListeners: 	at com.android.server.notification.ManagedServices.bindToServices(ManagedServices.java:1067)
05-05 01:21:39.286  1339  1339 E NotificationListeners: 	at com.android.server.notification.ManagedServices.rebindServices(ManagedServices.java:1030)
05-05 01:21:39.286  1339  1339 E NotificationListeners: 	at com.android.server.notification.ManagedServices.onPackagesChanged(ManagedServices.java:633)
05-05 01:21:39.286  1339  1339 E NotificationListeners: 	at com.android.server.notification.NotificationManagerService.handleOnPackageChanged(NotificationManagerService.java:6515)
05-05 01:21:39.286  1339  1339 E NotificationListeners: 	at com.android.server.notification.NotificationManagerService.access$8800(NotificationManagerService.java:279)
05-05 01:21:39.286  1339  1339 E NotificationListeners: 	at com.android.server.notification.NotificationManagerService$WorkerHandler.handleMessage(NotificationManagerService.java:6553)
05-05 01:21:39.286  1339  1339 E NotificationListeners: 	at android.os.Handler.dispatchMessage(Handler.java:107)
05-05 01:21:39.286  1339  1339 E NotificationListeners: 	at android.os.Looper.loop(Looper.java:214)
05-05 01:21:39.286  1339  1339 E NotificationListeners: 	at com.android.server.SystemServer.run(SystemServer.java:542)
05-05 01:21:39.286  1339  1339 E NotificationListeners: 	at com.android.server.SystemServer.main(SystemServer.java:350)
05-05 01:21:39.286  1339  1339 E NotificationListeners: 	at java.lang.reflect.Method.invoke(Native Method)
05-05 01:21:39.286  1339  1339 E NotificationListeners: 	at com.android.internal.os.RuntimeInit$MethodAndArgsCaller.run(RuntimeInit.java:492)
05-05 01:21:39.286  1339  1339 E NotificationListeners: 	at com.android.internal.os.ZygoteInit.main(ZygoteInit.java:908)
05-05 01:21:39.286  1339  1339 V NotificationListeners: binding: Intent { act=android.service.notification.NotificationListenerService cmp=com.google.android.as/com.google.android.apps.miphone.aiai.common.notification.service.AiAiNotificationListenerService (has extras) }
05-05 01:21:39.295  3006  3404 I EngineIdGenerator: Refusing EXCLUSIVE task 43, it is already pending. Try again in 7300 seconds.
05-05 01:21:39.296 14014 14093 D ProtoStore: no cached data
05-05 01:21:39.297  3006  3404 W SearchServiceCore: Abort, client detached.
05-05 01:21:39.304  3006  3404 I NetworkRecognitionRnr: Using pair HTTP connection
05-05 01:21:39.305  3006  3613 I PairHttpConnection: [Upload] Connected
05-05 01:21:39.311 11128 11128 W ChimeraUtils: Non Chimera context
05-05 01:21:39.311 11128 11128 W ChimeraUtils: Non Chimera context
05-05 01:21:39.312  3006  3404 I NetworkRecognitionRnr: Using pair HTTP connection
05-05 01:21:39.313  3006  9823 I PairHttpConnection: [Upload] Connected
05-05 01:21:39.316   822   822 D Zygote  : Forked child process 14100
05-05 01:21:39.316 14014 14093 D ProtoStore: no cached data
05-05 01:21:39.316 14014 14050 D LoaderTask: loadWorkspace: loading default favorites
05-05 01:21:39.320  1339  1369 I libprocessgroup: Successfully killed process cgroup uid 10128 pid 11557 in 44ms
05-05 01:21:39.320  1339  1631 I ActivityManager: Force stopping com.google.android.apps.turbo appid=10159 user=0: from pid 14095
05-05 01:21:39.320  1339  1631 I ActivityManager: Killing 12413:com.google.android.apps.turbo/u0a159 (adj 915): stop com.google.android.apps.turbo
05-05 01:21:39.320  3006  3006 E OverlaySController: Calling with an invalid UID, the interface will not work
05-05 01:21:39.322  1339  1368 I ActivityManager: Start proc 14100:com.google.android.as/u0a128 for service {com.google.android.as/com.google.android.apps.miphone.aiai.common.notification.service.AiAiNotificationListenerService}
05-05 01:21:39.324  1339  1369 I libprocessgroup: Successfully killed process cgroup uid 10159 pid 12413 in 0ms
05-05 01:21:39.325  2076  2076 E PhoneInterfaceManager: [PhoneIntfMgr] getCarrierPackageNamesForIntent: No UICC
05-05 01:21:39.325  2076  2076 D CarrierSvcBindHelper: No carrier app for: 0
05-05 01:21:39.329  2879  2879 D RegisteredNfcFServicesCache: Service unchanged, not updating
05-05 01:21:39.330  3006  3447 W CronetNetworkRqstWrppr: Upload request without a content type.
05-05 01:21:39.330  1339  1339 V NotificationListeners: 0 notification listener service connected: ComponentInfo{com.google.android.apps.nexuslauncher/com.android.launcher3.notification.NotificationListener}
05-05 01:21:39.331 14100 14100 E ogle.android.a: Not starting debugger since process cannot load the jdwp agent.
05-05 01:21:39.332 14014 14090 W QsbUiManager: Doodle is not valid.
05-05 01:21:39.332 14014 14090 W QsbUiManager: Doodle bitmap is not valid.
05-05 01:21:39.333  3006  3447 W CronetNetworkRqstWrppr: Upload request without a content type.
05-05 01:21:39.341 14014 14121 I Adreno  : QUALCOMM build                   : 9b214d0, Ibc75db1fca
05-05 01:21:39.341 14014 14121 I Adreno  : Build Date                       : 06/30/19
05-05 01:21:39.341 14014 14121 I Adreno  : OpenGL ES Shader Compiler Version: EV031.26.06.00
05-05 01:21:39.341 14014 14121 I Adreno  : Local Branch                     : AU124
05-05 01:21:39.341 14014 14121 I Adreno  : Remote Branch                    : 
05-05 01:21:39.341 14014 14121 I Adreno  : Remote Branch                    : 
05-05 01:21:39.341 14014 14121 I Adreno  : Reconstruct Branch               : 
05-05 01:21:39.341 14014 14121 I Adreno  : Build Config                     : S P 8.0.6 AArch64
05-05 01:21:39.341 14014 14014 D TouchInteractionService: Touch service connected
05-05 01:21:39.343 14014 14014 D Tonal   : Tonal Palette - index: 1. Main color: ff191818
05-05 01:21:39.343 14014 14014 D Tonal   : Colors: ff111111, ff191818, ff232222, ff302e2e, ff4a4747, ff646060, ff7e7979, ff9d9898, ffb5b2b2, ffcecccc, ffe7e6e6, ffefeeee
05-05 01:21:39.345 14014 14121 I Adreno  : PFP: 0x016ee185, ME: 0x00000000
05-05 01:21:39.346  3006  3531 D StrictMode: StrictMode policy violation: android.os.strictmode.DiskReadViolation
05-05 01:21:39.346  3006  3531 D StrictMode: 	at android.os.StrictMode$AndroidBlockGuardPolicy.onReadFromDisk(StrictMode.java:1556)
05-05 01:21:39.346  3006  3531 D StrictMode: 	at android.database.sqlite.SQLiteConnection.applyBlockGuardPolicy(SQLiteConnection.java:1138)
05-05 01:21:39.346  3006  3531 D StrictMode: 	at android.database.sqlite.SQLiteConnection.executeForCursorWindow(SQLiteConnection.java:939)
05-05 01:21:39.346  3006  3531 D StrictMode: 	at android.database.sqlite.SQLiteSession.executeForCursorWindow(SQLiteSession.java:838)
05-05 01:21:39.346  3006  3531 D StrictMode: 	at android.database.sqlite.SQLiteQuery.fillWindow(SQLiteQuery.java:62)
05-05 01:21:39.346  3006  3531 D StrictMode: 	at android.database.sqlite.SQLiteCursor.fillWindow(SQLiteCursor.java:153)
05-05 01:21:39.346  3006  3531 D StrictMode: 	at android.database.sqlite.SQLiteCursor.getCount(SQLiteCursor.java:140)
05-05 01:21:39.346  3006  3531 D StrictMode: 	at android.database.CursorToBulkCursorAdaptor.getBulkCursorDescriptor(CursorToBulkCursorAdaptor.java:145)
05-05 01:21:39.346  3006  3531 D StrictMode: 	at android.content.ContentProviderNative.onTransact(ContentProviderNative.java:113)
05-05 01:21:39.346  3006  3531 D StrictMode: 	at android.os.Binder.execTransactInternal(Binder.java:1021)
05-05 01:21:39.346  3006  3531 D StrictMode: 	at android.os.Binder.execTransact(Binder.java:994)
05-05 01:21:39.346  3006  3531 D StrictMode: # via Binder call with stack:
05-05 01:21:39.346  3006  3531 D StrictMode: 	at android.os.StrictMode.readAndHandleBinderCallViolations(StrictMode.java:2274)
05-05 01:21:39.346  3006  3531 D StrictMode: 	at android.os.Parcel.readExceptionCode(Parcel.java:2017)
05-05 01:21:39.346  3006  3531 D StrictMode: 	at android.database.DatabaseUtils.readExceptionFromParcel(DatabaseUtils.java:137)
05-05 01:21:39.346  3006  3531 D StrictMode: 	at android.content.ContentProviderProxy.query(ContentProviderNative.java:423)
05-05 01:21:39.346  3006  3531 D StrictMode: 	at android.content.ContentResolver.query(ContentResolver.java:944)
05-05 01:21:39.346  3006  3531 D StrictMode: 	at android.content.ContentResolver.query(ContentResolver.java:880)
05-05 01:21:39.346  3006  3531 D StrictMode: 	at android.content.ContentResolver.query(ContentResolver.java:836)
05-05 01:21:39.346  3006  3531 D StrictMode: 	at com.google.android.g.b.a(SourceFile:1)
05-05 01:21:39.346  3006  3531 D StrictMode: 	at com.google.android.apps.gsa.search.core.google.ay.a(SourceFile:7)
05-05 01:21:39.346  3006  3531 D StrictMode: 	at com.google.android.apps.gsa.search.core.google.ay.d(SourceFile:3)
05-05 01:21:39.346  3006  3531 D StrictMode: 	at com.google.android.apps.gsa.search.core.google.bi.a(SourceFile:7)
05-05 01:21:39.346  3006  3531 D StrictMode: 	at com.google.android.apps.gsa.search.core.google.ca.a(SourceFile:223)
05-05 01:21:39.346  3006  3531 D StrictMode: 	at com.google.android.apps.gsa.search.core.google.ca.a(SourceFile:206)
05-05 01:21:39.346  3006  3531 D StrictMode: 	at com.google.android.apps.gsa.search.core.google.ca.c(SourceFile:198)
05-05 01:21:39.346  3006  3531 D StrictMode: 	at com.google.android.apps.gsa.staticplugins.i.j.b(SourceFile:306)
05-05 01:21:39.346  3006  3531 D StrictMode: 	at com.google.android.apps.gsa.staticplugins.i.b.b.a(Unknown Source:1)
05-05 01:21:39.346  3006  3531 D StrictMode: 	at com.google.android.libraries.gsa.m.a.m.call(Unknown Source:2)
05-05 01:21:39.346  3006  3531 D StrictMode: 	at java.util.concurrent.FutureTask.run(FutureTask.java:266)
05-05 01:21:39.346  3006  3531 D StrictMode: 	at com.google.apps.tiktok.concurrent.au.run(SourceFile:2)
05-05 01:21:39.346  3006  3531 D StrictMode: 	at java.util.concurrent.ThreadPoolExecutor.runWorker(ThreadPoolExecutor.java:1167)
05-05 01:21:39.346  3006  3531 D StrictMode: 	at java.util.concurrent.ThreadPoolExecutor$Worker.run(ThreadPoolExecutor.java:641)
05-05 01:21:39.346  3006  3531 D StrictMode: 	at com.google.apps.tiktok.concurrent.f.run(Unknown Source:4)
05-05 01:21:39.346  3006  3531 D StrictMode: 	at java.lang.Thread.run(Thread.java:919)
05-05 01:21:39.350   821 14119 E ResolverController: No valid NAT64 prefix (100, <unspecified>/0)
05-05 01:21:39.355  1339  1339 V NotificationAssistants: 0 notification assistant service connected: ComponentInfo{com.google.android.ext.services/android.ext.services.notification.Assistant}
05-05 01:21:39.355  3006  3531 W LocationOracle: getBestLocation(): no location is available
05-05 01:21:39.359  1339  1339 W AutofillManagerServiceImpl: remote augmented autofill service died
05-05 01:21:39.360   822   822 I Zygote  : Process 11557 exited due to signal 9 (Killed)
05-05 01:21:39.362 11128 13696 W Conscrypt: Could not set socket write timeout: java.net.SocketException: Socket closed
05-05 01:21:39.362 11128 13696 W Conscrypt: 	at com.google.android.gms.org.conscrypt.Platform.setSocketWriteTimeout(:com.google.android.gms@201216037@20.12.16 (120400-306753009):2)
05-05 01:21:39.362 11128 13696 W Conscrypt: 	at com.google.android.gms.org.conscrypt.ConscryptFileDescriptorSocket.setSoWriteTimeout(:com.google.android.gms@201216037@20.12.16 (120400-306753009):0)
05-05 01:21:39.365   822   822 D Zygote  : Forked child process 14126
05-05 01:21:39.365   822   822 I Zygote  : Process 12413 exited due to signal 9 (Killed)
05-05 01:21:39.369  1339  1368 I ActivityManager: Start proc 14126:com.google.android.partnersetup/u0a116 for content provider {com.google.android.partnersetup/com.google.android.partnersetup.RlzAppProvider}
05-05 01:21:39.370 14126 14126 E id.partnersetu: Not starting debugger since process cannot load the jdwp agent.
05-05 01:21:39.375 11128 13696 V NativeCrypto: SSL handshake aborted: ssl=0x789a3060c8: I/O error during system call, Connection reset by peer
05-05 01:21:39.375 11128 13696 E Auth    : [GoogleAccountDataServiceImpl] getToken() -> NETWORK_ERROR. Account: <ELLIDED:-1942151567>, App: com.google.android.googlequicksearchbox, Service: oauth2:https://www.googleapis.com/auth/googlenow
05-05 01:21:39.375 11128 13696 E Auth    : sjc: Error when calling server.
05-05 01:21:39.375 11128 13696 E Auth    : 	at hfl.a(:com.google.android.gms@201216037@20.12.16 (120400-306753009):210)
05-05 01:21:39.375 11128 13696 E Auth    : 	at dyj.a(:com.google.android.gms@201216037@20.12.16 (120400-306753009):217)
05-05 01:21:39.375 11128 13696 E Auth    : 	at dyj.a(:com.google.android.gms@201216037@20.12.16 (120400-306753009):103)
05-05 01:21:39.375 11128 13696 E Auth    : 	at hdx.getAuthToken(:com.google.android.gms@201216037@20.12.16 (120400-306753009):21)
05-05 01:21:39.375 11128 13696 E Auth    : 	at android.accounts.AbstractAccountAuthenticator$Transport.getAuthToken(AbstractAccountAuthenticator.java:246)
05-05 01:21:39.375 11128 13696 E Auth    : 	at android.accounts.IAccountAuthenticator$Stub.onTransact(IAccountAuthenticator.java:282)
05-05 01:21:39.375 11128 13696 E Auth    : 	at android.os.Binder.transact(Binder.java:914)
05-05 01:21:39.375 11128 13696 E Auth    : 	at eac.onTransact(:com.google.android.gms@201216037@20.12.16 (120400-306753009):2)
05-05 01:21:39.375 11128 13696 E Auth    : 	at android.os.Binder.transact(Binder.java:914)
05-05 01:21:39.375 11128 13696 E Auth    : 	at aask.onTransact(:com.google.android.gms@201216037@20.12.16 (120400-306753009):16)
05-05 01:21:39.375 11128 13696 E Auth    : 	at android.os.Binder.execTransactInternal(Binder.java:1021)
05-05 01:21:39.375 11128 13696 E Auth    : 	at android.os.Binder.execTransact(Binder.java:994)
05-05 01:21:39.375 11128 13696 E Auth    : Caused by: javax.net.ssl.SSLHandshakeException: SSL handshake aborted: ssl=0x789a3060c8: I/O error during system call, Connection reset by peer
05-05 01:21:39.375 11128 13696 E Auth    : 	at com.google.android.gms.org.conscrypt.NativeCrypto.SSL_do_handshake(Native Method)
05-05 01:21:39.375 11128 13696 E Auth    : 	at com.google.android.gms.org.conscrypt.NativeSsl.doHandshake(:com.google.android.gms@201216037@20.12.16 (120400-306753009):6)
05-05 01:21:39.375 11128 13696 E Auth    : 	at com.google.android.gms.org.conscrypt.ConscryptFileDescriptorSocket.startHandshake(:com.google.android.gms@201216037@20.12.16 (120400-306753009):16)
05-05 01:21:39.375 11128 13696 E Auth    : 	at aqis.a(:com.google.android.gms@201216037@20.12.16 (120400-306753009):22)
05-05 01:21:39.375 11128 13696 E Auth    : 	at aqis.createSocket(:com.google.android.gms@201216037@20.12.16 (120400-306753009):9)
05-05 01:21:39.375 11128 13696 E Auth    : 	at com.android.okhttp.internal.io.RealConnection.connectTls(RealConnection.java:185)
05-05 01:21:39.375 11128 13696 E Auth    : 	at com.android.okhttp.internal.io.RealConnection.connectSocket(RealConnection.java:153)
05-05 01:21:39.375 11128 13696 E Auth    : 	at com.android.okhttp.internal.io.RealConnection.connect(RealConnection.java:116)
05-05 01:21:39.375 11128 13696 E Auth    : 	at com.android.okhttp.internal.http.StreamAllocation.findConnection(StreamAllocation.java:186)
05-05 01:21:39.375 11128 13696 E Auth    : 	at com.android.okhttp.internal.http.StreamAllocation.findHealthyConnection(StreamAllocation.java:128)
05-05 01:21:39.375 11128 13696 E Auth    : 	at com.android.okhttp.internal.http.StreamAllocation.newStream(StreamAllocation.java:97)
05-05 01:21:39.375 11128 13696 E Auth    : 	at com.android.okhttp.internal.http.HttpEngine.connect(HttpEngine.java:289)
05-05 01:21:39.375 11128 13696 E Auth    : 	at com.android.okhttp.internal.http.HttpEngine.sendRequest(HttpEngine.java:232)
05-05 01:21:39.375 11128 13696 E Auth    : 	at com.android.okhttp.internal.huc.HttpURLConnectionImpl.execute(HttpURLConnectionImpl.java:465)
05-05 01:21:39.375 11128 13696 E Auth    : 	at com.android.okhttp.internal.huc.HttpURLConnectionImpl.connect(HttpURLConnectionImpl.java:131)
05-05 01:21:39.375 11128 13696 E Auth    : 	at com.android.okhttp.internal.huc.HttpURLConnectionImpl.getOutputStream(HttpURLConnectionImpl.java:262)
05-05 01:21:39.375 11128 13696 E Auth    : 	at com.android.okhttp.internal.huc.DelegatingHttpsURLConnection.getOutputStream(DelegatingHttpsURLConnection.java:219)
05-05 01:21:39.375 11128 13696 E Auth    : 	at com.android.okhttp.internal.huc.HttpsURLConnectionImpl.getOutputStream(HttpsURLConnectionImpl.java:30)
05-05 01:21:39.375 11128 13696 E Auth    : 	at acdu.a(:com.google.android.gms@201216037@20.12.16 (120400-306753009):30)
05-05 01:21:39.375 11128 13696 E Auth    : 	at jzq.a(:com.google.android.gms@201216037@20.12.16 (120400-306753009):5)
05-05 01:21:39.375 11128 13696 E Auth    : 	at hgl.a(:com.google.android.gms@201216037@20.12.16 (120400-306753009):9)
05-05 01:21:39.375 11128 13696 E Auth    : 	at hgl.a(:com.google.android.gms@201216037@20.12.16 (120400-306753009):5)
05-05 01:21:39.375 11128 13696 E Auth    : 	at hfl.a(:com.google.android.gms@201216037@20.12.16 (120400-306753009):209)
05-05 01:21:39.375 11128 13696 E Auth    : 	... 11 more
05-05 01:21:39.375 11128 13696 W Auth    : [GetToken] GetToken failed with status code: NetworkError
05-05 01:21:39.376 11128 13696 W GLSActivity: 
05-05 01:21:39.376 11128 13696 W GLSActivity: java.io.IOException: NetworkError
05-05 01:21:39.376 11128 13696 W GLSActivity: 	at hdx.getAuthToken(:com.google.android.gms@201216037@20.12.16 (120400-306753009):29)
05-05 01:21:39.376 11128 13696 W GLSActivity: 	at android.accounts.AbstractAccountAuthenticator$Transport.getAuthToken(AbstractAccountAuthenticator.java:246)
05-05 01:21:39.376 11128 13696 W GLSActivity: 	at android.accounts.IAccountAuthenticator$Stub.onTransact(IAccountAuthenticator.java:282)
05-05 01:21:39.376 11128 13696 W GLSActivity: 	at android.os.Binder.transact(Binder.java:914)
05-05 01:21:39.376 11128 13696 W GLSActivity: 	at eac.onTransact(:com.google.android.gms@201216037@20.12.16 (120400-306753009):2)
05-05 01:21:39.376 11128 13696 W GLSActivity: 	at android.os.Binder.transact(Binder.java:914)
05-05 01:21:39.376 11128 13696 W GLSActivity: 	at aask.onTransact(:com.google.android.gms@201216037@20.12.16 (120400-306753009):16)
05-05 01:21:39.376 11128 13696 W GLSActivity: 	at android.os.Binder.execTransactInternal(Binder.java:1021)
05-05 01:21:39.376 11128 13696 W GLSActivity: 	at android.os.Binder.execTransact(Binder.java:994)
05-05 01:21:39.385  3006 14097 W Search.LoginHelperImpl: IO exception for scope: oauth2:https://www.googleapis.com/auth/googlenow
05-05 01:21:39.385  3006 14097 W Search.LoginHelperImpl: java.io.IOException: NetworkError
05-05 01:21:39.385  3006 14097 W Search.LoginHelperImpl: 	at android.accounts.AccountManager.convertErrorToException(AccountManager.java:2543)
05-05 01:21:39.385  3006 14097 W Search.LoginHelperImpl: 	at android.accounts.AccountManager.access$700(AccountManager.java:162)
05-05 01:21:39.385  3006 14097 W Search.LoginHelperImpl: 	at android.accounts.AccountManager$AmsTask$Response.onError(AccountManager.java:2394)
05-05 01:21:39.385  3006 14097 W Search.LoginHelperImpl: 	at android.accounts.IAccountManagerResponse$Stub.onTransact(IAccountManagerResponse.java:107)
05-05 01:21:39.385  3006 14097 W Search.LoginHelperImpl: 	at android.os.Binder.execTransactInternal(Binder.java:1021)
05-05 01:21:39.385  3006 14097 W Search.LoginHelperImpl: 	at android.os.Binder.execTransact(Binder.java:994)
05-05 01:21:39.389  1339  2906 I ActivityManager: Force stopping com.google.android.youtube appid=10190 user=0: from pid 14125
05-05 01:21:39.390 14126 14126 I id.partnersetu: The ClassLoaderContext is a special shared library.
05-05 01:21:39.393 14126 14126 I id.partnersetu: The ClassLoaderContext is a special shared library.
05-05 01:21:39.395  1339  2906 I ActivityManager: Killing 12003:com.google.android.youtube/u0a190 (adj 965): stop com.google.android.youtube
05-05 01:21:39.401 11128 13696 W Conscrypt: Could not set socket write timeout: java.net.SocketException: Socket closed
05-05 01:21:39.401 11128 13696 W Conscrypt: 	at com.google.android.gms.org.conscrypt.Platform.setSocketWriteTimeout(:com.google.android.gms@201216037@20.12.16 (120400-306753009):2)
05-05 01:21:39.401 11128 13696 W Conscrypt: 	at com.google.android.gms.org.conscrypt.ConscryptFileDescriptorSocket.setSoWriteTimeout(:com.google.android.gms@201216037@20.12.16 (120400-306753009):0)
05-05 01:21:39.401  2076  2076 E PhoneInterfaceManager: [PhoneIntfMgr] getCarrierPackageNamesForIntent: No UICC
05-05 01:21:39.401  2076  2076 D CarrierSvcBindHelper: No carrier app for: 0
05-05 01:21:39.403  1339  1366 I ActivityTaskManager: Displayed com.google.android.apps.nexuslauncher/.NexusLauncherActivity: +325ms
05-05 01:21:39.407  2879  2879 D RegisteredNfcFServicesCache: Service unchanged, not updating
05-05 01:21:39.409 11128 13696 V NativeCrypto: SSL handshake aborted: ssl=0x789a3060c8: I/O error during system call, Connection reset by peer
05-05 01:21:39.410 11128 13696 E Auth    : [GoogleAccountDataServiceImpl] getToken() -> NETWORK_ERROR. Account: <ELLIDED:-1942151567>, App: com.google.android.googlequicksearchbox, Service: oauth2:https://www.googleapis.com/auth/googlenow
05-05 01:21:39.410 11128 13696 E Auth    : sjc: Error when calling server.
05-05 01:21:39.410 11128 13696 E Auth    : 	at hfl.a(:com.google.android.gms@201216037@20.12.16 (120400-306753009):210)
05-05 01:21:39.410 11128 13696 E Auth    : 	at dyj.a(:com.google.android.gms@201216037@20.12.16 (120400-306753009):217)
05-05 01:21:39.410 11128 13696 E Auth    : 	at dyj.a(:com.google.android.gms@201216037@20.12.16 (120400-306753009):103)
05-05 01:21:39.410 11128 13696 E Auth    : 	at hdx.getAuthToken(:com.google.android.gms@201216037@20.12.16 (120400-306753009):21)
05-05 01:21:39.410 11128 13696 E Auth    : 	at android.accounts.AbstractAccountAuthenticator$Transport.getAuthToken(AbstractAccountAuthenticator.java:246)
05-05 01:21:39.410 11128 13696 E Auth    : 	at android.accounts.IAccountAuthenticator$Stub.onTransact(IAccountAuthenticator.java:282)
05-05 01:21:39.410 11128 13696 E Auth    : 	at android.os.Binder.transact(Binder.java:914)
05-05 01:21:39.410 11128 13696 E Auth    : 	at eac.onTransact(:com.google.android.gms@201216037@20.12.16 (120400-306753009):2)
05-05 01:21:39.410 11128 13696 E Auth    : 	at android.os.Binder.transact(Binder.java:914)
05-05 01:21:39.410 11128 13696 E Auth    : 	at aask.onTransact(:com.google.android.gms@201216037@20.12.16 (120400-306753009):16)
05-05 01:21:39.410 11128 13696 E Auth    : 	at android.os.Binder.execTransactInternal(Binder.java:1021)
05-05 01:21:39.410 11128 13696 E Auth    : 	at android.os.Binder.execTransact(Binder.java:994)
05-05 01:21:39.410 11128 13696 E Auth    : Caused by: javax.net.ssl.SSLHandshakeException: SSL handshake aborted: ssl=0x789a3060c8: I/O error during system call, Connection reset by peer
05-05 01:21:39.410 11128 13696 E Auth    : 	at com.google.android.gms.org.conscrypt.NativeCrypto.SSL_do_handshake(Native Method)
05-05 01:21:39.410 11128 13696 E Auth    : 	at com.google.android.gms.org.conscrypt.NativeSsl.doHandshake(:com.google.android.gms@201216037@20.12.16 (120400-306753009):6)
05-05 01:21:39.410 11128 13696 E Auth    : 	at com.google.android.gms.org.conscrypt.ConscryptFileDescriptorSocket.startHandshake(:com.google.android.gms@201216037@20.12.16 (120400-306753009):16)
05-05 01:21:39.410 11128 13696 E Auth    : 	at aqis.a(:com.google.android.gms@201216037@20.12.16 (120400-306753009):22)
05-05 01:21:39.410 11128 13696 E Auth    : 	at aqis.createSocket(:com.google.android.gms@201216037@20.12.16 (120400-306753009):9)
05-05 01:21:39.410 11128 13696 E Auth    : 	at com.android.okhttp.internal.io.RealConnection.connectTls(RealConnection.java:185)
05-05 01:21:39.410 11128 13696 E Auth    : 	at com.android.okhttp.internal.io.RealConnection.connectSocket(RealConnection.java:153)
05-05 01:21:39.410 11128 13696 E Auth    : 	at com.android.okhttp.internal.io.RealConnection.connect(RealConnection.java:116)
05-05 01:21:39.410 11128 13696 E Auth    : 	at com.android.okhttp.internal.http.StreamAllocation.findConnection(StreamAllocation.java:186)
05-05 01:21:39.410 11128 13696 E Auth    : 	at com.android.okhttp.internal.http.StreamAllocation.findHealthyConnection(StreamAllocation.java:128)
05-05 01:21:39.410 11128 13696 E Auth    : 	at com.android.okhttp.internal.http.StreamAllocation.newStream(StreamAllocation.java:97)
05-05 01:21:39.410 11128 13696 E Auth    : 	at com.android.okhttp.internal.http.HttpEngine.connect(HttpEngine.java:289)
05-05 01:21:39.410 11128 13696 E Auth    : 	at com.android.okhttp.internal.http.HttpEngine.sendRequest(HttpEngine.java:232)
05-05 01:21:39.410 11128 13696 E Auth    : 	at com.android.okhttp.internal.huc.HttpURLConnectionImpl.execute(HttpURLConnectionImpl.java:465)
05-05 01:21:39.410 11128 13696 E Auth    : 	at com.android.okhttp.internal.huc.HttpURLConnectionImpl.connect(HttpURLConnectionImpl.java:131)
05-05 01:21:39.410 11128 13696 E Auth    : 	at com.android.okhttp.internal.huc.HttpURLConnectionImpl.getOutputStream(HttpURLConnectionImpl.java:262)
05-05 01:21:39.410 11128 13696 E Auth    : 	at com.android.okhttp.internal.huc.DelegatingHttpsURLConnection.getOutputStream(DelegatingHttpsURLConnection.java:219)
05-05 01:21:39.410 11128 13696 E Auth    : 	at com.android.okhttp.internal.huc.HttpsURLConnectionImpl.getOutputStream(HttpsURLConnectionImpl.java:30)
05-05 01:21:39.410 11128 13696 E Auth    : 	at acdu.a(:com.google.android.gms@201216037@20.12.16 (120400-306753009):30)
05-05 01:21:39.410 11128 13696 E Auth    : 	at jzq.a(:com.google.android.gms@201216037@20.12.16 (120400-306753009):5)
05-05 01:21:39.410 11128 13696 E Auth    : 	at hgl.a(:com.google.android.gms@201216037@20.12.16 (120400-306753009):9)
05-05 01:21:39.410 11128 13696 E Auth    : 	at hgl.a(:com.google.android.gms@201216037@20.12.16 (120400-306753009):5)
05-05 01:21:39.410 11128 13696 E Auth    : 	at hfl.a(:com.google.android.gms@201216037@20.12.16 (120400-306753009):209)
05-05 01:21:39.410 11128 13696 E Auth    : 	... 11 more
05-05 01:21:39.410 11128 13696 W Auth    : [GetToken] GetToken failed with status code: NetworkError
05-05 01:21:39.410 11128 13696 W GLSActivity: 
05-05 01:21:39.410 11128 13696 W GLSActivity: java.io.IOException: NetworkError
05-05 01:21:39.410 11128 13696 W GLSActivity: 	at hdx.getAuthToken(:com.google.android.gms@201216037@20.12.16 (120400-306753009):29)
05-05 01:21:39.410 11128 13696 W GLSActivity: 	at android.accounts.AbstractAccountAuthenticator$Transport.getAuthToken(AbstractAccountAuthenticator.java:246)
05-05 01:21:39.410 11128 13696 W GLSActivity: 	at android.accounts.IAccountAuthenticator$Stub.onTransact(IAccountAuthenticator.java:282)
05-05 01:21:39.410 11128 13696 W GLSActivity: 	at android.os.Binder.transact(Binder.java:914)
05-05 01:21:39.410 11128 13696 W GLSActivity: 	at eac.onTransact(:com.google.android.gms@201216037@20.12.16 (120400-306753009):2)
05-05 01:21:39.410 11128 13696 W GLSActivity: 	at android.os.Binder.transact(Binder.java:914)
05-05 01:21:39.410 11128 13696 W GLSActivity: 	at aask.onTransact(:com.google.android.gms@201216037@20.12.16 (120400-306753009):16)
05-05 01:21:39.410 11128 13696 W GLSActivity: 	at android.os.Binder.execTransactInternal(Binder.java:1021)
05-05 01:21:39.410 11128 13696 W GLSActivity: 	at android.os.Binder.execTransact(Binder.java:994)
05-05 01:21:39.411  3006  8689 W Search.LoginHelperImpl: IO exception for scope: oauth2:https://www.googleapis.com/auth/googlenow
05-05 01:21:39.411  3006  8689 W Search.LoginHelperImpl: java.io.IOException: NetworkError
05-05 01:21:39.411  3006  8689 W Search.LoginHelperImpl: 	at android.accounts.AccountManager.convertErrorToException(AccountManager.java:2543)
05-05 01:21:39.411  3006  8689 W Search.LoginHelperImpl: 	at android.accounts.AccountManager.access$700(AccountManager.java:162)
05-05 01:21:39.411  3006  8689 W Search.LoginHelperImpl: 	at android.accounts.AccountManager$AmsTask$Response.onError(AccountManager.java:2394)
05-05 01:21:39.411  3006  8689 W Search.LoginHelperImpl: 	at android.accounts.IAccountManagerResponse$Stub.onTransact(IAccountManagerResponse.java:107)
05-05 01:21:39.411  3006  8689 W Search.LoginHelperImpl: 	at android.os.Binder.execTransactInternal(Binder.java:1021)
05-05 01:21:39.411  3006  8689 W Search.LoginHelperImpl: 	at android.os.Binder.execTransact(Binder.java:994)
05-05 01:21:39.414 14100 14100 I AiAi    : AiAi onCreate: process=com.google.android.as, isDebug=false
05-05 01:21:39.426 14014 14093 D ProtoStore: deleting smartspace_current
05-05 01:21:39.426 14014 14093 D ProtoStore: no cached data
05-05 01:21:39.427 14014 14093 D ProtoStore: no cached data
05-05 01:21:39.431 11128 13696 W Conscrypt: Could not set socket write timeout: java.net.SocketException: Socket closed
05-05 01:21:39.431 11128 13696 W Conscrypt: 	at com.google.android.gms.org.conscrypt.Platform.setSocketWriteTimeout(:com.google.android.gms@201216037@20.12.16 (120400-306753009):2)
05-05 01:21:39.431 11128 13696 W Conscrypt: 	at com.google.android.gms.org.conscrypt.ConscryptFileDescriptorSocket.setSoWriteTimeout(:com.google.android.gms@201216037@20.12.16 (120400-306753009):0)
05-05 01:21:39.436 11128 13696 V NativeCrypto: SSL handshake aborted: ssl=0x789a3060c8: I/O error during system call, Connection reset by peer
05-05 01:21:39.436 13957 13957 I WallpaperService: engine resumed
05-05 01:21:39.437 11128 13696 E Auth    : [GoogleAccountDataServiceImpl] getToken() -> NETWORK_ERROR. Account: <ELLIDED:-1942151567>, App: com.google.android.googlequicksearchbox, Service: oauth2:https://www.googleapis.com/auth/googlenow
05-05 01:21:39.437 11128 13696 E Auth    : sjc: Error when calling server.
05-05 01:21:39.437 11128 13696 E Auth    : 	at hfl.a(:com.google.android.gms@201216037@20.12.16 (120400-306753009):210)
05-05 01:21:39.437 11128 13696 E Auth    : 	at dyj.a(:com.google.android.gms@201216037@20.12.16 (120400-306753009):217)
05-05 01:21:39.437 11128 13696 E Auth    : 	at dyj.a(:com.google.android.gms@201216037@20.12.16 (120400-306753009):103)
05-05 01:21:39.437 11128 13696 E Auth    : 	at hdx.getAuthToken(:com.google.android.gms@201216037@20.12.16 (120400-306753009):21)
05-05 01:21:39.437 11128 13696 E Auth    : 	at android.accounts.AbstractAccountAuthenticator$Transport.getAuthToken(AbstractAccountAuthenticator.java:246)
05-05 01:21:39.437 11128 13696 E Auth    : 	at android.accounts.IAccountAuthenticator$Stub.onTransact(IAccountAuthenticator.java:282)
05-05 01:21:39.437 11128 13696 E Auth    : 	at android.os.Binder.transact(Binder.java:914)
05-05 01:21:39.437 11128 13696 E Auth    : 	at eac.onTransact(:com.google.android.gms@201216037@20.12.16 (120400-306753009):2)
05-05 01:21:39.437 11128 13696 E Auth    : 	at android.os.Binder.transact(Binder.java:914)
05-05 01:21:39.437 11128 13696 E Auth    : 	at aask.onTransact(:com.google.android.gms@201216037@20.12.16 (120400-306753009):16)
05-05 01:21:39.437 11128 13696 E Auth    : 	at android.os.Binder.execTransactInternal(Binder.java:1021)
05-05 01:21:39.437 11128 13696 E Auth    : 	at android.os.Binder.execTransact(Binder.java:994)
05-05 01:21:39.437 11128 13696 E Auth    : Caused by: javax.net.ssl.SSLHandshakeException: SSL handshake aborted: ssl=0x789a3060c8: I/O error during system call, Connection reset by peer
05-05 01:21:39.437 11128 13696 E Auth    : 	at com.google.android.gms.org.conscrypt.NativeCrypto.SSL_do_handshake(Native Method)
05-05 01:21:39.437 11128 13696 E Auth    : 	at com.google.android.gms.org.conscrypt.NativeSsl.doHandshake(:com.google.android.gms@201216037@20.12.16 (120400-306753009):6)
05-05 01:21:39.437 11128 13696 E Auth    : 	at com.google.android.gms.org.conscrypt.ConscryptFileDescriptorSocket.startHandshake(:com.google.android.gms@201216037@20.12.16 (120400-306753009):16)
05-05 01:21:39.437 11128 13696 E Auth    : 	at aqis.a(:com.google.android.gms@201216037@20.12.16 (120400-306753009):22)
05-05 01:21:39.437 11128 13696 E Auth    : 	at aqis.createSocket(:com.google.android.gms@201216037@20.12.16 (120400-306753009):9)
05-05 01:21:39.437 11128 13696 E Auth    : 	at com.android.okhttp.internal.io.RealConnection.connectTls(RealConnection.java:185)
05-05 01:21:39.437 11128 13696 E Auth    : 	at com.android.okhttp.internal.io.RealConnection.connectSocket(RealConnection.java:153)
05-05 01:21:39.437 11128 13696 E Auth    : 	at com.android.okhttp.internal.io.RealConnection.connect(RealConnection.java:116)
05-05 01:21:39.437 11128 13696 E Auth    : 	at com.android.okhttp.internal.http.StreamAllocation.findConnection(StreamAllocation.java:186)
05-05 01:21:39.437 11128 13696 E Auth    : 	at com.android.okhttp.internal.http.StreamAllocation.findHealthyConnection(StreamAllocation.java:128)
05-05 01:21:39.437 11128 13696 E Auth    : 	at com.android.okhttp.internal.http.StreamAllocation.newStream(StreamAllocation.java:97)
05-05 01:21:39.437 11128 13696 E Auth    : 	at com.android.okhttp.internal.http.HttpEngine.connect(HttpEngine.java:289)
05-05 01:21:39.437 11128 13696 E Auth    : 	at com.android.okhttp.internal.http.HttpEngine.sendRequest(HttpEngine.java:232)
05-05 01:21:39.437 11128 13696 E Auth    : 	at com.android.okhttp.internal.huc.HttpURLConnectionImpl.execute(HttpURLConnectionImpl.java:465)
05-05 01:21:39.437 11128 13696 E Auth    : 	at com.android.okhttp.internal.huc.HttpURLConnectionImpl.connect(HttpURLConnectionImpl.java:131)
05-05 01:21:39.437 11128 13696 E Auth    : 	at com.android.okhttp.internal.huc.HttpURLConnectionImpl.getOutputStream(HttpURLConnectionImpl.java:262)
05-05 01:21:39.437 11128 13696 E Auth    : 	at com.android.okhttp.internal.huc.DelegatingHttpsURLConnection.getOutputStream(DelegatingHttpsURLConnection.java:219)
05-05 01:21:39.437 11128 13696 E Auth    : 	at com.android.okhttp.internal.huc.HttpsURLConnectionImpl.getOutputStream(HttpsURLConnectionImpl.java:30)
05-05 01:21:39.437 11128 13696 E Auth    : 	at acdu.a(:com.google.android.gms@201216037@20.12.16 (120400-306753009):30)
05-05 01:21:39.437 11128 13696 E Auth    : 	at jzq.a(:com.google.android.gms@201216037@20.12.16 (120400-306753009):5)
05-05 01:21:39.437 11128 13696 E Auth    : 	at hgl.a(:com.google.android.gms@201216037@20.12.16 (120400-306753009):9)
05-05 01:21:39.437 11128 13696 E Auth    : 	at hgl.a(:com.google.android.gms@201216037@20.12.16 (120400-306753009):5)
05-05 01:21:39.437 11128 13696 E Auth    : 	at hfl.a(:com.google.android.gms@201216037@20.12.16 (120400-306753009):209)
05-05 01:21:39.437 11128 13696 E Auth    : 	... 11 more
05-05 01:21:39.437 11128 13696 W Auth    : [GetToken] GetToken failed with status code: NetworkError
05-05 01:21:39.437 11128 13696 W GLSActivity: 
05-05 01:21:39.437 11128 13696 W GLSActivity: java.io.IOException: NetworkError
05-05 01:21:39.437 11128 13696 W GLSActivity: 	at hdx.getAuthToken(:com.google.android.gms@201216037@20.12.16 (120400-306753009):29)
05-05 01:21:39.437 11128 13696 W GLSActivity: 	at android.accounts.AbstractAccountAuthenticator$Transport.getAuthToken(AbstractAccountAuthenticator.java:246)
05-05 01:21:39.437 11128 13696 W GLSActivity: 	at android.accounts.IAccountAuthenticator$Stub.onTransact(IAccountAuthenticator.java:282)
05-05 01:21:39.437 11128 13696 W GLSActivity: 	at android.os.Binder.transact(Binder.java:914)
05-05 01:21:39.437 11128 13696 W GLSActivity: 	at eac.onTransact(:com.google.android.gms@201216037@20.12.16 (120400-306753009):2)
05-05 01:21:39.437 11128 13696 W GLSActivity: 	at android.os.Binder.transact(Binder.java:914)
05-05 01:21:39.437 11128 13696 W GLSActivity: 	at aask.onTransact(:com.google.android.gms@201216037@20.12.16 (120400-306753009):16)
05-05 01:21:39.437 11128 13696 W GLSActivity: 	at android.os.Binder.execTransactInternal(Binder.java:1021)
05-05 01:21:39.437 11128 13696 W GLSActivity: 	at android.os.Binder.execTransact(Binder.java:994)
05-05 01:21:39.438  3006 14097 W Search.LoginHelperImpl: IO exception for scope: oauth2:https://www.googleapis.com/auth/googlenow
05-05 01:21:39.438  3006 14097 W Search.LoginHelperImpl: java.io.IOException: NetworkError
05-05 01:21:39.438  3006 14097 W Search.LoginHelperImpl: 	at android.accounts.AccountManager.convertErrorToException(AccountManager.java:2543)
05-05 01:21:39.438  3006 14097 W Search.LoginHelperImpl: 	at android.accounts.AccountManager.access$700(AccountManager.java:162)
05-05 01:21:39.438  3006 14097 W Search.LoginHelperImpl: 	at android.accounts.AccountManager$AmsTask$Response.onError(AccountManager.java:2394)
05-05 01:21:39.438  3006 14097 W Search.LoginHelperImpl: 	at android.accounts.IAccountManagerResponse$Stub.onTransact(IAccountManagerResponse.java:107)
05-05 01:21:39.438  3006 14097 W Search.LoginHelperImpl: 	at android.os.Binder.execTransactInternal(Binder.java:1021)
05-05 01:21:39.438  3006 14097 W Search.LoginHelperImpl: 	at android.os.Binder.execTransact(Binder.java:994)
05-05 01:21:39.440  1339  1369 I libprocessgroup: Successfully killed process cgroup uid 10190 pid 12003 in 43ms
05-05 01:21:39.440   853   853 I sensors-hal: [hal]batch_physical_sensor:251, android.sensor.gyroscope/41, period=20000000, max_latency=0
05-05 01:21:39.440   853   853 I sensors-hal: [hal]batch_physical_sensor:260, android.sensor.gyroscope/41, period=20000000, max_latency=0 request completed
05-05 01:21:39.441   853   853 I sensors-hal: [hal]activate_physical_sensor:188, android.sensor.gyroscope/41 en=1
05-05 01:21:39.442  1066  1066 D Diag_Lib:  Diag_LSM_Init: Failed to open handle to diag driver, error = 13
05-05 01:21:39.442  1066  1066 E Diag_Lib: qpLogDiagInit <== result : 0
05-05 01:21:39.442  1066  1066 E Diag_Lib: DATAD : gIsQXDMDisabled 0, gIsADBDisabled 1, gIsDebugDisabled 0, gIsIMSLogsDisabled 0
05-05 01:21:39.442  1066  1066 D Diag_Lib:  Diag_LSM_Init: Failed to open handle to diag driver, error = 13
05-05 01:21:39.442  1066  1066 E Diag_Lib: qpLogDiagInit <== result : 0
05-05 01:21:39.442  1066  1066 E Diag_Lib: DATAD : gIsQXDMDisabled 0, gIsADBDisabled 1, gIsDebugDisabled 0, gIsIMSLogsDisabled 0
05-05 01:21:39.442  1066  1066 D Diag_Lib:  Diag_LSM_Init: Failed to open handle to diag driver, error = 13
05-05 01:21:39.442  1066  1066 E Diag_Lib: qpLogDiagInit <== result : 0
05-05 01:21:39.442  1066  1066 E Diag_Lib: DATAD : gIsQXDMDisabled 0, gIsADBDisabled 1, gIsDebugDisabled 0, gIsIMSLogsDisabled 0
05-05 01:21:39.442  1066  1066 D Diag_Lib:  Diag_LSM_Init: Failed to open handle to diag driver, error = 13
05-05 01:21:39.442  1066  1066 E Diag_Lib: qpLogDiagInit <== result : 0
05-05 01:21:39.442  1066  1066 E Diag_Lib: DATAD : gIsQXDMDisabled 0, gIsADBDisabled 1, gIsDebugDisabled 0, gIsIMSLogsDisabled 0
