--------- beginning of main
05-05 01:21:38.089 13217 13781 I FastInputIME: /whatsinput connected
05-05 01:21:38.090 13217 13781 I FastInputIME: /whatsinput disconnected
05-05 01:21:38.268 13532 13776 I JobSchedulerImpl: JobSchedulerImpl.schedule():86 Schedule task: PeriodicStats. Success.
05-05 01:21:38.279 13532 13776 W JobInfoUtil: JobInfoUtil.setJobInfo():55 The max execution delay will be ignored for periodic task: PeriodicTasks
05-05 01:21:38.284 13532 13532 E MaestroExtensionImpl: MaestroExtensionImpl.disconnectFromAssistant():494 disconnectFromAssistant() : Client unexpectedly null.
05-05 01:21:38.289 13532 13776 I JobSchedulerImpl: JobSchedulerImpl.schedule():86 Schedule task: PeriodicTasks. Success.
05-05 01:21:38.292 13532 13603 I FederatedC2QExtension: FederatedC2QExtension.onDestroyServiceInternal():324 onDestroyServiceInternal()
05-05 01:21:38.293 13532 13778 I FederatedC2QExtension: FederatedC2QExtension.onDestroyServiceInternal():324 onCreateInternal(): Finished in 217 ms
05-05 01:21:38.295 13532 13778 I LstmExtension: LstmExtension.onCreate():136 onCreate(): Finished in 1 ms
05-05 01:21:38.340 11358 11965 I FontsSharedState: Updating from directory version 0 to 17 from disk
05-05 01:21:38.342 11358 11965 I FontsContentProvider: Received query Noto Color Emoji Compat, URI content://com.google.android.gms.fonts
05-05 01:21:38.345 11358 11965 I FontsContentProvider: Query [Noto Color Emoji Compat] resolved to {Noto Color Emoji Compat, wdth 100.0, wght 400, ital 0.0, bestEffort false}
05-05 01:21:38.347 11358 11965 I FontsContentProvider: Fetch {Noto Color Emoji Compat, wdth 100.0, wght 400, ital 0.0, bestEffort false} end status Status{statusCode=SUCCESS, resolution=null}
05-05 01:21:38.356 11358 12876 I FontsContentProvider: Pulling font file for id = 1, cache size = 1
05-05 01:21:38.365 11358 12876 I FontsContentProvider: Pulling font file for id = 1, cache size = 1
--------- beginning of system
05-05 01:21:38.369  1339  1356 I ActivityManager: Force stopping com.google.android.apps.docs appid=10196 user=0: from pid 13790
05-05 01:21:38.369  1339  1356 I ActivityManager: Killing 12706:com.google.android.apps.docs/u0a196 (adj 945): stop com.google.android.apps.docs
05-05 01:21:38.373  2076  2076 E PhoneInterfaceManager: [PhoneIntfMgr] getCarrierPackageNamesForIntent: No UICC
05-05 01:21:38.373  2076  2076 D CarrierSvcBindHelper: No carrier app for: 0
05-05 01:21:38.376  1339  1369 I libprocessgroup: Successfully killed process cgroup uid 10196 pid 12706 in 6ms
05-05 01:21:38.377  2879  2879 D RegisteredNfcFServicesCache: Service unchanged, not updating
05-05 01:21:38.401  1339  8849 I ActivityManager: Force stopping com.android.vending appid=10122 user=0: from pid 13794
05-05 01:21:38.402  1339  8849 I ActivityManager: Killing 12840:com.android.vending:download_service/u0a122 (adj 935): stop com.android.vending
05-05 01:21:38.402  1339  8849 I ActivityManager: Killing 11812:com.android.vending/u0a122 (adj 925): stop com.android.vending
05-05 01:21:38.409  2879  2879 D RegisteredNfcFServicesCache: Service unchanged, not updating
05-05 01:21:38.410  2076  2076 E PhoneInterfaceManager: [PhoneIntfMgr] getCarrierPackageNamesForIntent: No UICC
05-05 01:21:38.410  2076  2076 D CarrierSvcBindHelper: No carrier app for: 0
05-05 01:21:38.431  1339  2906 I ActivityManager: Force stopping com.google.android.apps.wellbeing appid=10127 user=0: from pid 13798
05-05 01:21:38.431  1339  2906 I ActivityManager: Killing 11294:com.google.android.apps.wellbeing/u0a127 (adj 935): stop com.google.android.apps.wellbeing
05-05 01:21:38.434  2076  2076 E PhoneInterfaceManager: [PhoneIntfMgr] getCarrierPackageNamesForIntent: No UICC
05-05 01:21:38.434  2076  2076 D CarrierSvcBindHelper: No carrier app for: 0
05-05 01:21:38.438  2879  2879 D RegisteredNfcFServicesCache: Service unchanged, not updating
05-05 01:21:38.445  1339 10356 D ConnectivityService: ConnectivityService NetworkRequestInfo binderDied(NetworkRequest [ TRACK_DEFAULT id=89, [ Capabilities: INTERNET&NOT_RESTRICTED&TRUSTED Uid: 10122] ], android.os.BinderProxy@c0e197e)
05-05 01:21:38.445  1339  1563 D ConnectivityService: releasing NetworkRequest [ TRACK_DEFAULT id=89, [ Capabilities: INTERNET&NOT_RESTRICTED&TRUSTED Uid: 10122] ] (release request)
05-05 01:21:38.445   823   823 I Zygote  : Process 12840 exited due to signal 9 (Killed)
05-05 01:21:38.446  1339  1369 I libprocessgroup: Successfully killed process cgroup uid 10122 pid 12840 in 43ms
05-05 01:21:38.446  1339  1369 I libprocessgroup: Successfully killed process cgroup uid 10122 pid 11812 in 0ms
05-05 01:21:38.446  1339  1369 I libprocessgroup: Successfully killed process cgroup uid 10127 pid 11294 in 0ms
05-05 01:21:38.457   822   822 D Zygote  : Forked child process 13803
05-05 01:21:38.460  1339  1368 I ActivityManager: Start proc 13803:com.google.android.apps.wellbeing/u0a127 for content provider {com.google.android.apps.wellbeing/com.google.android.apps.wellbeing.api.impl.WellbeingSettingsProvider}
05-05 01:21:38.460 13803 13803 E .apps.wellbein: Not starting debugger since process cannot load the jdwp agent.
05-05 01:21:38.463  1339  2906 I ActivityManager: Force stopping com.google.android.grilservice appid=10119 user=0: from pid 13802
05-05 01:21:38.463   822   822 I Zygote  : Process 11294 exited due to signal 9 (Killed)
05-05 01:21:38.467  2076  2076 E PhoneInterfaceManager: [PhoneIntfMgr] getCarrierPackageNamesForIntent: No UICC
05-05 01:21:38.468  2076  2076 D CarrierSvcBindHelper: No carrier app for: 0
05-05 01:21:38.470  2879  2879 D RegisteredNfcFServicesCache: Service unchanged, not updating
05-05 01:21:38.472 13803 13803 I .apps.wellbein: The ClassLoaderContext is a special shared library.
05-05 01:21:38.474 13803 13803 W .apps.wellbein: Insufficient pre-allocated space to mmap vdex.
05-05 01:21:38.476  1339  2906 D ConnectivityService: ConnectivityService NetworkRequestInfo binderDied(NetworkRequest [ TRACK_DEFAULT id=81, [ Capabilities: INTERNET&NOT_RESTRICTED&TRUSTED Uid: 10122] ], android.os.BinderProxy@67019fb)
05-05 01:21:38.476  1339  2906 D ConnectivityService: ConnectivityService NetworkRequestInfo binderDied(NetworkRequest [ LISTEN id=82, [ Capabilities: INTERNET&NOT_RESTRICTED&TRUSTED Uid: 10122] ], android.os.BinderProxy@8c7ba18)
05-05 01:21:38.476  1339  1563 D ConnectivityService: releasing NetworkRequest [ TRACK_DEFAULT id=81, [ Capabilities: INTERNET&NOT_RESTRICTED&TRUSTED Uid: 10122] ] (release request)
05-05 01:21:38.477   823   823 I Zygote  : Process 11812 exited due to signal 9 (Killed)
05-05 01:21:38.480 13803 13803 I MultiDex: VM with version 2.1.0 has multidex support
05-05 01:21:38.480 13803 13803 I MultiDex: install
05-05 01:21:38.480 13803 13803 I MultiDex: VM has multidex support, MultiDex support library is disabled.
05-05 01:21:38.481   822   822 I Zygote  : Process 12706 exited due to signal 9 (Killed)
05-05 01:21:38.487  1339  1356 I ActivityManager: Force stopping com.android.systemui appid=10157 user=0: from pid 13826
05-05 01:21:38.490  2076  2076 E PhoneInterfaceManager: [PhoneIntfMgr] getCarrierPackageNamesForIntent: No UICC
05-05 01:21:38.490  2076  2076 D CarrierSvcBindHelper: No carrier app for: 0
05-05 01:21:38.492  2879  2879 D RegisteredNfcFServicesCache: Service unchanged, not updating
05-05 01:21:38.501 13803 13803 I iro     : SslGuard completed installation.
05-05 01:21:38.505 13803 13831 W .apps.wellbein: Accessing hidden field Ljava/util/Collections$SynchronizedCollection;->mutex:Ljava/lang/Object; (greylist-max-o, reflection, denied)
05-05 01:21:38.506 13803 13831 W .apps.wellbein: Accessing hidden method Ljava/util/Collections$SynchronizedSet;-><init>(Ljava/util/Set;Ljava/lang/Object;)V (greylist-max-o, reflection, denied)
05-05 01:21:38.506 13803 13831 W .apps.wellbein: Accessing hidden method Ljava/util/Collections$SynchronizedCollection;-><init>(Ljava/util/Collection;Ljava/lang/Object;)V (greylist-max-o, reflection, denied)
05-05 01:21:38.513  1339  2915 I ActivityManager: Force stopping com.google.android.apps.photos appid=10173 user=0: from pid 13836
05-05 01:21:38.513  1339  2915 I ActivityManager: Killing 12347:com.google.android.apps.photos/u0a173 (adj 935): stop com.google.android.apps.photos
05-05 01:21:38.520  1339  1369 I libprocessgroup: Successfully killed process cgroup uid 10173 pid 12347 in 0ms
05-05 01:21:38.524  2076  2076 E PhoneInterfaceManager: [PhoneIntfMgr] getCarrierPackageNamesForIntent: No UICC
05-05 01:21:38.524  2076  2076 D CarrierSvcBindHelper: No carrier app for: 0
05-05 01:21:38.525  2879  2879 D RegisteredNfcFServicesCache: Service unchanged, not updating
05-05 01:21:38.529 13803 13803 W PrimesInit: Primes instant initialization
05-05 01:21:38.529 13803 13840 W Primes  : background initialization
05-05 01:21:38.549   822   822 I Zygote  : Process 12347 exited due to signal 9 (Killed)
05-05 01:21:38.550  1339  1356 I ActivityManager: Force stopping com.google.android.keep appid=10208 user=0: from pid 13845
05-05 01:21:38.550  1339  1356 I ActivityManager: Killing 13626:com.google.android.keep/u0a208 (adj 905): stop com.google.android.keep
05-05 01:21:38.553  2076  2076 E PhoneInterfaceManager: [PhoneIntfMgr] getCarrierPackageNamesForIntent: No UICC
05-05 01:21:38.554  2076  2076 D CarrierSvcBindHelper: No carrier app for: 0
05-05 01:21:38.555  2879  2879 D RegisteredNfcFServicesCache: Service unchanged, not updating
05-05 01:21:38.574 13803 13823 W DynamiteModule: Local module descriptor class for com.google.android.gms.googlecertificates not found.
05-05 01:21:38.575  1339 11095 I ActivityManager: Force stopping com.google.android.inputmethod.latin appid=10203 user=0: from pid 13849
05-05 01:21:38.575  1339 11095 I ActivityManager: Killing 13532:com.google.android.inputmethod.latin/u0a203 (adj 905): stop com.google.android.inputmethod.latin
05-05 01:21:38.580   822   822 I Zygote  : Process 13626 exited due to signal 9 (Killed)
05-05 01:21:38.582  2076  2076 E PhoneInterfaceManager: [PhoneIntfMgr] getCarrierPackageNamesForIntent: No UICC
05-05 01:21:38.582  2076  2076 D CarrierSvcBindHelper: No carrier app for: 0
05-05 01:21:38.585 13803 13823 I DynamiteModule: Considering local module com.google.android.gms.googlecertificates:0 and remote module com.google.android.gms.googlecertificates:4
05-05 01:21:38.585 13803 13823 I DynamiteModule: Selected remote version of com.google.android.gms.googlecertificates, version >= 4
05-05 01:21:38.588  2879  2879 D RegisteredNfcFServicesCache: Service unchanged, not updating
05-05 01:21:38.596  1339  1369 I libprocessgroup: Successfully killed process cgroup uid 10208 pid 13626 in 45ms
05-05 01:21:38.597  1339  1369 I libprocessgroup: Successfully killed process cgroup uid 10203 pid 13532 in 0ms
05-05 01:21:38.598 13803 13823 I DynamiteLoaderV2: [71] Googlecertificates
05-05 01:21:38.605  1339  2934 I ActivityManager: Force stopping com.android.externalstorage appid=10078 user=0: from pid 13853
05-05 01:21:38.606  1339  2934 I ActivityManager: Killing 12507:com.android.externalstorage/u0a78 (adj 935): stop com.android.externalstorage
05-05 01:21:38.610  1339  1369 I libprocessgroup: Successfully killed process cgroup uid 10078 pid 12507 in 0ms
05-05 01:21:38.611  2076  2076 E PhoneInterfaceManager: [PhoneIntfMgr] getCarrierPackageNamesForIntent: No UICC
05-05 01:21:38.611  2076  2076 D CarrierSvcBindHelper: No carrier app for: 0
05-05 01:21:38.614  2879  2879 D RegisteredNfcFServicesCache: Service unchanged, not updating
05-05 01:21:38.620   822   822 I Zygote  : Process 13532 exited due to signal 9 (Killed)
05-05 01:21:38.622   822   822 I Zygote  : Process 12507 exited due to signal 9 (Killed)
05-05 01:21:38.632  1339  1355 I ActivityManager: Force stopping com.google.android.packageinstaller appid=10081 user=0: from pid 13859
05-05 01:21:38.632  1339  1355 I ActivityManager: Killing 12889:com.google.android.packageinstaller/u0a81 (adj 925): stop com.google.android.packageinstaller
05-05 01:21:38.636  2879  2879 D RegisteredNfcFServicesCache: Service unchanged, not updating
05-05 01:21:38.640  2076  2076 E PhoneInterfaceManager: [PhoneIntfMgr] getCarrierPackageNamesForIntent: No UICC
05-05 01:21:38.640  2076  2076 D CarrierSvcBindHelper: No carrier app for: 0
05-05 01:21:38.662  1339  1355 I ActivityManager: Force stopping com.android.bluetooth appid=1002 user=0: from pid 13864
05-05 01:21:38.663  1339  1355 I ActivityManager: Killing 11439:com.android.bluetooth/1002 (adj -700): stop com.android.bluetooth
05-05 01:21:38.665  1339  1355 W ActivityManager: Scheduling restart of crashed service com.android.bluetooth/.pan.PanService in 1000ms
05-05 01:21:38.666  1339  1355 W ActivityManager: Scheduling restart of crashed service com.android.bluetooth/.hid.HidDeviceService in 1000ms
05-05 01:21:38.666  1737  1737 D BluetoothPan: Proxy object disconnected
05-05 01:21:38.666  1737  1737 D BluetoothPan: Unbinding service...
05-05 01:21:38.666  1339  1355 W ActivityManager: Scheduling restart of crashed service com.android.bluetooth/.sap.SapService in 1000ms
05-05 01:21:38.666  1339  1355 W ActivityManager: Scheduling restart of crashed service com.android.bluetooth/.gatt.GattService in 1000ms
05-05 01:21:38.666  1339  1355 W ActivityManager: Scheduling restart of crashed service com.android.bluetooth/.avrcp.AvrcpTargetService in 11000ms
05-05 01:21:38.666  1339  1355 W ActivityManager: Scheduling restart of crashed service com.android.bluetooth/.hearingaid.HearingAidService in 10999ms
05-05 01:21:38.666  1339  1339 D BluetoothHearingAid: Proxy object disconnected
05-05 01:21:38.666  1339  1339 D BluetoothHearingAid: Unbinding service...
05-05 01:21:38.666  1339  1355 W ActivityManager: Scheduling restart of crashed service com.android.bluetooth/.btservice.AdapterService in 10999ms
05-05 01:21:38.666  1339  1355 W ActivityManager: Scheduling restart of crashed service com.android.bluetooth/.a2dp.A2dpService in 20999ms
05-05 01:21:38.667  1339  1355 W ActivityManager: Scheduling restart of crashed service com.android.bluetooth/.map.BluetoothMapService in 20999ms
05-05 01:21:38.667 11128 11128 D BluetoothA2dp: Proxy object disconnected
05-05 01:21:38.667  1339  1355 W ActivityManager: Scheduling restart of crashed service com.android.bluetooth/.hid.HidHostService in 20999ms
05-05 01:21:38.667 11128 11128 D BluetoothA2dp: Unbinding service...
05-05 01:21:38.667  1339  1355 W ActivityManager: Scheduling restart of crashed service com.android.bluetooth/.opp.BluetoothOppService in 20999ms
05-05 01:21:38.667  1339  1355 W ActivityManager: Scheduling restart of crashed service com.android.bluetooth/.hfp.HeadsetService in 20999ms
05-05 01:21:38.667  1339  1355 W ActivityManager: Scheduling restart of crashed service com.android.bluetooth/.pbap.BluetoothPbapService in 20998ms
05-05 01:21:38.669  1339  1355 I ActivityManager:   Force stopping service ServiceRecord{7ca0b4d u0 com.android.bluetooth/.gatt.GattService}
05-05 01:21:38.669  1339  1355 I ActivityManager:   Force stopping service ServiceRecord{5837811 u0 com.android.bluetooth/.btservice.AdapterService}
05-05 01:21:38.670  1339  1339 D BluetoothHearingAid: Proxy object disconnected
05-05 01:21:38.670  1339  1339 D BluetoothHearingAid: Unbinding service...
05-05 01:21:38.670  2076  2076 E PhoneInterfaceManager: [PhoneIntfMgr] getCarrierPackageNamesForIntent: No UICC
05-05 01:21:38.670  2076  2076 D CarrierSvcBindHelper: No carrier app for: 0
05-05 01:21:38.671  1737  1737 D BluetoothHidDevice: Proxy object disconnected
05-05 01:21:38.671  1737  1737 D BluetoothHidDevice: Unbinding service...
05-05 01:21:38.671 11128 11128 I NearbyShared: BTConnStateMgr: onServiceDisconnected with profile 2.
05-05 01:21:38.671  1339  1339 I Telecom : BluetoothDeviceManager: Lost BluetoothHearingAid service. Removing all tracked devices.: BMSL.oSD@AGg
05-05 01:21:38.672  1339  1339 D BluetoothA2dp: Proxy object disconnected
05-05 01:21:38.672  1339  1339 D BluetoothA2dp: Unbinding service...
05-05 01:21:38.672  1339  1339 D BluetoothHeadset: Proxy object disconnected
05-05 01:21:38.672  1339  1339 I chatty  : uid=1000 system_server identical 4 lines
05-05 01:21:38.672  1339  1339 D BluetoothHeadset: Proxy object disconnected
05-05 01:21:38.672  2076  5040 D BluetoothHeadset: Proxy object disconnected
05-05 01:21:38.672  1339  1339 D BluetoothManagerService: BluetoothServiceConnection, disconnected: com.android.bluetooth.btservice.AdapterService
05-05 01:21:38.672  1339  1339 D BluetoothManagerService: BluetoothServiceConnection, disconnected: com.android.bluetooth.gatt.GattService
05-05 01:21:38.672  1339  1360 E BluetoothManagerService: MESSAGE_BLUETOOTH_SERVICE_DISCONNECTED(1)
05-05 01:21:38.672  1339  1360 D BluetoothManagerService: Broadcasting onBluetoothServiceDown() to 10 receivers.
05-05 01:21:38.672 11128 11128 D BluetoothA2dp: Binding service...
05-05 01:21:38.673  7268  9466 D BluetoothAdapter: onBluetoothServiceDown: android.bluetooth.IBluetooth$Stub$Proxy@7e111cc
05-05 01:21:38.673  1339  1360 D BluetoothAdapter: onBluetoothServiceDown: android.bluetooth.IBluetooth$Stub$Proxy@c8ce225
05-05 01:21:38.673  3006  3567 D BluetoothAdapter: onBluetoothServiceDown: android.bluetooth.IBluetooth$Stub$Proxy@6c11587
05-05 01:21:38.673  2879  3371 D BluetoothAdapter: onBluetoothServiceDown: android.bluetooth.IBluetooth$Stub$Proxy@ab77fae
05-05 01:21:38.673  1339  1360 D BluetoothManagerService: Sending BLE State Change: ON > TURNING_OFF
05-05 01:21:38.673  2076  5040 D BluetoothHeadset: Proxy object disconnected
05-05 01:21:38.673 11557 11576 D BluetoothAdapter: onBluetoothServiceDown: android.bluetooth.IBluetooth$Stub$Proxy@1c5320b
05-05 01:21:38.673 11128 11879 D BluetoothHeadset: Proxy object disconnected
05-05 01:21:38.673 12257 12877 D BluetoothAdapter: onBluetoothServiceDown: android.bluetooth.IBluetooth$Stub$Proxy@e02ac1e
05-05 01:21:38.673  2076  2112 D BluetoothAdapter: onBluetoothServiceDown: android.bluetooth.IBluetooth$Stub$Proxy@ece3b01
05-05 01:21:38.673  1737  1759 D BluetoothAdapter: onBluetoothServiceDown: android.bluetooth.IBluetooth$Stub$Proxy@24d0e34
05-05 01:21:38.673  2879  2879 D RegisteredNfcFServicesCache: Service unchanged, not updating
05-05 01:21:38.673 11128 11181 D BluetoothAdapter: onBluetoothServiceDown: android.bluetooth.IBluetooth$Stub$Proxy@6c64a98
05-05 01:21:38.674  1737 11404 D BluetoothHeadset: Proxy object disconnected
05-05 01:21:38.674 11128 11879 D BluetoothHeadset: Proxy object disconnected
05-05 01:21:38.674  1339  1575 I AS.BtHelper: setBtScoActiveDevice: null -> null
05-05 01:21:38.675  1339  1575 I AS.BtHelper: setBtScoActiveDevice: null -> null
05-05 01:21:38.675  1339  1339 I Telecom : BluetoothDeviceManager: Lost BluetoothHeadset service. Removing all tracked devices.: BMSL.oSD@AGk
05-05 01:21:38.675  1339  1339 I Telecom : BluetoothDeviceManager: Lost BluetoothHeadset service. Removing all tracked devices.: BMSL.oSD@AGo
05-05 01:21:38.675  1737  1737 D BluetoothSap: Proxy object disconnected
05-05 01:21:38.675  1339  1360 D BluetoothManagerService: Bluetooth is complete send Service Down
05-05 01:21:38.675  1737  1737 D BluetoothSap: Unbinding service...
05-05 01:21:38.675  1339  1360 D BluetoothManagerService: Broadcasting onBluetoothServiceDown() to 10 receivers.
05-05 01:21:38.675  7268  9466 D BluetoothAdapter: onBluetoothServiceDown: null
05-05 01:21:38.675  3006  3567 D BluetoothAdapter: onBluetoothServiceDown: null
05-05 01:21:38.675  1339  1360 D BluetoothAdapter: onBluetoothServiceDown: null
05-05 01:21:38.675  2076  2553 D BluetoothAdapter: onBluetoothServiceDown: null
05-05 01:21:38.675 11557 11576 D BluetoothAdapter: onBluetoothServiceDown: null
05-05 01:21:38.676  1339  1360 D BluetoothManagerService: unbindAndFinish(): null mBinding = false mUnbinding = false
05-05 01:21:38.676  1339  1360 D BluetoothManagerService: Sending BLE State Change: TURNING_OFF > OFF
05-05 01:21:38.676  2879 11120 D BluetoothAdapter: onBluetoothServiceDown: null
05-05 01:21:38.676 12257 12877 D BluetoothAdapter: onBluetoothServiceDown: null
05-05 01:21:38.676 11128 11128 I NearbyShared: BTConnStateMgr: onServiceDisconnected with profile 1.
05-05 01:21:38.676  1737  1759 D BluetoothAdapter: onBluetoothServiceDown: null
05-05 01:21:38.676 11128 13696 D BluetoothAdapter: onBluetoothServiceDown: null
05-05 01:21:38.676  1339  1360 E BluetoothManagerService: MESSAGE_BLUETOOTH_SERVICE_DISCONNECTED(2)
05-05 01:21:38.676  1737  1737 D BluetoothHearingAid: Proxy object disconnected
05-05 01:21:38.676  1737  1737 D BluetoothHearingAid: Unbinding service...
05-05 01:21:38.677  1339  1575 I AS.BtHelper: setBtScoActiveDevice: null -> null
05-05 01:21:38.677  2861  2861 I GsaVoiceInteractionSrv: O received Intent { act=android.bluetooth.adapter.action.STATE_CHANGED flg=0x4000010 (has extras) }
05-05 01:21:38.677  1339  1369 I libprocessgroup: Successfully killed process cgroup uid 10081 pid 12889 in 43ms
05-05 01:21:38.677  1339  1369 I libprocessgroup: Successfully killed process cgroup uid 1002 pid 11439 in 0ms
05-05 01:21:38.677  1339  2906 D BluetoothManagerService: Trying to bind to profile: 1, while Bluetooth was disabled
05-05 01:21:38.677  1339  1367 W BroadcastQueue: Background execution not allowed: receiving Intent { act=android.bluetooth.adapter.action.STATE_CHANGED flg=0x4000010 (has extras) } to com.google.android.gms/.auth.easyunlock.authorization.BluetoothStateChangeReceiver
05-05 01:21:38.677  1339  1367 W BroadcastQueue: Background execution not allowed: receiving Intent { act=android.bluetooth.adapter.action.STATE_CHANGED flg=0x4000010 (has extras) } to com.google.android.gms/.auth.proximity.BluetoothServicesAdapterStateChangeReceiver
05-05 01:21:38.677  1339  1367 W BroadcastQueue: Background execution not allowed: receiving Intent { act=android.bluetooth.adapter.action.STATE_CHANGED flg=0x4000010 (has extras) } to com.google.android.gms/.chimera.GmsIntentOperationService$PersistentTrustedReceiver
05-05 01:21:38.678  1339  1367 W BroadcastQueue: Background execution not allowed: receiving Intent { act=android.bluetooth.adapter.action.STATE_CHANGED flg=0x4000010 (has extras) } to com.google.intelligence.sense/.dnd.driving.DrivingConditionProvider$ServiceForwardingReceiver
05-05 01:21:38.678   822   822 I Zygote  : Process 12889 exited due to signal 9 (Killed)
05-05 01:21:38.679  1737 11404 D BluetoothHeadset: Proxy object disconnected
05-05 01:21:38.680  1737  1737 D BluetoothA2dp: Proxy object disconnected
05-05 01:21:38.680  1737  1737 D BluetoothA2dp: Unbinding service...
05-05 01:21:38.681  1737  1737 D BluetoothMap: Proxy object disconnected
05-05 01:21:38.681  1737  1737 D BluetoothMap: Unbinding service...
05-05 01:21:38.682  1339  7495 D BluetoothManagerService: 1 registered Ble Apps
05-05 01:21:38.682 11128 11128 D BluetoothAdapter: isLeEnabled(): OFF
05-05 01:21:38.682 11128 11128 D BluetoothAdapter: enableBLE(): Calling enable
05-05 01:21:38.682  1339  1355 D BluetoothManagerService: enable(com.google.android.gms):  mBluetooth =null mBinding = false mState = OFF
05-05 01:21:38.683  1339  1360 D BluetoothManagerService: MESSAGE_ENABLE(0): mBluetooth = null
05-05 01:21:38.683  1339  1355 D BluetoothManagerService: enable returning
05-05 01:21:38.683  1737  1737 D BluetoothHidHost: Proxy object disconnected
05-05 01:21:38.683  1737  1737 D BluetoothHidHost: Unbinding service...
05-05 01:21:38.683 11128 11179 D BluetoothAdapter: disableBLE(): Already disabled
05-05 01:21:38.684 11128 11179 I BeaconBle: 'L' hardware scan: scan stopped, no clients
05-05 01:21:38.684 11128 11179 D BluetoothAdapter: disableBLE(): Already disabled
05-05 01:21:38.684 11128 11179 I BeaconBle: Nearby requested to stop scan
05-05 01:21:38.684 11128 11179 I BeaconBle: Scan canceled successfully.
05-05 01:21:38.686 11128 12048 I NearbyDiscovery: FastPairHandler: Received action android.bluetooth.adapter.action.STATE_CHANGED [CONTEXT service_id=49 ]
05-05 01:21:38.687  1339  4196 D BluetoothManagerService: 1 registered Ble Apps
05-05 01:21:38.687 11128 12048 D BluetoothAdapter: isLeEnabled(): OFF
05-05 01:21:38.687 11128 11128 D BluetoothAdapter: isLeEnabled(): OFF
05-05 01:21:38.687 11128 11128 D BluetoothAdapter: enableBLE(): Calling enable
05-05 01:21:38.687  1339  1355 D BluetoothManagerService: enable(com.google.android.gms):  mBluetooth =null mBinding = true mState = OFF
05-05 01:21:38.687  1339  1360 D BluetoothManagerService: MESSAGE_ENABLE(0): mBluetooth = null
05-05 01:21:38.687  1339  1355 D BluetoothManagerService: enable returning
05-05 01:21:38.689  1339  1355 D BluetoothManagerService: 1 registered Ble Apps
05-05 01:21:38.689 11128 11128 D BluetoothAdapter: isLeEnabled(): OFF
05-05 01:21:38.689 11128 11128 D BluetoothAdapter: enableBLE(): Calling enable
05-05 01:21:38.689  1339  1355 D BluetoothManagerService: enable(com.google.android.gms):  mBluetooth =null mBinding = true mState = OFF
05-05 01:21:38.689  1339  1360 D BluetoothManagerService: MESSAGE_ENABLE(0): mBluetooth = null
05-05 01:21:38.689  1339  1355 D BluetoothManagerService: enable returning
05-05 01:21:38.698 11128 12048 I NearbyDiscovery: FastPairScanner2: isBleEnabled? bleEnabled:false, btEnabled:false, bleScanAvailable:true [CONTEXT service_id=49 ]
05-05 01:21:38.698 11128 12048 D BluetoothAdapter: isLeEnabled(): OFF
05-05 01:21:38.698 11128 12048 I NearbyDiscovery: FastPairScanner2: Stopping scan [CONTEXT service_id=49 ]
05-05 01:21:38.698   822   822 D Zygote  : Forked child process 13870
05-05 01:21:38.698 11128 12048 D BluetoothAdapter: isLeEnabled(): OFF
05-05 01:21:38.699  1339  1355 I ActivityManager: Force stopping com.android.chrome appid=10197 user=0: from pid 13868
05-05 01:21:38.699  1339  1355 I ActivityManager: Killing 11727:com.android.chrome/u0a197 (adj 975): stop com.android.chrome
05-05 01:21:38.701  2076  2076 E PhoneInterfaceManager: [PhoneIntfMgr] getCarrierPackageNamesForIntent: No UICC
05-05 01:21:38.702  2076  2076 D CarrierSvcBindHelper: No carrier app for: 0
05-05 01:21:38.704  2879  2879 D RegisteredNfcFServicesCache: Service unchanged, not updating
05-05 01:21:38.705   835   835 E Diag_Lib: BluetoothDeathRecipient: Calling HAL close
05-05 01:21:38.705   835   835 W vendor.qti.bluetooth@1.0-bluetooth_hci: BluetoothHci::close()
05-05 01:21:38.705   835   835 W vendor.qti.bluetooth@1.0-data_handler: DataHandler::CleanUp()
05-05 01:21:38.705   835   835 I vendor.qti.bluetooth@1.0-data_handler: DataHandler:: init_status 3
05-05 01:21:38.705   835   835 D vendor.qti.bluetooth@1.0-data_handler: Close: Signal close to Diag interface
05-05 01:21:38.705   835   835 I vendor.qti.bluetooth@1.0-data_handler: Sending Pre-shutdown command 
05-05 01:21:38.705  1339  4196 W AudioService.PlaybackActivityMonitor: client died
05-05 01:21:38.706  1339  1368 I ActivityManager: Start proc 13870:com.android.bluetooth/1002 for service {com.android.bluetooth/com.android.bluetooth.btservice.AdapterService}
05-05 01:21:38.706 13870 13870 E droid.bluetoot: Not starting debugger since process cannot load the jdwp agent.
05-05 01:21:38.706   822   822 I Zygote  : Process 11439 exited due to signal 9 (Killed)
05-05 01:21:38.709   835 11934 W vendor.qti.bluetooth@1.0-data_handler: OnPacketReady: Received event for command sent internally: 08 fc 
05-05 01:21:38.709   835   835 D vendor.qti.bluetooth@1.0-uart_controller: UartController::Cleanup, soc_need_reload_patch=1
05-05 01:21:38.710   835 11934 E vendor.qti.bluetooth@1.0-async_fd_watcher: ThreadRoutine: End of AsyncFdWatcher::ThreadRoutine
05-05 01:21:38.710   835   835 W vendor.qti.bluetooth@1.0-async_fd_watcher: StopThread: stopped the work thread
05-05 01:21:38.710   835   835 I vendor.qti.bluetooth@1.0-ibs_handler: ~IbsHandler
05-05 01:21:38.710   835   835 D vendor.qti.bluetooth@1.0-uart_controller: HciTransportCleanup: deleting hci_transport
05-05 01:21:38.710   835   835 D vendor.qti.bluetooth@1.0-uart_transport: Disconnect: discard unsent data
05-05 01:21:38.710   835   835 D vendor.qti.bluetooth@1.0-uart_transport: CleanUp:> soc_type: 3, need_reload: 1
05-05 01:21:38.710   835   835 D vendor.qti.bluetooth@1.0-uart_transport: userial clock off
05-05 01:21:38.710   835   835 I vendor.qti.bluetooth@1.0-uart_transport: DeInitTransport: Transport is being closed!
05-05 01:21:38.717 13870 13870 I droid.bluetoot: The ClassLoaderContext is a special shared library.
05-05 01:21:38.719 13870 13870 W droid.bluetoot: Insufficient pre-allocated space to mmap vdex.
05-05 01:21:38.720   835   835 I vendor.qti.bluetooth@1.0-uart_transport: InitTransport: opening /dev/ttyHS0
05-05 01:21:38.721   835   835 D vendor.qti.bluetooth@1.0-uart_transport: userial clock on
05-05 01:21:38.721   835   835 I vendor.qti.bluetooth@1.0-uart_transport: GetBaudRate: Current Baudrate = 2400 bps
05-05 01:21:38.721   835   835 I vendor.qti.bluetooth@1.0-uart_transport: InitTransport: device fd = 7 open @2400 bps
05-05 01:21:38.723  1339 10356 I ActivityManager: Force stopping com.google.android.apps.youtube.music appid=10194 user=0: from pid 13892
05-05 01:21:38.724  1339 10356 I ActivityManager: Killing 11983:com.google.android.apps.youtube.music/u0a194 (adj 915): stop com.google.android.apps.youtube.music
05-05 01:21:38.727  2076  2076 E PhoneInterfaceManager: [PhoneIntfMgr] getCarrierPackageNamesForIntent: No UICC
05-05 01:21:38.727  2076  2076 D CarrierSvcBindHelper: No carrier app for: 0
05-05 01:21:38.730 13870 13870 D BluetoothOppFileProvider: Initialized
05-05 01:21:38.731  2879  2879 D RegisteredNfcFServicesCache: Service unchanged, not updating
05-05 01:21:38.732   823   823 I Zygote  : Process 11727 exited due to signal 9 (Killed)
05-05 01:21:38.735 13870 13870 V AdapterServiceConfig: Adding HeadsetService
05-05 01:21:38.736 13870 13870 V AdapterServiceConfig: Adding A2dpService
05-05 01:21:38.736 13870 13870 V AdapterServiceConfig: Adding HidHostService
05-05 01:21:38.736 13870 13870 V AdapterServiceConfig: Adding PanService
05-05 01:21:38.736 13870 13870 V AdapterServiceConfig: Adding GattService
05-05 01:21:38.736 13870 13870 V AdapterServiceConfig: Adding BluetoothMapService
05-05 01:21:38.736 13870 13870 V AdapterServiceConfig: Adding AvrcpTargetService
05-05 01:21:38.736 13870 13870 V AdapterServiceConfig: Adding SapService
05-05 01:21:38.736 13870 13870 V AdapterServiceConfig: Adding HidDeviceService
05-05 01:21:38.736 13870 13870 V AdapterServiceConfig: Adding BluetoothOppService
05-05 01:21:38.736 13870 13870 V AdapterServiceConfig: Adding BluetoothPbapService
05-05 01:21:38.736 13870 13870 V AdapterServiceConfig: Adding HearingAidService
05-05 01:21:38.741  1339  1369 I libprocessgroup: Successfully killed process cgroup uid 10197 pid 11727 in 40ms
05-05 01:21:38.741  1339  1369 I libprocessgroup: Successfully killed process cgroup uid 10194 pid 11983 in 0ms
05-05 01:21:38.742 13870 13870 I         : [0505/012138.742878:INFO:com_android_bluetooth_btservice_AdapterService.cpp(628)] hal_util_load_bt_library loaded HAL: btinterface=0x783fcf5440, handle=0x784b2b51618a71b1
05-05 01:21:38.743 13870 13870 D BluetoothAdapterService: onCreate()
05-05 01:21:38.745 13870 13870 D AdapterState: make() - Creating AdapterState
05-05 01:21:38.745 13870 13898 I AdapterState: OFF : entered 
05-05 01:21:38.745 13870 13898 D AdapterProperties: Setting state to OFF
05-05 01:21:38.746 13870 13870 I bt_btif : init: start restricted = 0 ; niap = 0
05-05 01:21:38.746 13870 13899 I         : [0505/012138.746437:INFO:message_loop_thread.cc(175)] Run: message loop starting for thread bt_stack_manager_thread
05-05 01:21:38.746 13870 13899 I bt_stack_manager: event_init_stack is initializing the stack
05-05 01:21:38.746   835   835 I vendor.qti.bluetooth@1.0-uart_transport: CleanUp:send out shutdown signal
05-05 01:21:38.746   835   835 D vendor.qti.bluetooth@1.0-uart_transport: userial clock off
05-05 01:21:38.746 13870 13899 I         : [0505/012138.746742:INFO:btif_config.cc(756)] hash_file: Disabled for multi-user
05-05 01:21:38.746 13870 13899 I         : [0505/012138.746761:INFO:btif_config.cc(784)] read_checksum_file: Disabled for multi-user
05-05 01:21:38.747 13870 13902 I bt_osi_thread: run_thread: thread id 13902, thread name alarm_default_ca started
05-05 01:21:38.747 13870 13904 I bt_osi_thread: run_thread: thread id 13904, thread name alarm_dispatcher started
05-05 01:21:38.747 13870 13899 I bt_btif_core: btif_init_bluetooth entered
05-05 01:21:38.747 13870 13899 I bt_stack_config: init attempt to load stack conf from /etc/bluetooth/bt_stack.conf
05-05 01:21:38.747 13870 13905 I         : [0505/012138.747815:INFO:message_loop_thread.cc(175)] Run: message loop starting for thread bt_jni_thread
05-05 01:21:38.747 13870 13899 I bt_btif_core: btif_init_bluetooth finished
05-05 01:21:38.747 13870 13899 I bt_stack_manager: event_init_stack finished
05-05 01:21:38.747 13870 13870 I bt_osi_wakelock: wakelock_set_os_callouts set to non-native
05-05 01:21:38.747 13870 13870 I bt_btif : get_profile_interface: id = socket
05-05 01:21:38.748 13870 13905 E bt_btif_storage: btif_storage_get_adapter_property: Controller not ready! Unable to return Bluetooth Address
05-05 01:21:38.748 13870 13905 E BluetoothServiceJni: adapter_properties_callback: Status 1 is incorrect
05-05 01:21:38.748 13870 13905 D AdapterProperties: Name is: Pixel 4
05-05 01:21:38.748  1339  1339 D BluetoothManagerService: Bluetooth Adapter name changed to Pixel 4
05-05 01:21:38.748 13870 13905 D AdapterProperties: BT Class:5a020c
05-05 01:21:38.748  1339  1339 D BluetoothManagerService: Stored Bluetooth name: Pixel 4
05-05 01:21:38.749   835   835 I vendor.qti.bluetooth@1.0-uart_transport: DeInitTransport: Transport is being closed!
05-05 01:21:38.749 13870 13870 I bt_btif : get_profile_interface: id = sdp
05-05 01:21:38.750  1339 10356 I ActivityManager: Force stopping com.android.traceur appid=10089 user=0: from pid 13897
05-05 01:21:38.750  1339 10356 I ActivityManager: Killing 12669:com.android.traceur/u0a89 (adj 925): stop com.android.traceur
05-05 01:21:38.752  2076  2076 E PhoneInterfaceManager: [PhoneIntfMgr] getCarrierPackageNamesForIntent: No UICC
05-05 01:21:38.752  2076  2076 D CarrierSvcBindHelper: No carrier app for: 0
05-05 01:21:38.754 13870 13870 I BluetoothAdapterService: Phone policy enabled
05-05 01:21:38.755 13870 13870 D BluetoothActiveDeviceManager: start()
05-05 01:21:38.757  2879  2879 D RegisteredNfcFServicesCache: Service unchanged, not updating
05-05 01:21:38.758 13870 13907 D BluetoothActiveDeviceManager: onAudioDevicesAdded
05-05 01:21:38.758 13870 13907 D BluetoothActiveDeviceManager: Audio device added: Pixel 4 type: 1
05-05 01:21:38.758 13870 13907 D BluetoothActiveDeviceManager: Audio device added: Pixel 4 type: 2
05-05 01:21:38.758 13870 13907 D BluetoothActiveDeviceManager: Audio device added: Pixel 4 type: 18
05-05 01:21:38.758 13870 13907 D BluetoothActiveDeviceManager: Audio device added: Pixel 4 type: 15
05-05 01:21:38.758 13870 13907 D BluetoothActiveDeviceManager: Audio device added: Pixel 4 type: 15
05-05 01:21:38.758 13870 13907 D BluetoothActiveDeviceManager: Audio device added: Pixel 4 type: 18
05-05 01:21:38.760 13870 13870 D BluetoothDatabase: start()
05-05 01:21:38.761 13870 13870 D BluetoothDatabase: Load Database
05-05 01:21:38.762 13870 13870 D BluetoothAdapterService: setAdapterService() - trying to set service to com.android.bluetooth.btservice.AdapterService@f0b6b9
05-05 01:21:38.763 13870 13870 D BluetoothAdapterService: onBind()
05-05 01:21:38.763  1339  1339 D BluetoothManagerService: BluetoothServiceConnection: com.android.bluetooth.btservice.AdapterService
05-05 01:21:38.763  1339  1360 D BluetoothManagerService: MESSAGE_BLUETOOTH_SERVICE_CONNECTED: 1
05-05 01:21:38.763  1339  1360 D BluetoothManagerService: Broadcasting onBluetoothServiceUp() to 10 receivers.
05-05 01:21:38.764  3006  4874 D BluetoothAdapter: onBluetoothServiceUp: android.bluetooth.IBluetooth$Stub$Proxy@7ce7c11
05-05 01:21:38.764  2076  5040 D BluetoothAdapter: onBluetoothServiceUp: android.bluetooth.IBluetooth$Stub$Proxy@1cb118a
05-05 01:21:38.764  1339  1360 D BluetoothAdapter: onBluetoothServiceUp: android.bluetooth.IBluetooth$Stub$Proxy@663cc7f
05-05 01:21:38.764  1737 11404 D BluetoothAdapter: onBluetoothServiceUp: android.bluetooth.IBluetooth$Stub$Proxy@2aebb2d
05-05 01:21:38.764  7268  9466 D BluetoothAdapter: onBluetoothServiceUp: android.bluetooth.IBluetooth$Stub$Proxy@e08ec15
05-05 01:21:38.764  2879  3371 D BluetoothAdapter: onBluetoothServiceUp: android.bluetooth.IBluetooth$Stub$Proxy@79c914f
05-05 01:21:38.764 13870 13889 D BluetoothAdapter: onBluetoothServiceUp: com.android.bluetooth.btservice.AdapterService$AdapterServiceBinder@47b35e5
05-05 01:21:38.764 12257 12877 D BluetoothAdapter: onBluetoothServiceUp: android.bluetooth.IBluetooth$Stub$Proxy@4c89cff
05-05 01:21:38.764 11128 11879 D BluetoothAdapter: onBluetoothServiceUp: android.bluetooth.IBluetooth$Stub$Proxy@fc32ae
05-05 01:21:38.764 11557 11576 D BluetoothAdapter: onBluetoothServiceUp: android.bluetooth.IBluetooth$Stub$Proxy@5b7d8e8
05-05 01:21:38.764 13870 13891 D BluetoothAdapterService: enable() - Enable called with quiet mode status =  false
05-05 01:21:38.765 13870 13898 I AdapterState: BLE_TURNING_ON : entered 
05-05 01:21:38.765 13870 13898 D AdapterProperties: Setting state to BLE_TURNING_ON
05-05 01:21:38.765 13870 13898 D BluetoothAdapterService: updateAdapterState() - Broadcasting state BLE_TURNING_ON to 1 receivers.
05-05 01:21:38.765  1339  1360 D BluetoothManagerService: MESSAGE_BLUETOOTH_STATE_CHANGE: OFF > BLE_TURNING_ON
05-05 01:21:38.765  1339  1360 D BluetoothManagerService: Sending BLE State Change: OFF > BLE_TURNING_ON
05-05 01:21:38.767  1339  2915 D ConnectivityService: ConnectivityService NetworkRequestInfo binderDied(NetworkRequest [ TRACK_DEFAULT id=83, [ Capabilities: INTERNET&NOT_RESTRICTED&TRUSTED Uid: 10194] ], android.os.BinderProxy@a06f44c)
05-05 01:21:38.767  1339 10356 D ConnectivityService: ConnectivityService NetworkRequestInfo binderDied(NetworkRequest [ LISTEN id=84, [ Capabilities: INTERNET&NOT_RESTRICTED&TRUSTED Uid: 10194] ], android.os.BinderProxy@22d5c95)
05-05 01:21:38.767  1339  1563 D ConnectivityService: releasing NetworkRequest [ TRACK_DEFAULT id=83, [ Capabilities: INTERNET&NOT_RESTRICTED&TRUSTED Uid: 10194] ] (release request)
05-05 01:21:38.768   822   822 I Zygote  : Process 11983 exited due to signal 9 (Killed)
05-05 01:21:38.769 13870 13898 D BluetoothAdapterService: bleOnProcessStart()
05-05 01:21:38.769 13870 13898 I AdapterProperties: init(), maxConnectedAudioDevices, default=5, propertyOverlayed=5, finalValue=5
05-05 01:21:38.770   822   822 I Zygote  : Process 12669 exited due to signal 9 (Killed)
05-05 01:21:38.770 13870 13898 D BluetoothAdapterService: bleOnProcessStart() - Make Bond State Machine
05-05 01:21:38.770 13870 13898 D BluetoothBondStateMachine: make
05-05 01:21:38.771 13870 13915 I BluetoothBondStateMachine: StableState(): Entering Off State
05-05 01:21:38.774 13870 13870 I BtGatt.JNI: classInitNative(L876): classInitNative: Success!
05-05 01:21:38.775 13870 13909 I BluetoothDatabase: cacheMetadata
05-05 01:21:38.775 13870 13909 V BluetoothDatabase: cacheMetadata: found device LocalStorage
05-05 01:21:38.775 13870 13909 V BluetoothDatabase: cacheMetadata: Database is ready
05-05 01:21:38.775 13870 13870 D BtGatt.DebugUtils: handleDebugAction() action=null
05-05 01:21:38.775 13870 13870 D BluetoothAdapterService: getAdapterService() - returning com.android.bluetooth.btservice.AdapterService@f0b6b9
05-05 01:21:38.776 13870 13870 I bt_btif : get_profile_interface: id = gatt
05-05 01:21:38.776 13870 13870 D BluetoothAdapterService: getAdapterService() - returning com.android.bluetooth.btservice.AdapterService@f0b6b9
05-05 01:21:38.779 13870 13870 D BluetoothAdapterService: getAdapterService() - returning com.android.bluetooth.btservice.AdapterService@f0b6b9
05-05 01:21:38.779  1339  1765 I ActivityManager: Force stopping com.google.android.apps.podcasts appid=10212 user=0: from pid 13916
05-05 01:21:38.779  1339  1765 I ActivityManager: Killing 12098:com.google.android.apps.podcasts/u0a212 (adj 250): stop com.google.android.apps.podcasts
05-05 01:21:38.779  1339  1765 W ActivityManager: Scheduling restart of crashed service com.google.android.apps.podcasts/com.google.android.libraries.notifications.entrypoints.scheduled.ScheduledTaskService in 1000ms
05-05 01:21:38.780  1339  1765 I ActivityManager:   Force stopping service ServiceRecord{b934eb2 u0 com.google.android.apps.podcasts/com.google.android.libraries.notifications.entrypoints.scheduled.ScheduledTaskService}
05-05 01:21:38.783  2076  2076 E PhoneInterfaceManager: [PhoneIntfMgr] getCarrierPackageNamesForIntent: No UICC
05-05 01:21:38.783  2076  2076 D CarrierSvcBindHelper: No carrier app for: 0
05-05 01:21:38.784  2879  2879 D RegisteredNfcFServicesCache: Service unchanged, not updating
05-05 01:21:38.785 13870 13899 I bt_stack_manager: event_start_up_stack is bringing up the stack
05-05 01:21:38.785 13870 13899 I bt_core_module: module_start_up Starting module "btif_config_module"
05-05 01:21:38.785 13870 13899 I bt_core_module: module_start_up Started module "btif_config_module"
05-05 01:21:38.785 13870 13899 I bt_core_module: module_start_up Starting module "btsnoop_module"
05-05 01:21:38.785 13870 13899 I         : [0505/012138.785156:INFO:btsnoop.cc(207)] start_up: Snoop Logs disabled
05-05 01:21:38.785 13870 13899 I         : [0505/012138.785184:INFO:btsnoop.cc(338)] delete_btsnoop_files: Deleting snoop logs if they exist. filtered = 1
05-05 01:21:38.785 13870 13899 I         : [0505/012138.785232:INFO:btsnoop.cc(338)] delete_btsnoop_files: Deleting snoop logs if they exist. filtered = 0
05-05 01:21:38.785 13870 13899 I bt_core_module: module_start_up Started module "btsnoop_module"
05-05 01:21:38.785 13870 13899 I bt_core_module: module_start_up Starting module "hci_module"
05-05 01:21:38.785 13870 13899 I bt_hci  : hci_module_start_up
05-05 01:21:38.785 13870 13922 I         : [0505/012138.785377:INFO:message_loop_thread.cc(175)] Run: message loop starting for thread bt_hci_thread
05-05 01:21:38.785 13870 13922 I bt_hci  : hci_initialize
05-05 01:21:38.785 13870 13899 D bt_hci  : hci_module_start_up starting async portion
05-05 01:21:38.795  1339  1369 I libprocessgroup: Successfully killed process cgroup uid 10089 pid 12669 in 45ms
05-05 01:21:38.796  1339  1369 I libprocessgroup: Successfully killed process cgroup uid 10212 pid 12098 in 0ms
05-05 01:21:38.800   822   822 I Zygote  : Process 12098 exited due to signal 9 (Killed)
05-05 01:21:38.802  1339 10356 I ActivityManager: Force stopping com.google.android.apps.carrier.carrierwifi appid=10126 user=0: from pid 13924
05-05 01:21:38.802  1339 10356 I ActivityManager: Killing 12194:com.google.android.apps.carrier.carrierwifi/u0a126 (adj 955): stop com.google.android.apps.carrier.carrierwifi
05-05 01:21:38.806  2076  2076 E PhoneInterfaceManager: [PhoneIntfMgr] getCarrierPackageNamesForIntent: No UICC
05-05 01:21:38.806  2076  2076 D CarrierSvcBindHelper: No carrier app for: 0
05-05 01:21:38.808  2879  2879 D RegisteredNfcFServicesCache: Service unchanged, not updating
05-05 01:21:38.812  1339  1369 I libprocessgroup: Successfully killed process cgroup uid 10126 pid 12194 in 9ms
05-05 01:21:38.822   822   822 I Zygote  : Process 12194 exited due to signal 9 (Killed)
05-05 01:21:38.828  1339 10356 I ActivityManager: Force stopping com.qualcomm.qti.telephonyservice appid=1001 user=0: from pid 13928
05-05 01:21:38.831  2076  2076 E PhoneInterfaceManager: [PhoneIntfMgr] getCarrierPackageNamesForIntent: No UICC
05-05 01:21:38.831  2076  2076 D CarrierSvcBindHelper: No carrier app for: 0
05-05 01:21:38.834  2879  2879 D RegisteredNfcFServicesCache: Service unchanged, not updating
05-05 01:21:38.849   835   835 D vendor.qti.bluetooth@1.0-power_manager: SetPower: enable: 0
05-05 01:21:38.849   835   835 E vendor.qti.bluetooth@1.0-power_manager: 
05-05 01:21:38.849   835   835 E vendor.qti.bluetooth@1.0-power_manager: bt_power_cherokee enable  (0)
05-05 01:21:38.849   835   835 W vendor.qti.bluetooth@1.0-data_handler: controller Cleanup done
05-05 01:21:38.849   835   835 I vendor.qti.bluetooth@1.0-data_handler: DataHandler:: joined Init thread 
05-05 01:21:38.849   835   835 D vendor.qti.bluetooth@1.0-wake_lock: CleanUp wakelock is destroyed 
05-05 01:21:38.849   835   835 W vendor.qti.bluetooth@1.0-bluetooth_hci: BluetoothHci::close, finish cleanup
05-05 01:21:38.850 13870 13922 I bt_hci  : hci_initialize: IBluetoothHci::getService() returned 0x789594f640 (remote)
05-05 01:21:38.850   835   835 W vendor.qti.bluetooth@1.0-bluetooth_hci: BluetoothHci::initialize()
05-05 01:21:38.850   835   835 W vendor.qti.bluetooth@1.0-data_handler: DataHandler:: Init()
05-05 01:21:38.850   835   835 W vendor.qti.bluetooth@1.0-data_handler: vendor.qcom.bluetooth.soc set to cherokee
05-05 01:21:38.850   835   835 I vendor.qti.bluetooth@1.0-data_handler: data_service_setup_sighandler: Entry
05-05 01:21:38.850   835   835 D vendor.qti.bluetooth@1.0-data_handler: isProtocolAdded:
05-05 01:21:38.850   835   835 I vendor.qti.bluetooth@1.0-data_handler: isProtocolAdded: status:0
05-05 01:21:38.850   835   835 I vendor.qti.bluetooth@1.0-data_handler: Open init_status 0 
05-05 01:21:38.850   835   835 D vendor.qti.bluetooth@1.0-wake_lock: Init wakelock is initiated 
05-05 01:21:38.851   835 13935 I vendor.qti.bluetooth@1.0-uart_controller: soc need reload patch = 1
05-05 01:21:38.851   835 13935 D vendor.qti.bluetooth@1.0-power_manager: SetPower: enable: 0
05-05 01:21:38.851   835 13935 E vendor.qti.bluetooth@1.0-power_manager: 
05-05 01:21:38.851   835 13935 E vendor.qti.bluetooth@1.0-power_manager: bt_power_cherokee enable  (0)
05-05 01:21:38.851   835 13935 D vendor.qti.bluetooth@1.0-power_manager: SetPower: enable: 1
05-05 01:21:38.851   835 13935 E vendor.qti.bluetooth@1.0-power_manager: 
05-05 01:21:38.851   835 13935 E vendor.qti.bluetooth@1.0-power_manager: bt_power_cherokee enable  (1)
05-05 01:21:38.852   835 13935 D vendor.qti.bluetooth@1.0-uart_transport: Init:> soc_type: 3, need_reload: 1
05-05 01:21:38.852   835 13935 D vendor.qti.bluetooth@1.0-uart_transport: CleanUp:> soc_type: 3, need_reload: 1
05-05 01:21:38.852   835 13935 D vendor.qti.bluetooth@1.0-uart_transport: userial clock off
05-05 01:21:38.855  1339  1897 I ActivityManager: Force stopping com.android.keychain appid=1000 user=0: from pid 13932
05-05 01:21:38.855  1339  1897 I ActivityManager: Killing 11631:com.android.keychain/1000 (adj 965): stop com.android.keychain
05-05 01:21:38.859  2076  2076 E PhoneInterfaceManager: [PhoneIntfMgr] getCarrierPackageNamesForIntent: No UICC
05-05 01:21:38.859  2076  2076 D CarrierSvcBindHelper: No carrier app for: 0
05-05 01:21:38.862   835 13935 I vendor.qti.bluetooth@1.0-uart_transport: InitTransport: opening /dev/ttyHS0
05-05 01:21:38.862   835 13935 D vendor.qti.bluetooth@1.0-uart_transport: userial clock on
05-05 01:21:38.862   835 13935 I vendor.qti.bluetooth@1.0-uart_transport: GetBaudRate: Current Baudrate = 2400 bps
05-05 01:21:38.862   835 13935 I vendor.qti.bluetooth@1.0-uart_transport: InitTransport: device fd = 7 open @2400 bps
05-05 01:21:38.863  2879  2879 D RegisteredNfcFServicesCache: Service unchanged, not updating
05-05 01:21:38.864  1339  1369 I libprocessgroup: Successfully killed process cgroup uid 1000 pid 11631 in 8ms
05-05 01:21:38.878   822   822 I Zygote  : Process 11631 exited due to signal 9 (Killed)
05-05 01:21:38.879  1339  7307 I ActivityManager: Force stopping com.google.android.partnersetup appid=10116 user=0: from pid 13939
05-05 01:21:38.879  1339  7307 I ActivityManager: Killing 11645:com.google.android.partnersetup/u0a116 (adj 925): stop com.google.android.partnersetup
05-05 01:21:38.884  2076  2076 E PhoneInterfaceManager: [PhoneIntfMgr] getCarrierPackageNamesForIntent: No UICC
05-05 01:21:38.884  2076  2076 D CarrierSvcBindHelper: No carrier app for: 0
05-05 01:21:38.886  2879  2879 D RegisteredNfcFServicesCache: Service unchanged, not updating
05-05 01:21:38.887   835 13935 I vendor.qti.bluetooth@1.0-uart_transport: CleanUp:send out shutdown signal
05-05 01:21:38.887   835 13935 D vendor.qti.bluetooth@1.0-uart_transport: userial clock off
05-05 01:21:38.888   835 13935 I vendor.qti.bluetooth@1.0-uart_transport: DeInitTransport: Transport is being closed!
05-05 01:21:38.901   822   822 I Zygote  : Process 11645 exited due to signal 9 (Killed)
05-05 01:21:38.904  1339 10356 I ActivityManager: Force stopping com.android.phone appid=1001 user=0: from pid 13943
05-05 01:21:38.907  2076  2076 E PhoneInterfaceManager: [PhoneIntfMgr] getCarrierPackageNamesForIntent: No UICC
05-05 01:21:38.907  2076  2076 D CarrierSvcBindHelper: No carrier app for: 0
05-05 01:21:38.912  2879  2879 D RegisteredNfcFServicesCache: Service unchanged, not updating
05-05 01:21:38.920  1339  1369 I libprocessgroup: Successfully killed process cgroup uid 10116 pid 11645 in 40ms
05-05 01:21:38.930  1339  1897 I ActivityManager: Force stopping com.android.nfc appid=1027 user=0: from pid 13948
05-05 01:21:38.933  2076  2076 E PhoneInterfaceManager: [PhoneIntfMgr] getCarrierPackageNamesForIntent: No UICC
05-05 01:21:38.933  2076  2076 D CarrierSvcBindHelper: No carrier app for: 0
05-05 01:21:38.936  2879  2879 D RegisteredNfcFServicesCache: Service unchanged, not updating
05-05 01:21:38.955  1339 10356 I ActivityManager: Force stopping com.breel.wallpapers19 appid=10178 user=0: from pid 13952
05-05 01:21:38.956  1339 10356 I ActivityManager: Killing 11218:com.breel.wallpapers19/u0a178 (adj 100): stop com.breel.wallpapers19
05-05 01:21:38.956  1339 10356 W ActivityManager: Scheduling restart of crashed service com.breel.wallpapers19/.doodle.wallpaper.variations.DoodleWallpaperV1 in 1000ms
05-05 01:21:38.957  1339 10356 I ActivityManager:   Force stopping service ServiceRecord{21ef829 u0 com.breel.wallpapers19/.doodle.wallpaper.variations.DoodleWallpaperV1}
