05-05 01:21:38.957  1339  1339 W WallpaperManagerService: Wallpaper service gone: ComponentInfo{com.breel.wallpapers19/com.breel.wallpapers19.doodle.wallpaper.variations.DoodleWallpaperV1}
05-05 01:21:38.961  2076  2076 E PhoneInterfaceManager: [PhoneIntfMgr] getCarrierPackageNamesForIntent: No UICC
05-05 01:21:38.961  2076  2076 D CarrierSvcBindHelper: No carrier app for: 0
05-05 01:21:38.961  1339  1366 W WallpaperManagerService: Wallpaper uninstalled, removing: ComponentInfo{com.breel.wallpapers19/com.breel.wallpapers19.doodle.wallpaper.variations.DoodleWallpaperV1}
05-05 01:21:38.961  1339  1366 V WallpaperManagerService: bindWallpaperComponentLocked: componentName=null
05-05 01:21:38.966  2879  2879 D RegisteredNfcFServicesCache: Service unchanged, not updating
05-05 01:21:38.981   620 12942 I SDM     : HWCDisplay::SetActiveConfig: Active configuration changed to: 1
05-05 01:21:38.988  1339  1528 W InputDispatcher: channel '84cf49d com.breel.wallpapers19.doodle.wallpaper.variations.DoodleWallpaperV1 (server)' ~ Consumer closed input channel or an error occurred.  events=0x9
05-05 01:21:38.988  1339  1528 E InputDispatcher: channel '84cf49d com.breel.wallpapers19.doodle.wallpaper.variations.DoodleWallpaperV1 (server)' ~ Channel is unrecoverably broken and will be disposed!
05-05 01:21:38.988 11467 11902 W Oslo/OsloService: OsloService client binder died
05-05 01:21:38.988  1339  1897 I WindowManager: WIN DEATH: Window{84cf49d u0 com.breel.wallpapers19.doodle.wallpaper.variations.DoodleWallpaperV1}
05-05 01:21:38.988  1339  1897 W InputDispatcher: Attempted to unregister already unregistered input channel '84cf49d com.breel.wallpapers19.doodle.wallpaper.variations.DoodleWallpaperV1 (server)'
05-05 01:21:38.988 11467 11902 W Oslo/OsloService: OsloService client binder died
05-05 01:21:38.988 11467 11902 I chatty  : uid=10112(com.google.oslo) identical 1 line
05-05 01:21:38.988 11467 11902 W Oslo/OsloService: OsloService client binder died
05-05 01:21:38.988 11467 11467 D Oslo/OsloMetrics: log flick echo client com.breel.wallpapers19.view.controller.OsloController gesture 2 register false
05-05 01:21:38.988 11467 11467 D Oslo/OsloMetrics: Unregister, registered count 5 unregistered count 5 timestamp 593642 elapsed duration 4439
05-05 01:21:38.988   835 13935 I vendor.qti.bluetooth@1.0-uart_transport: InitTransport: opening /dev/ttyHS0
05-05 01:21:38.989  1066  1066 W imsdatadaemon: type=1400 audit(0.0:1684): avc: denied { read write } for name="diag" dev="tmpfs" ino=29302 scontext=u:r:ims:s0 tcontext=u:object_r:diag_device:s0 tclass=chr_file permissive=0
05-05 01:21:38.989  1066  1066 W imsdatadaemon: type=1400 audit(0.0:1685): avc: denied { read write } for name="diag" dev="tmpfs" ino=29302 scontext=u:r:ims:s0 tcontext=u:object_r:diag_device:s0 tclass=chr_file permissive=0
05-05 01:21:38.989 11467 11467 D Oslo/OsloMetrics: log reach echo client com.breel.wallpapers19.view.controller.OsloController gesture 5 register false
05-05 01:21:38.989 11467 11467 D Oslo/OsloMetrics: Unregister, registered count 5 unregistered count 5 timestamp 593642 elapsed duration 4436
05-05 01:21:38.989 11467 11467 D Oslo/OsloMetrics: log flick client com.breel.wallpapers19.view.controller.OsloController gesture 1 register false
05-05 01:21:38.989 11467 11467 D Oslo/OsloMetrics: Unregister, registered count 5 unregistered count 5 timestamp 593642 elapsed duration 4436
05-05 01:21:38.989 11467 11467 D Oslo/OsloMetrics: log reach client com.breel.wallpapers19.view.controller.OsloController gesture 4 register false
05-05 01:21:38.989 11467 11467 D Oslo/OsloMetrics: Unregister, registered count 5 unregistered count 5 timestamp 593643 elapsed duration 4435
05-05 01:21:38.990   853   853 I sensors-hal: [hal]activate_physical_sensor:188, android.sensor.gyroscope/41 en=0
05-05 01:21:38.991  1066  1066 D Diag_Lib:  Diag_LSM_Init: Failed to open handle to diag driver, error = 13
05-05 01:21:38.991  1339  1361 I DisplayManagerService: Display device changed: DisplayDeviceInfo{"": uniqueId="local:19261132550654593", 1080 x 2280, modeId 1, defaultModeId 2, supportedModes [{id=1, width=1080, height=2280, fps=90.0}, {id=2, width=1080, height=2280, fps=60.000004}], colorMode 0, supportedColorModes [0, 7, 9], HdrCapabilities android.view.Display$HdrCapabilities@413e3a39, density 440, 442.451 x 445.476 dpi, appVsyncOff 2000000, presDeadline 11111111, touch INTERNAL, rotation 0, type BUILT_IN, address {port=129, model=0x446de5e3a74a}, state ON, FLAG_DEFAULT_DISPLAY, FLAG_ROTATES_WITH_CONTENT, FLAG_SECURE, FLAG_SUPPORTS_PROTECTED_BUFFERS}
05-05 01:21:38.991  1066  1066 E Diag_Lib: qpLogDiagInit <== result : 0
05-05 01:21:38.991  1066  1066 E Diag_Lib: DATAD : gIsQXDMDisabled 0, gIsADBDisabled 1, gIsDebugDisabled 0, gIsIMSLogsDisabled 0
05-05 01:21:38.992  1066  1066 W imsdatadaemon: type=1400 audit(0.0:1686): avc: denied { read write } for name="diag" dev="tmpfs" ino=29302 scontext=u:r:ims:s0 tcontext=u:object_r:diag_device:s0 tclass=chr_file permissive=0
05-05 01:21:38.992  1066  1066 I chatty  : uid=1001(radio) imsdatadaemon identical 1 line
05-05 01:21:38.992  1066  1066 W imsdatadaemon: type=1400 audit(0.0:1688): avc: denied { read write } for name="diag" dev="tmpfs" ino=29302 scontext=u:r:ims:s0 tcontext=u:object_r:diag_device:s0 tclass=chr_file permissive=0
05-05 01:21:38.992   822   822 D Zygote  : Forked child process 13957
05-05 01:21:38.992  1066  1066 D Diag_Lib:  Diag_LSM_Init: Failed to open handle to diag driver, error = 13
05-05 01:21:38.992   822   822 I Zygote  : Process 11218 exited due to signal 9 (Killed)
05-05 01:21:38.992  1066  1066 E Diag_Lib: qpLogDiagInit <== result : 0
05-05 01:21:38.992  1066  1066 E Diag_Lib: DATAD : gIsQXDMDisabled 0, gIsADBDisabled 1, gIsDebugDisabled 0, gIsIMSLogsDisabled 0
05-05 01:21:38.992  1339 10356 E InputDispatcher: Window handle Window{84cf49d u0 com.breel.wallpapers19.doodle.wallpaper.variations.DoodleWallpaperV1} has no registered input channel
05-05 01:21:38.994   835 13935 D vendor.qti.bluetooth@1.0-uart_transport: userial clock on
05-05 01:21:38.994   835 13935 I vendor.qti.bluetooth@1.0-uart_transport: GetBaudRate: Current Baudrate = 115200 bps
05-05 01:21:38.994   835 13935 I vendor.qti.bluetooth@1.0-uart_transport: InitTransport: device fd = 7 open @115200 bps
05-05 01:21:38.994  1066  1066 D Diag_Lib:  Diag_LSM_Init: Failed to open handle to diag driver, error = 13
05-05 01:21:38.995  1066  1066 E Diag_Lib: qpLogDiagInit <== result : 0
05-05 01:21:38.995   835 13935 I vendor.qti.bluetooth@1.0-uart_transport: Init:send out poweron signal
05-05 01:21:38.995  1066  1066 E Diag_Lib: DATAD : gIsQXDMDisabled 0, gIsADBDisabled 1, gIsDebugDisabled 0, gIsIMSLogsDisabled 0
05-05 01:21:38.995   835 13935 D vendor.qti.bluetooth@1.0-uart_transport: userial clock off
05-05 01:21:38.995  1066  1066 D Diag_Lib:  Diag_LSM_Init: Failed to open handle to diag driver, error = 13
05-05 01:21:38.995  1066  1066 E Diag_Lib: qpLogDiagInit <== result : 0
05-05 01:21:38.995   835 13935 I vendor.qti.bluetooth@1.0-uart_transport: DeInitTransport: Transport is being closed!
05-05 01:21:38.995  1066  1066 E Diag_Lib: DATAD : gIsQXDMDisabled 0, gIsADBDisabled 1, gIsDebugDisabled 0, gIsIMSLogsDisabled 0
05-05 01:21:38.995   835 13935 I vendor.qti.bluetooth@1.0-uart_transport: InitTransport: opening /dev/ttyHS0
05-05 01:21:38.995   835 13935 D vendor.qti.bluetooth@1.0-uart_transport: userial clock on
05-05 01:21:38.995   835 13935 I vendor.qti.bluetooth@1.0-uart_transport: InitTransport: HW flow control enabled
05-05 01:21:38.995   835 13935 I vendor.qti.bluetooth@1.0-uart_transport: GetBaudRate: Current Baudrate = 115200 bps
05-05 01:21:38.995   835 13935 I vendor.qti.bluetooth@1.0-uart_transport: InitTransport: device fd = 7 open @115200 bps
05-05 01:21:38.995   835 13935 D vendor.qti.bluetooth@1.0-uart_transport: userial clock off
05-05 01:21:38.996  1066  1066 D Diag_Lib:  Diag_LSM_Init: Failed to open handle to diag driver, error = 13
05-05 01:21:38.996  1066  1066 E Diag_Lib: qpLogDiagInit <== result : 0
05-05 01:21:38.996  1066  1066 E Diag_Lib: DATAD : gIsQXDMDisabled 0, gIsADBDisabled 1, gIsDebugDisabled 0, gIsIMSLogsDisabled 0
05-05 01:21:38.996  1066  1066 D Diag_Lib:  Diag_LSM_Init: Failed to open handle to diag driver, error = 13
05-05 01:21:38.996  1066  1066 E Diag_Lib: qpLogDiagInit <== result : 0
05-05 01:21:38.996  1066  1066 E Diag_Lib: DATAD : gIsQXDMDisabled 0, gIsADBDisabled 1, gIsDebugDisabled 0, gIsIMSLogsDisabled 0
05-05 01:21:38.996   853   853 I sensors-hal: [hal]activate_physical_sensor:199, android.sensor.gyroscope/41 en=0 completed
05-05 01:21:38.996  1339  1368 I ActivityManager: Start proc 13957:com.breel.wallpapers19/u0a178 for service {com.breel.wallpapers19/com.breel.wallpapers19.doodle.wallpaper.variations.DoodleWallpaperV1}
05-05 01:21:39.000 13957 13957 E el.wallpapers1: Not starting debugger since process cannot load the jdwp agent.
05-05 01:21:39.001  1339 10356 I ActivityManager: Force stopping com.google.android.cbrsnetworkmonitor appid=10218 user=0: from pid 13956
05-05 01:21:39.001  1339  1369 I libprocessgroup: Successfully killed process cgroup uid 10178 pid 11218 in 45ms
05-05 01:21:39.002  2076  2076 E PhoneInterfaceManager: [PhoneIntfMgr] getCarrierPackageNamesForIntent: No UICC
05-05 01:21:39.003  2076  2076 D CarrierSvcBindHelper: No carrier app for: 0
05-05 01:21:39.007  2879  2879 D RegisteredNfcFServicesCache: Service unchanged, not updating
05-05 01:21:39.018 13957 13957 I el.wallpapers1: The ClassLoaderContext is a special shared library.
05-05 01:21:39.026  1339 10356 I ActivityManager: Force stopping com.google.oslo appid=10112 user=0: from pid 13979
05-05 01:21:39.027  1339 10356 I ActivityManager: Killing 11467:com.google.oslo/u0a112 (adj 100): stop com.google.oslo
05-05 01:21:39.027  1339 10356 W ActivityManager: Scheduling restart of crashed service com.google.oslo/.service.OsloService in 1000ms
05-05 01:21:39.027  1339 10356 I ActivityManager:   Force stopping service ServiceRecord{5563026 u0 com.google.oslo/.service.OsloService}
05-05 01:21:39.028 13957 13957 I WallpaperService: service created
05-05 01:21:39.029  2076  2076 E PhoneInterfaceManager: [PhoneIntfMgr] getCarrierPackageNamesForIntent: No UICC
05-05 01:21:39.029  2076  2076 D CarrierSvcBindHelper: No carrier app for: 0
05-05 01:21:39.033  2879  2879 D RegisteredNfcFServicesCache: Service unchanged, not updating
05-05 01:21:39.037   822   822 D Zygote  : Forked child process 13984
05-05 01:21:39.042  1339  1368 I ActivityManager: Start proc 13984:com.google.oslo/u0a112 for service {com.google.oslo/com.google.oslo.service.OsloService}
05-05 01:21:39.043  1339  1369 I libprocessgroup: Successfully killed process cgroup uid 10112 pid 11467 in 15ms
05-05 01:21:39.045  1339  8849 W AudioService.PlaybackActivityMonitor: client died
05-05 01:21:39.046  1339  6148 D ContextHubClientManager: Unregistered client with host endpoint ID 13
05-05 01:21:39.046  1339  8849 D ContextHubClientManager: Unregistered client with host endpoint ID 14
05-05 01:21:39.046  1339  2906 D ContextHubClientManager: Unregistered client with host endpoint ID 12
05-05 01:21:39.046  1339  8849 D ContextHubClientManager: Unregistered client with host endpoint ID 16
05-05 01:21:39.046  1339  6148 D ContextHubClientManager: Unregistered client with host endpoint ID 17
05-05 01:21:39.046  1339  2906 D ContextHubClientManager: Unregistered client with host endpoint ID 18
05-05 01:21:39.046  1339  1576 D ContextHubClientManager: Unregistered client with host endpoint ID 15
05-05 01:21:39.046   822   822 I Zygote  : Process 11467 exited due to signal 9 (Killed)
05-05 01:21:39.047 13957 13957 I WallpaperService: engine surface created
05-05 01:21:39.047 13984 13984 E com.google.osl: Not starting debugger since process cannot load the jdwp agent.
05-05 01:21:39.050  1339  2934 I ActivityManager: Force stopping com.google.android.apps.nexuslauncher appid=10156 user=0: from pid 13990
05-05 01:21:39.050  1339  2934 I ActivityManager: Killing 11406:com.google.android.apps.nexuslauncher/u0a156 (adj 0): stop com.google.android.apps.nexuslauncher
05-05 01:21:39.052  1339  2934 W ActivityManager: Scheduling restart of crashed service com.google.android.apps.nexuslauncher/com.android.launcher3.notification.NotificationListener in 1000ms
05-05 01:21:39.052  1339  2934 W ActivityManager: Scheduling restart of crashed service com.google.android.apps.nexuslauncher/com.android.quickstep.TouchInteractionService in 11000ms
05-05 01:21:39.053  1339  2934 W ActivityTaskManager: Force removing ActivityRecord{4a9251 u0 com.google.android.apps.nexuslauncher/.NexusLauncherActivity t411 f}: app died, no saved state
05-05 01:21:39.061  1339  1528 W InputDispatcher: channel 'recents_animation_input_consumer (server)' ~ Consumer closed input channel or an error occurred.  events=0x9
05-05 01:21:39.061  1339  1528 E InputDispatcher: channel 'recents_animation_input_consumer (server)' ~ Channel is unrecoverably broken and will be disposed!
05-05 01:21:39.066  1339  2934 I ActivityTaskManager: START u0 {act=android.intent.action.MAIN cat=[android.intent.category.HOME] flg=0x10000100 cmp=com.google.android.apps.nexuslauncher/.NexusLauncherActivity} from uid 0
05-05 01:21:39.067   851   851 D android.hardware.power@1.3-service.pixel-libperfmgr: LAUNCH: 1
05-05 01:21:39.069  1339  8849 W WindowManager: Failed looking up window callers=com.android.server.wm.WindowManagerService.windowForClientLocked:5302 com.android.server.wm.WindowManagerService.relayoutWindow:2004 com.android.server.wm.Session.relayout:194 
05-05 01:21:39.073  1339  5872 D NotificationListeners: Removing active service ComponentInfo{com.google.android.apps.nexuslauncher/com.android.launcher3.notification.NotificationListener}
05-05 01:21:39.073  1339  1339 V NotificationListeners: 0 notification listener connection lost: ComponentInfo{com.google.android.apps.nexuslauncher/com.android.launcher3.notification.NotificationListener}
05-05 01:21:39.074   822   822 I Zygote  : Process 11406 exited due to signal 9 (Killed)
05-05 01:21:39.075  1339  7466 W InputDispatcher: Attempted to unregister already unregistered input channel 'recents_animation_input_consumer (server)'
05-05 01:21:39.075  1339  2934 I ActivityTaskManager:   Force finishing activity ActivityRecord{d34837 u0 com.google.android.apps.nexuslauncher/.NexusLauncherActivity t416}
05-05 01:21:39.076  1339  1369 I libprocessgroup: Successfully killed process cgroup uid 10156 pid 11406 in 25ms
05-05 01:21:39.076  1339  2934 I ActivityTaskManager: START u0 {act=android.intent.action.MAIN cat=[android.intent.category.HOME] flg=0x10000100 cmp=com.google.android.apps.nexuslauncher/.NexusLauncherActivity} from uid 0
05-05 01:21:39.077   851   851 D android.hardware.power@1.3-service.pixel-libperfmgr: LAUNCH: 1
05-05 01:21:39.079  1339  1362 W WindowManager: Attempted to add application window with unknown token Token{b80b1a4 ActivityRecord{d34837 u0 com.google.android.apps.nexuslauncher/.NexusLauncherActivity t-1 f}}.  Aborting.
05-05 01:21:39.079  1339  2934 I ActivityManager:   Force stopping service ServiceRecord{56d048f u0 com.google.android.apps.nexuslauncher/com.android.quickstep.TouchInteractionService}
05-05 01:21:39.079  1339  2934 I ActivityManager:   Force stopping service ServiceRecord{d7ec1c4 u0 com.google.android.apps.nexuslauncher/com.android.launcher3.notification.NotificationListener}
05-05 01:21:39.079  1339  1339 W NotificationListeners: 0 notification listener binding died: ComponentInfo{com.google.android.apps.nexuslauncher/com.android.launcher3.notification.NotificationListener}
05-05 01:21:39.079  1339  1362 W WindowManager: Token{b80b1a4 ActivityRecord{d34837 u0 com.google.android.apps.nexuslauncher/.NexusLauncherActivity t-1 f}} already running, starting window not displayed. Unable to add window -- token Token{b80b1a4 ActivityRecord{d34837 u0 com.google.android.apps.nexuslauncher/.NexusLauncherActivity t-1 f}} is not valid; is your activity running?
05-05 01:21:39.079  1339  1362 W WindowManager: view not successfully added to wm, removing view
05-05 01:21:39.080  3006  3006 E wo.OverlayController: Error notfying client
05-05 01:21:39.083  1339  1339 V NotificationListeners: onNullBinding() called with: name = [ComponentInfo{com.google.android.apps.nexuslauncher/com.android.launcher3.notification.NotificationListener}]
05-05 01:21:39.085  1339  1339 V NotificationListeners: enabling notification listener for 0: ComponentInfo{com.google.android.apps.nexuslauncher/com.android.launcher3.notification.NotificationListener}
05-05 01:21:39.089  2076  2076 E PhoneInterfaceManager: [PhoneIntfMgr] getCarrierPackageNamesForIntent: No UICC
05-05 01:21:39.089  2076  2076 D CarrierSvcBindHelper: No carrier app for: 0
05-05 01:21:39.090  1339  1339 V NotificationListeners: binding: Intent { act=android.service.notification.NotificationListenerService cmp=com.google.android.apps.nexuslauncher/com.android.launcher3.notification.NotificationListener (has extras) }
05-05 01:21:39.093  1339  1339 V NotificationListeners: enabling notification listener for 0: ComponentInfo{com.google.android.as/com.google.android.apps.miphone.aiai.common.notification.service.AiAiNotificationListenerService}
05-05 01:21:39.093  1339  1339 V NotificationListeners: Not registering ComponentInfo{com.google.android.as/com.google.android.apps.miphone.aiai.common.notification.service.AiAiNotificationListenerService} is already bound
05-05 01:21:39.095   835 13935 D vendor.qti.bluetooth@1.0-patch_dl_manager: PatchDLManager
05-05 01:21:39.095   835 13935 D vendor.qti.bluetooth@1.0-ibs_handler: IbsHandler
05-05 01:21:39.095   835 13935 D vendor.qti.bluetooth@1.0-ibs_handler: InitInt: tty_fd = 7
05-05 01:21:39.095   835 13935 D vendor.qti.bluetooth@1.0-bluetooth_address: GetLocalAddress: Got Factory BDA F0:5C:77:D8:72:BC
05-05 01:21:39.095   835 13935 I vendor.qti.bluetooth@1.0-uart_transport: ## userial_vendor_ioctl: UART Flow On 
05-05 01:21:39.095   835 13935 I vendor.qti.bluetooth@1.0-patch_dl_manager:  SocInit 
05-05 01:21:39.095   835 13935 I vendor.qti.bluetooth@1.0-patch_dl_manager: SocInit: reserved param
05-05 01:21:39.095   835 13935 E vendor.qti.bluetooth@1.0-patch_dl_manager: PatchVerReq:
05-05 01:21:39.095   835 13935 E vendor.qti.bluetooth@1.0-patch_dl_manager: HciSendVsCmd: Send cmd = 19
05-05 01:21:39.095   835 13935 E vendor.qti.bluetooth@1.0-patch_dl_manager: HciSendVsCmd: Wait for evt, cmd = 19
05-05 01:21:39.095  1339  1361 W ActivityManager: setHasOverlayUi called on unknown pid: 11406
05-05 01:21:39.098  3006  3404 I MicroDetectionState: Should stop hotword detection immediately - false
05-05 01:21:39.100   835 13935 I vendor.qti.bluetooth@1.0-patch_dl_manager: 	 Current Product ID		: 0x0000000a
05-05 01:21:39.100   835 13935 I vendor.qti.bluetooth@1.0-patch_dl_manager: 	 Current Patch Version		: 0x6699
05-05 01:21:39.100   835 13935 I vendor.qti.bluetooth@1.0-patch_dl_manager: 	 Current ROM Build Version	: 0x1001
05-05 01:21:39.100   835 13935 I vendor.qti.bluetooth@1.0-patch_dl_manager: 	 Current SOC Version		: 0x40010224
05-05 01:21:39.100   835 13935 E vendor.qti.bluetooth@1.0-patch_dl_manager: Failed to dump SOC version info. Errno:2
05-05 01:21:39.100   835 13935 E vendor.qti.bluetooth@1.0-power_manager: 
05-05 01:21:39.100   835 13935 E vendor.qti.bluetooth@1.0-power_manager: bt soc version  (1073807908)
05-05 01:21:39.100   835 13935 E vendor.qti.bluetooth@1.0-patch_dl_manager: HciSendVsCmd: Recv evt for cmd = 19
05-05 01:21:39.100   835 13935 E vendor.qti.bluetooth@1.0-patch_dl_manager: PatchVerReq: rsp[CMD_RSP_OFFSET] = 0 ,  rsp[RSP_TYPE_OFFSET] = 2
05-05 01:21:39.100   835 13935 D vendor.qti.bluetooth@1.0-patch_dl_manager: ReadHciEvent: Expected CC
05-05 01:21:39.100   835 13935 I vendor.qti.bluetooth@1.0-patch_dl_manager: SocInit: Chipset Version (0x40a20234)
05-05 01:21:39.100   835 13935 I vendor.qti.bluetooth@1.0-uart_transport: ## userial_vendor_ioctl: UART Flow Off 
05-05 01:21:39.101  2879  2879 D RegisteredNfcFServicesCache: Service unchanged, not updating
05-05 01:21:39.104  2861  2861 I GsaVoiceInteractionSrv: Handling ACTION_STOP_DSP_HOTWORD
05-05 01:21:39.105   833  1083 D SoundTriggerHAL: +stdev_stop_recognition sound model 0+
05-05 01:21:39.105   833  1083 D SoundTriggerHAL: dereg_hal_event_session: ST_EVENT_SESSION_DEREGISTER capture_handle 70 model 0xe711905c
05-05 01:21:39.105   833  1083 V SoundTriggerHALUtil: +tear_hotword_route bargein 0+
05-05 01:21:39.106  1339  2648 I ActivityManager: Force stopping com.google.android.permissioncontroller appid=10082 user=0: from pid 14009
05-05 01:21:39.106  1339  2648 I ActivityManager: Killing 11685:com.google.android.permissioncontroller/u0a82 (adj 925): stop com.google.android.permissioncontroller
05-05 01:21:39.107 13984 13984 D ApplicationLoaders: Returning zygote-cached class loader: /system/framework/android.hidl.base-V1.0-java.jar
05-05 01:21:39.107 13984 13984 D ApplicationLoaders: Returning zygote-cached class loader: /system/framework/android.hidl.manager-V1.0-java.jar
05-05 01:21:39.107 13984 13984 D ApplicationLoaders: Returning zygote-cached class loader: /system/framework/android.hidl.base-V1.0-java.jar
05-05 01:21:39.109 13984 13984 I com.google.osl: The ClassLoaderContext is a special shared library.
05-05 01:21:39.111  3006  3580 I PBSessionCacheImpl: Deleted sessionId[13222116424695326] from persistence.
05-05 01:21:39.115  1339  1369 I libprocessgroup: Successfully killed process cgroup uid 10082 pid 11685 in 0ms
05-05 01:21:39.117   833  1083 V SoundTriggerHALUtil: -tear_hotword_route-
05-05 01:21:39.117   833  1083 V SoundTriggerHALUtil: +tear_hotword_state+ current 1
05-05 01:21:39.120  2076  2076 E PhoneInterfaceManager: [PhoneIntfMgr] getCarrierPackageNamesForIntent: No UICC
05-05 01:21:39.120  2076  2076 D CarrierSvcBindHelper: No carrier app for: 0
05-05 01:21:39.120   835 13935 I vendor.qti.bluetooth@1.0-uart_transport: ## userial_vendor_set_baud: 17
05-05 01:21:39.120   835 13935 I vendor.qti.bluetooth@1.0-uart_transport: SetBaudRate: in BOTHER
05-05 01:21:39.120   835 13935 I vendor.qti.bluetooth@1.0-uart_transport: GetBaudRate: Current Baudrate = 3200000 bps
05-05 01:21:39.120   835 13935 I vendor.qti.bluetooth@1.0-uart_transport: ## userial_vendor_ioctl: UART Flow On 
05-05 01:21:39.120   835 13935 D vendor.qti.bluetooth@1.0-patch_dl_manager: ReadHciEvent: Expected CC
05-05 01:21:39.120   835 13935 I vendor.qti.bluetooth@1.0-patch_dl_manager: SocInit: Baud rate changed successfully 
05-05 01:21:39.120   835 13935 E vendor.qti.bluetooth@1.0-patch_dl_manager: /bt_firmware/image/crbtfw21.tlv File Open Fail
05-05 01:21:39.120   835 13935 I vendor.qti.bluetooth@1.0-patch_dl_manager: File open /vendor/firmware/crbtfw21.tlv succeded
05-05 01:21:39.120   835 13935 I vendor.qti.bluetooth@1.0-patch_dl_manager: ====================================================
05-05 01:21:39.120   835 13935 I vendor.qti.bluetooth@1.0-patch_dl_manager: TLV Type			 : 0x1
05-05 01:21:39.120   835 13935 I vendor.qti.bluetooth@1.0-patch_dl_manager: Length			 : 218704 bytes
05-05 01:21:39.120   835 13935 I vendor.qti.bluetooth@1.0-patch_dl_manager: Total Length			 : 218448 bytes
05-05 01:21:39.120   835 13935 I vendor.qti.bluetooth@1.0-patch_dl_manager: Patch Data Length			 : 218424 bytes
05-05 01:21:39.120   835 13935 I vendor.qti.bluetooth@1.0-patch_dl_manager: Signing Format Version	 : 0x1
05-05 01:21:39.120   835 13935 I vendor.qti.bluetooth@1.0-patch_dl_manager: Signature Algorithm		 : 0x2
05-05 01:21:39.120   835 13935 I vendor.qti.bluetooth@1.0-patch_dl_manager: Event Handling			 : 0x3
05-05 01:21:39.120   835 13935 I vendor.qti.bluetooth@1.0-patch_dl_manager: Reserved			 : 0x0
05-05 01:21:39.120   835 13935 I vendor.qti.bluetooth@1.0-patch_dl_manager: Product ID			 : 0x000a
05-05 01:21:39.120   835 13935 I vendor.qti.bluetooth@1.0-patch_dl_manager: Rom Build Version		 : 0x0201
05-05 01:21:39.120   835 13935 I vendor.qti.bluetooth@1.0-patch_dl_manager: Patch Version		 : 0x0002
05-05 01:21:39.120   835 13935 I vendor.qti.bluetooth@1.0-patch_dl_manager: Reserved			 : 0x8000
05-05 01:21:39.120   835 13935 I vendor.qti.bluetooth@1.0-patch_dl_manager: Patch Entry Address		 : 0x209e4
05-05 01:21:39.120   835 13935 I vendor.qti.bluetooth@1.0-patch_dl_manager: ====================================================
05-05 01:21:39.120   835 13935 I vendor.qti.bluetooth@1.0-patch_dl_manager: TlvDnldReq: TLV size: 218708, Total Seg num: 900, remain size: 8
05-05 01:21:39.120   835 13935 I vendor.qti.bluetooth@1.0-patch_dl_manager: Event handling type: SKIP_EVT_VSE_CC
05-05 01:21:39.121   822   822 D Zygote  : Forked child process 14014
05-05 01:21:39.122   833  1083 V SoundTriggerHALUtil: -tear_hotword_state-
05-05 01:21:39.122   833  1083 V SoundTriggerHALUtil: +flush_model+
05-05 01:21:39.123  1339  1368 I ActivityManager: Start proc 14014:com.google.android.apps.nexuslauncher/u0a156 for service {com.google.android.apps.nexuslauncher/com.android.launcher3.notification.NotificationListener}
05-05 01:21:39.125  1339  1897 D ContextHubService: Added callback, total callbacks 3
05-05 01:21:39.126  1339  1339 V SettingsProvider: Notifying for 0: content://settings/secure/reminder_exp_learning_time_elapsed
05-05 01:21:39.127  1339  1339 V SettingsProvider: Notifying for 0: content://settings/secure/reminder_exp_learning_time_elapsed
05-05 01:21:39.129   833  1083 V SoundTriggerHALUtil: -flush_model-
05-05 01:21:39.129   833  1083 D SoundTriggerHALUtil: +destroy_hotword_package+
05-05 01:21:39.129  3006  3404 W SearchServiceCore: Abort, client detached.
05-05 01:21:39.130 14014 14014 E s.nexuslaunche: Not starting debugger since process cannot load the jdwp agent.
05-05 01:21:39.130 13957 13957 I Adreno  : QUALCOMM build                   : 9b214d0, Ibc75db1fca
05-05 01:21:39.130 13957 13957 I Adreno  : Build Date                       : 06/30/19
05-05 01:21:39.130 13957 13957 I Adreno  : OpenGL ES Shader Compiler Version: EV031.26.06.00
05-05 01:21:39.130 13957 13957 I Adreno  : Local Branch                     : AU124
05-05 01:21:39.130 13957 13957 I Adreno  : Remote Branch                    : 
05-05 01:21:39.130 13957 13957 I Adreno  : Remote Branch                    : 
05-05 01:21:39.130 13957 13957 I Adreno  : Reconstruct Branch               : 
05-05 01:21:39.130 13957 13957 I Adreno  : Build Config                     : S P 8.0.6 AArch64
05-05 01:21:39.131  2879  2879 D RegisteredNfcFServicesCache: Service unchanged, not updating
05-05 01:21:39.131  3006  3006 E OverlaySController: Failed to send status update
05-05 01:21:39.131  3006  3006 E OverlaySController: android.os.DeadObjectException
05-05 01:21:39.131  3006  3006 E OverlaySController: 	at android.os.BinderProxy.transactNative(Native Method)
05-05 01:21:39.131  3006  3006 E OverlaySController: 	at android.os.BinderProxy.transact(BinderProxy.java:511)
05-05 01:21:39.131  3006  3006 E OverlaySController: 	at com.google.android.a.a.c(SourceFile:17)
05-05 01:21:39.131  3006  3006 E OverlaySController: 	at com.google.android.libraries.u.d.a(SourceFile:7)
05-05 01:21:39.131  3006  3006 E OverlaySController: 	at com.google.android.libraries.gsa.g.b.t.a(SourceFile:45)
05-05 01:21:39.131  3006  3006 E OverlaySController: 	at com.google.android.libraries.gsa.g.b.r.handleMessage(SourceFile:31)
05-05 01:21:39.131  3006  3006 E OverlaySController: 	at com.google.android.libraries.gsa.g.b.s.handleMessage(SourceFile:4)
05-05 01:21:39.131  3006  3006 E OverlaySController: 	at android.os.Handler.dispatchMessage(Handler.java:103)
05-05 01:21:39.131  3006  3006 E OverlaySController: 	at android.os.Looper.loop(Looper.java:214)
05-05 01:21:39.131  3006  3006 E OverlaySController: 	at android.app.ActivityThread.main(ActivityThread.java:7356)
05-05 01:21:39.131  3006  3006 E OverlaySController: 	at java.lang.reflect.Method.invoke(Native Method)
05-05 01:21:39.131  3006  3006 E OverlaySController: 	at com.android.internal.os.RuntimeInit$MethodAndArgsCaller.run(RuntimeInit.java:492)
05-05 01:21:39.131  3006  3006 E OverlaySController: 	at com.android.internal.os.ZygoteInit.main(ZygoteInit.java:930)
05-05 01:21:39.132  1339 10356 W WindowManager: Failed looking up window callers=com.android.server.wm.WindowManagerService.windowForClientLocked:5302 com.android.server.wm.WindowManagerService.relayoutWindow:2004 com.android.server.wm.Session.relayout:194 
05-05 01:21:39.132   833  1083 D SoundTriggerHALUtil: -destroy_hotword_package-
05-05 01:21:39.132   833  1083 D SoundTriggerHALUtil: +tear_hotword_buffer_route 0+
05-05 01:21:39.133 13957 13957 I Adreno  : PFP: 0x016ee185, ME: 0x00000000
05-05 01:21:39.135  1339 10356 E WindowManager: Window Session Crash
05-05 01:21:39.135  1339 10356 E WindowManager: java.lang.IllegalArgumentException: Requested window android.os.BinderProxy@1f4351a does not exist
05-05 01:21:39.135  1339 10356 E WindowManager: 	at com.android.server.wm.WindowManagerService.windowForClientLocked(WindowManagerService.java:5310)
05-05 01:21:39.135  1339 10356 E WindowManager: 	at com.android.server.wm.WindowManagerService.windowForClientLocked(WindowManagerService.java:5302)
05-05 01:21:39.135  1339 10356 E WindowManager: 	at com.android.server.wm.WindowManagerService.reportSystemGestureExclusionChanged(WindowManagerService.java:3906)
05-05 01:21:39.135  1339 10356 E WindowManager: 	at com.android.server.wm.Session.reportSystemGestureExclusionChanged(Session.java:334)
05-05 01:21:39.135  1339 10356 E WindowManager: 	at android.view.IWindowSession$Stub.onTransact(IWindowSession.java:1196)
05-05 01:21:39.135  1339 10356 E WindowManager: 	at com.android.server.wm.Session.onTransact(Session.java:134)
05-05 01:21:39.135  1339 10356 E WindowManager: 	at android.os.Binder.execTransactInternal(Binder.java:1021)
05-05 01:21:39.135  1339 10356 E WindowManager: 	at android.os.Binder.execTransact(Binder.java:994)
05-05 01:21:39.135  1339 10356 W Binder  : Caught a RuntimeException from the binder stub implementation.
05-05 01:21:39.135  1339 10356 W Binder  : java.lang.IllegalArgumentException: Requested window android.os.BinderProxy@1f4351a does not exist
05-05 01:21:39.135  1339 10356 W Binder  : 	at com.android.server.wm.WindowManagerService.windowForClientLocked(WindowManagerService.java:5310)
05-05 01:21:39.135  1339 10356 W Binder  : 	at com.android.server.wm.WindowManagerService.windowForClientLocked(WindowManagerService.java:5302)
05-05 01:21:39.135  1339 10356 W Binder  : 	at com.android.server.wm.WindowManagerService.reportSystemGestureExclusionChanged(WindowManagerService.java:3906)
05-05 01:21:39.135  1339 10356 W Binder  : 	at com.android.server.wm.Session.reportSystemGestureExclusionChanged(Session.java:334)
05-05 01:21:39.135  1339 10356 W Binder  : 	at android.view.IWindowSession$Stub.onTransact(IWindowSession.java:1196)
05-05 01:21:39.135  1339 10356 W Binder  : 	at com.android.server.wm.Session.onTransact(Session.java:134)
05-05 01:21:39.135  1339 10356 W Binder  : 	at android.os.Binder.execTransactInternal(Binder.java:1021)
05-05 01:21:39.135  1339 10356 W Binder  : 	at android.os.Binder.execTransact(Binder.java:994)
05-05 01:21:39.136  1339  2648 W WindowManager: Failed looking up window callers=com.android.server.wm.WindowManagerService.windowForClientLocked:5302 com.android.server.wm.WindowManagerService.removeWindow:1774 com.android.server.wm.Session.remove:176 
05-05 01:21:39.136  1339  1367 I DropBoxManagerService: add tag=system_server_wtf isTagEnabled=true flags=0x2
05-05 01:21:39.141   833  1083 D SoundTriggerHALUtil: -tear_hotword_buffer_route-
05-05 01:21:39.141   833  1083 D SoundTriggerHALUtil: +destroy_howord_buffer+
05-05 01:21:39.142  1339  7307 W ActivityTaskManager: Request to remove task ignored for non-existent task 415
05-05 01:21:39.143   833  1083 D SoundTriggerHALUtil: -destroy_howord_buffer-
05-05 01:21:39.143   833  1083 D SoundTriggerHAL: None of keywords are active
05-05 01:21:39.143   833  1083 V SoundTriggerHALUtil: +enable_src_route+ 0 src type 0
05-05 01:21:39.146  1339  2648 I ActivityManager: Force stopping com.google.android.apps.maps appid=10202 user=0: from pid 14034
05-05 01:21:39.147  1339  2648 I ActivityManager: Killing 12257:com.google.android.apps.maps/u0a202 (adj 945): stop com.google.android.apps.maps
05-05 01:21:39.147 13957 13957 W SoundPool: Use of stream types is deprecated for operations other than volume control
05-05 01:21:39.147 13957 13957 W SoundPool: See the documentation of SoundPool() for what to use instead with android.media.AudioAttributes to qualify your playback use case
05-05 01:21:39.151 14014 14014 I s.nexuslaunche: The ClassLoaderContext is a special shared library.
05-05 01:21:39.156  2076  2076 E PhoneInterfaceManager: [PhoneIntfMgr] getCarrierPackageNamesForIntent: No UICC
05-05 01:21:39.156  2076  2076 D CarrierSvcBindHelper: No carrier app for: 0
05-05 01:21:39.158   833  1083 D SoundTriggerHALUtil: -enable_src_route-
05-05 01:21:39.158   833  1083 D SoundTriggerHALUtil: +destroy_src_plugin+ src type 0
05-05 01:21:39.160  1339  1369 I libprocessgroup: Successfully killed process cgroup uid 10202 pid 12257 in 10ms
05-05 01:21:39.160   833  1083 D SoundTriggerHALUtil: -destroy_src_plugin-
05-05 01:21:39.160   833  1083 D SoundTriggerHALUtil: +enable_mic_route+ 0 clock type 0
05-05 01:21:39.160 13957 13957 V OSLOCONTROLLER: OSLOCONTROLLER init with permission
05-05 01:21:39.161 13984 13984 I android_os_HwBinder: HwBinder: Starting thread pool for getting: android.frameworks.stats@1.0::IStats/default
05-05 01:21:39.161  2879  2879 D RegisteredNfcFServicesCache: Service unchanged, not updating
05-05 01:21:39.167 13957 13957 I WallpaperService: engine surface changed
05-05 01:21:39.170 13957 14036 I Adreno  : QUALCOMM build                   : 9b214d0, Ibc75db1fca
05-05 01:21:39.170 13957 14036 I Adreno  : Build Date                       : 06/30/19
05-05 01:21:39.170 13957 14036 I Adreno  : OpenGL ES Shader Compiler Version: EV031.26.06.00
05-05 01:21:39.170 13957 14036 I Adreno  : Local Branch                     : AU124
05-05 01:21:39.170 13957 14036 I Adreno  : Remote Branch                    : 
05-05 01:21:39.170 13957 14036 I Adreno  : Remote Branch                    : 
05-05 01:21:39.170 13957 14036 I Adreno  : Reconstruct Branch               : 
05-05 01:21:39.170 13957 14036 I Adreno  : Build Config                     : S P 8.0.6 AArch64
05-05 01:21:39.174 13957 14036 I Adreno  : PFP: 0x016ee185, ME: 0x00000000
05-05 01:21:39.182 13957 14036 W GL2JNIView: creating OpenGL ES 2.0 context
05-05 01:21:39.182 13957 14036 E GL2JNIView: Before eglCreateContext 2: EGL error: 0x3004
05-05 01:21:39.182  1339  7307 I ActivityManager: Force stopping com.android.shell appid=2000 user=0: from pid 14048
05-05 01:21:39.183  1339  7307 I ActivityManager: Killing 12623:com.android.shell/2000 (adj 925): stop com.android.shell
05-05 01:21:39.184 13957 14036 W GL2JNIView: Returning a GLES 2 context
05-05 01:21:39.185  2076  2076 E PhoneInterfaceManager: [PhoneIntfMgr] getCarrierPackageNamesForIntent: No UICC
05-05 01:21:39.185  2076  2076 D CarrierSvcBindHelper: No carrier app for: 0
05-05 01:21:39.188 13957 14036 I GL2     : all initialized 2
05-05 01:21:39.188  2879  2879 D RegisteredNfcFServicesCache: Service unchanged, not updating
05-05 01:21:39.189  1339  1369 I libprocessgroup: Successfully killed process cgroup uid 2000 pid 12623 in 6ms
05-05 01:21:39.190 13984 13984 D Oslo/StatusSensor: Gating property not set, default to DEFAULT
05-05 01:21:39.190 13984 13984 D Oslo/StatusSensor: gatingMode: 4
05-05 01:21:39.191 13984 13984 E Oslo/StatusSensor: mContextHubClient is not initialized.
05-05 01:21:39.193 13984 13984 W Oslo/StatusSensor: Unable to read oslo calibration data
05-05 01:21:39.193 13984 13984 W Oslo/StatusSensor: java.io.FileNotFoundException: /mnt/vendor/persist/oslo/tx_power.cal: open failed: ENOENT (No such file or directory)
05-05 01:21:39.193 13984 13984 W Oslo/StatusSensor: 	at libcore.io.IoBridge.open(IoBridge.java:496)
05-05 01:21:39.193 13984 13984 W Oslo/StatusSensor: 	at java.io.FileInputStream.<init>(FileInputStream.java:159)
05-05 01:21:39.193 13984 13984 W Oslo/StatusSensor: 	at java.io.FileReader.<init>(FileReader.java:72)
05-05 01:21:39.193 13984 13984 W Oslo/StatusSensor: 	at com.google.oslo.service.sensors.StatusSensor.readTxPowerCalibrationFile(StatusSensor.java:529)
05-05 01:21:39.193 13984 13984 W Oslo/StatusSensor: 	at com.google.oslo.service.sensors.StatusSensor.init(StatusSensor.java:196)
05-05 01:21:39.193 13984 13984 W Oslo/StatusSensor: 	at com.google.oslo.service.OsloSensors.<init>(OsloSensors.java:41)
05-05 01:21:39.193 13984 13984 W Oslo/StatusSensor: 	at com.google.oslo.service.OsloService.onCreate(OsloService.java:146)
05-05 01:21:39.193 13984 13984 W Oslo/StatusSensor: 	at android.app.ActivityThread.handleCreateService(ActivityThread.java:3953)
05-05 01:21:39.193 13984 13984 W Oslo/StatusSensor: 	at android.app.ActivityThread.access$1500(ActivityThread.java:219)
05-05 01:21:39.193 13984 13984 W Oslo/StatusSensor: 	at android.app.ActivityThread$H.handleMessage(ActivityThread.java:1875)
05-05 01:21:39.193 13984 13984 W Oslo/StatusSensor: 	at android.os.Handler.dispatchMessage(Handler.java:107)
05-05 01:21:39.193 13984 13984 W Oslo/StatusSensor: 	at android.os.Looper.loop(Looper.java:214)
05-05 01:21:39.193 13984 13984 W Oslo/StatusSensor: 	at android.app.ActivityThread.main(ActivityThread.java:7356)
05-05 01:21:39.193 13984 13984 W Oslo/StatusSensor: 	at java.lang.reflect.Method.invoke(Native Method)
05-05 01:21:39.193 13984 13984 W Oslo/StatusSensor: 	at com.android.internal.os.RuntimeInit$MethodAndArgsCaller.run(RuntimeInit.java:492)
05-05 01:21:39.193 13984 13984 W Oslo/StatusSensor: 	at com.android.internal.os.ZygoteInit.main(ZygoteInit.java:930)
05-05 01:21:39.193 13984 13984 W Oslo/StatusSensor: Caused by: android.system.ErrnoException: open failed: ENOENT (No such file or directory)
05-05 01:21:39.193 13984 13984 W Oslo/StatusSensor: 	at libcore.io.Linux.open(Native Method)
05-05 01:21:39.193 13984 13984 W Oslo/StatusSensor: 	at libcore.io.ForwardingOs.open(ForwardingOs.java:167)
05-05 01:21:39.193 13984 13984 W Oslo/StatusSensor: 	at libcore.io.BlockGuardOs.open(BlockGuardOs.java:252)
05-05 01:21:39.193 13984 13984 W Oslo/StatusSensor: 	at libcore.io.ForwardingOs.open(ForwardingOs.java:167)
05-05 01:21:39.193 13984 13984 W Oslo/StatusSensor: 	at android.app.ActivityThread$AndroidOs.open(ActivityThread.java:7255)
05-05 01:21:39.193 13984 13984 W Oslo/StatusSensor: 	at libcore.io.IoBridge.open(IoBridge.java:482)
05-05 01:21:39.193 13984 13984 W Oslo/StatusSensor: 	... 15 more
05-05 01:21:39.193 13984 13984 E Oslo/StatusSensor: mContextHubClient is not initialized.
05-05 01:21:39.195   839   839 V ContextHubHal: queryApps
05-05 01:21:39.196   839   867 V ContextHubHal: Got nanoapp list response with 12 apps
05-05 01:21:39.196   839   867 V ContextHubHal: App 0x476f6f676c00100b ver 0x30009 enabled 1 system 0
05-05 01:21:39.196   839   867 V ContextHubHal: App 0x476f6f676c001013 ver 0x10001 enabled 1 system 0
05-05 01:21:39.196   839   867 V ContextHubHal: App 0x476f6f676c00100d ver 0x11 enabled 1 system 0
05-05 01:21:39.196   839   867 V ContextHubHal: App 0x476f6f676c001010 ver 0x20000 enabled 1 system 1
05-05 01:21:39.196   839   867 V ContextHubHal: App 0x476f6f676c00100e ver 0x2 enabled 1 system 0
05-05 01:21:39.196   839   867 V ContextHubHal: App 0x476f6f676c001004 ver 0x40009 enabled 1 system 0
05-05 01:21:39.196   839   867 V ContextHubHal: App 0x476f6f676c001011 ver 0x10001 enabled 1 system 0
05-05 01:21:39.196   839   867 V ContextHubHal: App 0x476f6f676c000016 ver 0x1000002 enabled 1 system 1
05-05 01:21:39.196   839   867 V ContextHubHal: App 0x476f6f676c001016 ver 0x2 enabled 1 system 0
05-05 01:21:39.196   839   867 V ContextHubHal: App 0x476f6f676c001014 ver 0x5 enabled 1 system 0
05-05 01:21:39.196   839   867 V ContextHubHal: App 0x476f6f676c00100f ver 0x10000 enabled 1 system 0
05-05 01:21:39.196   839   867 V ContextHubHal: App 0x476f6f676c001012 ver 0x4 enabled 1 system 0
05-05 01:21:39.196   853  1019 D CHRE    : @ 597.275: Nanoapp list request from client ID 2
05-05 01:21:39.198  1339  7307 D ContextHubClientManager: Registered client with host endpoint ID 20
05-05 01:21:39.201   839   839 V ContextHubHal: queryApps
05-05 01:21:39.201   853  1019 D CHRE    : @ 597.280: Nanoapp list request from client ID 2
05-05 01:21:39.202   839   867 V ContextHubHal: Got nanoapp list response with 12 apps
05-05 01:21:39.202   839   867 V ContextHubHal: App 0x476f6f676c00100b ver 0x30009 enabled 1 system 0
05-05 01:21:39.202   839   867 V ContextHubHal: App 0x476f6f676c001013 ver 0x10001 enabled 1 system 0
05-05 01:21:39.202   839   867 V ContextHubHal: App 0x476f6f676c00100d ver 0x11 enabled 1 system 0
05-05 01:21:39.202   839   867 V ContextHubHal: App 0x476f6f676c001010 ver 0x20000 enabled 1 system 1
05-05 01:21:39.202   839   867 V ContextHubHal: App 0x476f6f676c00100e ver 0x2 enabled 1 system 0
05-05 01:21:39.202   839   867 V ContextHubHal: App 0x476f6f676c001004 ver 0x40009 enabled 1 system 0
05-05 01:21:39.202   839   867 V ContextHubHal: App 0x476f6f676c001011 ver 0x10001 enabled 1 system 0
05-05 01:21:39.202   839   867 V ContextHubHal: App 0x476f6f676c000016 ver 0x1000002 enabled 1 system 1
05-05 01:21:39.202   839   867 V ContextHubHal: App 0x476f6f676c001016 ver 0x2 enabled 1 system 0
05-05 01:21:39.202   839   867 V ContextHubHal: App 0x476f6f676c001014 ver 0x5 enabled 1 system 0
05-05 01:21:39.202   839   867 V ContextHubHal: App 0x476f6f676c00100f ver 0x10000 enabled 1 system 0
05-05 01:21:39.202   839   867 V ContextHubHal: App 0x476f6f676c001012 ver 0x4 enabled 1 system 0
05-05 01:21:39.203  1339  7307 D ContextHubClientManager: Registered client with host endpoint ID 21
05-05 01:21:39.203   839   839 V ContextHubHal: queryApps
05-05 01:21:39.204   833  1083 D SoundTriggerHALUtil: -enable_mic_route-
05-05 01:21:39.204   833  1083 D SoundTriggerHALUtil: +destroy_src_package+
05-05 01:21:39.205   833  1083 D SoundTriggerHALUtil: -destroy_src_package-
05-05 01:21:39.205   833  1083 D SoundTriggerHAL: check_and_destroy_src_package: SRC package destroy
05-05 01:21:39.205   833  1083 D SoundTriggerHALUtil: +destroy_buffer_package+
05-05 01:21:39.207   839   867 V ContextHubHal: Got nanoapp list response with 12 apps
05-05 01:21:39.207   839   867 V ContextHubHal: App 0x476f6f676c00100b ver 0x30009 enabled 1 system 0
05-05 01:21:39.207   839   867 V ContextHubHal: App 0x476f6f676c001013 ver 0x10001 enabled 1 system 0
05-05 01:21:39.207   839   867 V ContextHubHal: App 0x476f6f676c00100d ver 0x11 enabled 1 system 0
05-05 01:21:39.207   839   867 V ContextHubHal: App 0x476f6f676c001010 ver 0x20000 enabled 1 system 1
05-05 01:21:39.207   839   867 V ContextHubHal: App 0x476f6f676c00100e ver 0x2 enabled 1 system 0
05-05 01:21:39.207   839   867 V ContextHubHal: App 0x476f6f676c001004 ver 0x40009 enabled 1 system 0
05-05 01:21:39.207   839   867 V ContextHubHal: App 0x476f6f676c001011 ver 0x10001 enabled 1 system 0
05-05 01:21:39.207   839   867 V ContextHubHal: App 0x476f6f676c000016 ver 0x1000002 enabled 1 system 1
05-05 01:21:39.207   839   867 V ContextHubHal: App 0x476f6f676c001016 ver 0x2 enabled 1 system 0
05-05 01:21:39.207   839   867 V ContextHubHal: App 0x476f6f676c001014 ver 0x5 enabled 1 system 0
05-05 01:21:39.207   839   867 V ContextHubHal: App 0x476f6f676c00100f ver 0x10000 enabled 1 system 0
05-05 01:21:39.207   839   867 V ContextHubHal: App 0x476f6f676c001012 ver 0x4 enabled 1 system 0
05-05 01:21:39.207   853  1019 D CHRE    : @ 597.286: Nanoapp list request from client ID 2
05-05 01:21:39.207   833  1083 D SoundTriggerHALUtil: -destroy_buffer_package-
05-05 01:21:39.207   833  1083 D SoundTriggerHAL: check_and_destroy_buffer_package: Buffer package destroy
05-05 01:21:39.207   833  1083 D SoundTriggerHAL: -stdev_stop_recognition sound model 0-
05-05 01:21:39.208  1339  7307 D ContextHubClientManager: Registered client with host endpoint ID 22
05-05 01:21:39.208  1339 10356 W WallpaperManagerService: Cannot extract colors because wallpaper could not be read.
05-05 01:21:39.208 14014 14014 V Launcher: LauncherAppState initiated
05-05 01:21:39.208  2861  2861 I GsaVoiceInteractionSrv: Stop Hotword Recognition status: true
05-05 01:21:39.209   839   839 V ContextHubHal: queryApps
05-05 01:21:39.209   839   867 V ContextHubHal: Got nanoapp list response with 12 apps
05-05 01:21:39.209   839   867 V ContextHubHal: App 0x476f6f676c00100b ver 0x30009 enabled 1 system 0
05-05 01:21:39.209   839   867 V ContextHubHal: App 0x476f6f676c001013 ver 0x10001 enabled 1 system 0
05-05 01:21:39.209   839   867 V ContextHubHal: App 0x476f6f676c00100d ver 0x11 enabled 1 system 0
05-05 01:21:39.209   839   867 V ContextHubHal: App 0x476f6f676c001010 ver 0x20000 enabled 1 system 1
05-05 01:21:39.209   839   867 V ContextHubHal: App 0x476f6f676c00100e ver 0x2 enabled 1 system 0
05-05 01:21:39.209   839   867 V ContextHubHal: App 0x476f6f676c001004 ver 0x40009 enabled 1 system 0
05-05 01:21:39.209   839   867 V ContextHubHal: App 0x476f6f676c001011 ver 0x10001 enabled 1 system 0
05-05 01:21:39.209   839   867 V ContextHubHal: App 0x476f6f676c000016 ver 0x1000002 enabled 1 system 1
05-05 01:21:39.209   839   867 V ContextHubHal: App 0x476f6f676c001016 ver 0x2 enabled 1 system 0
05-05 01:21:39.209   839   867 V ContextHubHal: App 0x476f6f676c001014 ver 0x5 enabled 1 system 0
05-05 01:21:39.209   839   867 V ContextHubHal: App 0x476f6f676c00100f ver 0x10000 enabled 1 system 0
05-05 01:21:39.209   839   867 V ContextHubHal: App 0x476f6f676c001012 ver 0x4 enabled 1 system 0
05-05 01:21:39.209   853  1019 D CHRE    : @ 597.288: Nanoapp list request from client ID 2
05-05 01:21:39.211  1339  8849 D ContextHubClientManager: Registered client with host endpoint ID 23
05-05 01:21:39.211   839   839 V ContextHubHal: queryApps
05-05 01:21:39.212   853  1019 D CHRE    : @ 597.291: Nanoapp list request from client ID 2
05-05 01:21:39.212   839   867 V ContextHubHal: Got nanoapp list response with 12 apps
05-05 01:21:39.212   839   867 V ContextHubHal: App 0x476f6f676c00100b ver 0x30009 enabled 1 system 0
05-05 01:21:39.212   839   867 V ContextHubHal: App 0x476f6f676c001013 ver 0x10001 enabled 1 system 0
05-05 01:21:39.212   839   867 V ContextHubHal: App 0x476f6f676c00100d ver 0x11 enabled 1 system 0
05-05 01:21:39.212   839   867 V ContextHubHal: App 0x476f6f676c001010 ver 0x20000 enabled 1 system 1
05-05 01:21:39.212   839   867 V ContextHubHal: App 0x476f6f676c00100e ver 0x2 enabled 1 system 0
05-05 01:21:39.212   839   867 V ContextHubHal: App 0x476f6f676c001004 ver 0x40009 enabled 1 system 0
05-05 01:21:39.212   839   867 V ContextHubHal: App 0x476f6f676c001011 ver 0x10001 enabled 1 system 0
05-05 01:21:39.212   839   867 V ContextHubHal: App 0x476f6f676c000016 ver 0x1000002 enabled 1 system 1
05-05 01:21:39.212   839   867 V ContextHubHal: App 0x476f6f676c001016 ver 0x2 enabled 1 system 0
05-05 01:21:39.212   839   867 V ContextHubHal: App 0x476f6f676c001014 ver 0x5 enabled 1 system 0
05-05 01:21:39.212   839   867 V ContextHubHal: App 0x476f6f676c00100f ver 0x10000 enabled 1 system 0
05-05 01:21:39.212   839   867 V ContextHubHal: App 0x476f6f676c001012 ver 0x4 enabled 1 system 0
05-05 01:21:39.213  1339  8849 D ContextHubClientManager: Registered client with host endpoint ID 24
05-05 01:21:39.214   839   839 V ContextHubHal: queryApps
05-05 01:21:39.214   853  1019 D CHRE    : @ 597.293: Nanoapp list request from client ID 2
05-05 01:21:39.216   839   867 V ContextHubHal: Got nanoapp list response with 12 apps
05-05 01:21:39.216   839   867 V ContextHubHal: App 0x476f6f676c00100b ver 0x30009 enabled 1 system 0
05-05 01:21:39.216   839   867 V ContextHubHal: App 0x476f6f676c001013 ver 0x10001 enabled 1 system 0
05-05 01:21:39.216   839   867 V ContextHubHal: App 0x476f6f676c00100d ver 0x11 enabled 1 system 0
05-05 01:21:39.216   839   867 V ContextHubHal: App 0x476f6f676c001010 ver 0x20000 enabled 1 system 1
05-05 01:21:39.216   839   867 V ContextHubHal: App 0x476f6f676c00100e ver 0x2 enabled 1 system 0
05-05 01:21:39.216   839   867 V ContextHubHal: App 0x476f6f676c001004 ver 0x40009 enabled 1 system 0
05-05 01:21:39.216   839   867 V ContextHubHal: App 0x476f6f676c001011 ver 0x10001 enabled 1 system 0
05-05 01:21:39.216   839   867 V ContextHubHal: App 0x476f6f676c000016 ver 0x1000002 enabled 1 system 1
05-05 01:21:39.216   839   867 V ContextHubHal: App 0x476f6f676c001016 ver 0x2 enabled 1 system 0
05-05 01:21:39.216   839   867 V ContextHubHal: App 0x476f6f676c001014 ver 0x5 enabled 1 system 0
05-05 01:21:39.216   839   867 V ContextHubHal: App 0x476f6f676c00100f ver 0x10000 enabled 1 system 0
05-05 01:21:39.216   839   867 V ContextHubHal: App 0x476f6f676c001012 ver 0x4 enabled 1 system 0
05-05 01:21:39.216   822   822 I Zygote  : Process 12623 exited due to signal 9 (Killed)
05-05 01:21:39.218  1339  8849 D ContextHubClientManager: Registered client with host endpoint ID 25
05-05 01:21:39.221  1339  1361 W ActivityManager: setHasOverlayUi called on unknown pid: 11685
05-05 01:21:39.222   822   822 I Zygote  : Process 11685 exited due to signal 9 (Killed)
05-05 01:21:39.236  1339  8849 D ContextHubClientManager: Registered client with host endpoint ID 26
05-05 01:21:39.237   822   822 I Zygote  : Process 12257 exited due to signal 9 (Killed)
05-05 01:21:39.237 13984 13984 D Oslo/StatusSensor: Received intent android.intent.action.BATTERY_CHANGED
05-05 01:21:39.241  1339  8849 I ActivityManager: Force stopping com.google.android.ext.services appid=10071 user=0: from pid 14060
05-05 01:21:39.241 13984 13984 D Oslo/OsloMetrics: log flick echo client com.google.oslo.OsloOverlay gesture 2 register true
05-05 01:21:39.242 13984 13984 D Oslo/OsloMetrics: First time register 1 timestamp 593895
