05-05 01:21:42.208 14963 14963 W oid.apps.photo: Accessing hidden field Ljava/util/Collections$SynchronizedCollection;->mutex:Ljava/lang/Object; (greylist-max-o, reflection, denied)
05-05 01:21:42.208 14963 14963 W oid.apps.photo: Accessing hidden method Ljava/util/Collections$SynchronizedSet;-><init>(Ljava/util/Set;Ljava/lang/Object;)V (greylist-max-o, reflection, denied)
05-05 01:21:42.208 14963 14963 W oid.apps.photo: Accessing hidden method Ljava/util/Collections$SynchronizedCollection;-><init>(Ljava/util/Collection;Ljava/lang/Object;)V (greylist-max-o, reflection, denied)
05-05 01:21:42.216 13803 13841 W .apps.wellbein: resources.arsc in APK '/data/app/com.facebook.katana-K0xfaPyb3jbEoE8bl6Og-g==/base.apk' is compressed.
05-05 01:21:42.217 14439 14877 I Finsky  : [169] nci.run(2): Installer: Installer starting.
05-05 01:21:42.217 14439 14877 I Finsky  : [169] nci.run(4): Installer: Installer started.
05-05 01:21:42.229 14439 14439 I Finsky  : [2] ndh.a(222): Installer: found apps to install. isMultiUserMode=false, apps=[]
05-05 01:21:42.229 14517 14614 I DynamiteLoaderV2: [71] AdsFdrDynamite.integ
05-05 01:21:42.290 14439 14439 I Finsky  : [2] woi.a(21): Connecting InstallListener to SplitInstallService broadcaster...
05-05 01:21:42.361 14896 14944 I Filament: Filament library loaded.
05-05 01:21:42.363 14896 14953 I Adreno  : QUALCOMM build                   : 9b214d0, Ibc75db1fca
05-05 01:21:42.363 14896 14953 I Adreno  : Build Date                       : 06/30/19
05-05 01:21:42.363 14896 14953 I Adreno  : OpenGL ES Shader Compiler Version: EV031.26.06.00
05-05 01:21:42.363 14896 14953 I Adreno  : Local Branch                     : AU124
05-05 01:21:42.363 14896 14953 I Adreno  : Remote Branch                    : 
05-05 01:21:42.363 14896 14953 I Adreno  : Remote Branch                    : 
05-05 01:21:42.363 14896 14953 I Adreno  : Reconstruct Branch               : 
05-05 01:21:42.363 14896 14953 I Adreno  : Build Config                     : S P 8.0.6 AArch64
05-05 01:21:42.387 14517 14769 I FA      : App measurement initialized, version: 25029
05-05 01:21:42.387 14517 14769 I FA      : To enable debug logging run: adb shell setprop log.tag.FA VERBOSE
05-05 01:21:42.387 14517 14769 I FA      : To enable faster debug mode event logging run:
05-05 01:21:42.387 14517 14769 I FA      :   adb shell setprop debug.firebase.analytics.app com.google.android.youtube
05-05 01:21:42.392 14439 14439 I Finsky  : [2] vcy.a(7): SCH: Jobs in database: 1-1337 12-1 26-1414141414 29-29 34-134 34-136 34-138 
05-05 01:21:42.403 14896 14953 I Adreno  : PFP: 0x016ee185, ME: 0x00000000
05-05 01:21:42.420 13217 13712 D UIAutomatorStub: URI: /jsonrpc/0, Method: POST, params, {NanoHttpd.QUERY_STRING=null}, files: {postData={"jsonrpc": "2.0", "id": "f6470789ac90922142606b7fb9b1ded5", "method": "dumpWindowHierarchy", "params": [false, null]}}
05-05 01:21:42.422 13217 13712 W QueryController: Could not detect idle state.
05-05 01:21:42.422 13217 13712 W QueryController: Could not detect idle state.
05-05 01:21:42.439 14439 14439 I Finsky  : [2] uyt.a(58): SCH: ConstraintMapping: 1-1337, 12-1,  -> L: 14285ms, D: 5906575ms, C: false, I: false, N: 1
05-05 01:21:42.439 14439 14439 I Finsky  : [2] uyt.a(58): SCH: ConstraintMapping: 34-134, 34-136, 34-138,  -> L: 184924132ms, D: 2031626047ms, C: false, I: true, N: 2
05-05 01:21:42.440 14439 14439 I Finsky  : [2] uyt.a(58): SCH: ConstraintMapping: 34-134, 34-136, 34-138,  -> L: 184924132ms, D: 2031626047ms, C: true, I: true, N: 2
05-05 01:21:42.441 14439 14439 I Finsky  : [2] uyt.a(58): SCH: ConstraintMapping: 26-1414141414, 29-29,  -> L: 28427ms, D: 58427ms, C: false, I: false, N: 0
05-05 01:21:42.442 14439 14439 I Finsky  : [2] vbi.a(35): Cancelling existing jobscheduler jobs: 
05-05 01:21:42.443 14439 14439 I Finsky  : [2] vbi.a(28): Scheduling job Id: 9000, L: 14285, D: 5906575, C: false, I: false, N: 1
05-05 01:21:42.446 14439 14439 I Finsky  : [2] vbi.a(28): Scheduling job Id: 9001, L: 184924132, D: 2031626047, C: false, I: true, N: 2
05-05 01:21:42.447 14439 14439 I Finsky  : [2] vbi.a(28): Scheduling job Id: 9002, L: 184924132, D: 2031626047, C: true, I: true, N: 2
05-05 01:21:42.449 14439 14439 I Finsky  : [2] vbi.a(28): Scheduling job Id: 9003, L: 28427, D: 58427, C: false, I: false, N: 0
05-05 01:21:42.465 13217 13712 I AccessibilityNodeInfoDumper: Skipping invisible child: android.view.accessibility.AccessibilityNodeInfo@27a69; boundsInParent: Rect(0, 0 - 0, 80); boundsInScreen: Rect(540, 3 - 540, 83); packageName: com.android.systemui; className: android.widget.FrameLayout; text: null; error: null; maxTextLength: -1; contentDescription: null; tooltipText: null; viewIdResName: com.android.systemui:id/centered_icon_area; checkable: false; checked: false; focusable: false; focused: false; selected: false; clickable: false; longClickable: false; contextClickable: false; enabled: true; password: false; scrollable: false; importantForAccessibility: false; visible: false; actions: [AccessibilityAction: ACTION_SELECT - null, AccessibilityAction: ACTION_CLEAR_SELECTION - null, AccessibilityAction: ACTION_ACCESSIBILITY_FOCUS - null, AccessibilityAction: ACTION_SHOW_ON_SCREEN - null]
05-05 01:21:42.471 13217 13712 I AccessibilityNodeInfoDumper: Skipping invisible child: android.view.accessibility.AccessibilityNodeInfo@e158; boundsInParent: Rect(0, 0 - 1080, 47); boundsInScreen: Rect(0, 2523 - 1080, 2280); packageName: com.google.android.apps.nexuslauncher; className: android.view.View; text: null; error: null; maxTextLength: -1; contentDescription: null; tooltipText: null; viewIdResName: com.google.android.apps.nexuslauncher:id/apps_divider_view; checkable: false; checked: false; focusable: false; focused: false; selected: false; clickable: false; longClickable: false; contextClickable: false; enabled: true; password: false; scrollable: false; importantForAccessibility: false; visible: false; actions: [AccessibilityAction: ACTION_SELECT - null, AccessibilityAction: ACTION_CLEAR_SELECTION - null, AccessibilityAction: ACTION_ACCESSIBILITY_FOCUS - null, AccessibilityAction: ACTION_SHOW_ON_SCREEN - null]
05-05 01:21:42.471 13217 13712 I AccessibilityNodeInfoDumper: Skipping invisible child: android.view.accessibility.AccessibilityNodeInfo@fb9f; boundsInParent: Rect(0, 0 - 0, 42); boundsInScreen: Rect(540, 2084 - 540, 2126); packageName: com.google.android.apps.nexuslauncher; className: android.widget.TextView; text: null; error: null; maxTextLength: -1; contentDescription: ; tooltipText: null; viewIdResName: com.google.android.apps.nexuslauncher:id/qsb_hint; checkable: false; checked: false; focusable: false; focused: false; selected: false; clickable: false; longClickable: false; contextClickable: false; enabled: true; password: false; scrollable: false; importantForAccessibility: false; visible: false; actions: [AccessibilityAction: ACTION_SELECT - null, AccessibilityAction: ACTION_CLEAR_SELECTION - null, AccessibilityAction: ACTION_ACCESSIBILITY_FOCUS - null, AccessibilityAction: ACTION_SHOW_ON_SCREEN - null]
05-05 01:21:42.472 13217 13712 I AccessibilityNodeInfoDumper: Skipping invisible child: android.view.accessibility.AccessibilityNodeInfo@ff60; boundsInParent: Rect(0, 0 - 206, 171); boundsInScreen: Rect(822, 2099 - 1028, 2270); packageName: com.google.android.apps.nexuslauncher; className: android.widget.TextView; text: null; error: null; maxTextLength: -1; contentDescription: null; tooltipText: null; viewIdResName: com.google.android.apps.nexuslauncher:id/fast_scroller_popup; checkable: false; checked: false; focusable: false; focused: false; selected: false; clickable: false; longClickable: false; contextClickable: false; enabled: true; password: false; scrollable: false; importantForAccessibility: false; visible: false; actions: [AccessibilityAction: ACTION_SELECT - null, AccessibilityAction: ACTION_CLEAR_SELECTION - null, AccessibilityAction: ACTION_ACCESSIBILITY_FOCUS - null, AccessibilityAction: ACTION_SHOW_ON_SCREEN - null]
05-05 01:21:42.516 14439 14439 I Finsky  : [2] abrk.a(7): Verification requested, id = 1
05-05 01:21:42.522 14439 14439 I Finsky  : [2] vcy.a(7): SCH: Jobs in database: 1-1337 12-1 26-1414141414 29-29 34-134 34-136 34-138 
05-05 01:21:42.541 14439 14439 I Finsky  : [2] uyt.a(58): SCH: ConstraintMapping: 1-1337, 12-1,  -> L: 14154ms, D: 5906444ms, C: false, I: false, N: 1
05-05 01:21:42.541 14439 14439 I Finsky  : [2] uyt.a(58): SCH: ConstraintMapping: 34-134, 34-136, 34-138,  -> L: 184924015ms, D: 2031625929ms, C: false, I: true, N: 2
05-05 01:21:42.542 14439 14439 I Finsky  : [2] uyt.a(58): SCH: ConstraintMapping: 34-134, 34-136, 34-138,  -> L: 184924015ms, D: 2031625929ms, C: true, I: true, N: 2
05-05 01:21:42.542 14439 14439 I Finsky  : [2] uyt.a(58): SCH: ConstraintMapping: 26-1414141414, 29-29,  -> L: 28297ms, D: 58297ms, C: false, I: false, N: 0
05-05 01:21:42.547 14439 14439 I Finsky  : [2] vbi.a(35): Cancelling existing jobscheduler jobs: 9000 9002 9003 9001 
05-05 01:21:42.548 14439 14439 I Finsky  : [2] vbi.a(28): Scheduling job Id: 9004, L: 14154, D: 5906444, C: false, I: false, N: 1
05-05 01:21:42.549 14439 14439 I Finsky  : [2] vbi.a(28): Scheduling job Id: 9005, L: 184924015, D: 2031625929, C: false, I: true, N: 2
05-05 01:21:42.550 14439 14439 I Finsky  : [2] vbi.a(28): Scheduling job Id: 9006, L: 184924015, D: 2031625929, C: true, I: true, N: 2
05-05 01:21:42.550 14439 14439 I Finsky  : [2] vbi.a(28): Scheduling job Id: 9007, L: 28297, D: 58297, C: false, I: false, N: 0
05-05 01:21:42.569 14439 14439 E Finsky  : [2] aceu.b(2): Package name null is not an installed package
05-05 01:21:42.572 14439 14493 I Finsky  : [119] absx.a(9): Single user settings service is not running, bind it now
05-05 01:21:42.582 14439 14439 I Finsky  : [2] absw.onServiceConnected(1): Single user settings service is connected
05-05 01:21:42.615 14439 14493 W Settings: Setting install_non_market_apps has moved from android.provider.Settings.Global to android.provider.Settings.Secure, returning read-only value.
05-05 01:21:42.675  1339  1563 D ConnectivityService: reportNetworkConnectivity(100, false) by 10117
05-05 01:21:42.675  1863  3764 D NetworkMonitor/100: Forcing reevaluation for UID 10117. Dns signal count: 0
05-05 01:21:42.683  1863 15023 D NetworkMonitor/100: PROBE_DNS connectivitycheck.gstatic.com 8ms OK 203.208.41.127
05-05 01:21:42.689   862  2806 I WifiHAL : event received NL80211_CMD_VENDOR, vendor_id = 0x1374, subcmd = 0xa
05-05 01:21:42.690  2774  2774 I wpa_supplicant: wlan0: CTRL-EVENT-AVOID-FREQ ranges=
05-05 01:21:42.690  2774  2774 I wpa_supplicant: wlan0: CTRL-EVENT-REGDOM-CHANGE init=DRIVER type=COUNTRY alpha2=CN
05-05 01:21:42.758 14517 14701 D NetworkSecurityConfig: Using Network Security Config from resource network_security_config debugBuild: false
05-05 01:21:42.782 14194 14887 I GeofencerStateMachine: removeGeofences: removeRequest=RemoveGeofencingRequest[REMOVE_BY_IDS Ids=[atn_geofence_request_id], packageName=com.google.android.apps.maps]
05-05 01:21:42.798 14896 15019 I DynamiteLoaderV2: [71] Measurementdynamite
05-05 01:21:42.809 13984 13984 D Oslo/StatusSensor: Received intent android.intent.action.BATTERY_CHANGED
05-05 01:21:42.838   822   822 D Zygote  : Forked child process 15032
05-05 01:21:42.839 15032 15032 E roid.apps.turb: Not starting debugger since process cannot load the jdwp agent.
05-05 01:21:42.841  1863 15023 D NetworkMonitor/100: PROBE_HTTP http://connectivitycheck.gstatic.com/generate_204 time=157ms ret=204 request={Connection=[close], User-Agent=[Mozilla/5.0 (X11; Linux x86_64) AppleWebKit/537.36 (KHTML, like Gecko) Chrome/60.0.3112.32 Safari/537.36]} headers={null=[HTTP/1.1 204 No Content], Connection=[close], Content-Length=[0], Date=[Mon, 04 May 2020 17:20:47 GMT], X-Android-Received-Millis=[1588612902840], X-Android-Response-Source=[NETWORK 204], X-Android-Selected-Protocol=[http/1.1], X-Android-Sent-Millis=[1588612902736]}
05-05 01:21:42.842  1339  1356 I ActivityManager: Start proc 15032:com.google.android.apps.turbo/u0a159 for content provider {com.google.android.apps.turbo/com.google.android.apps.turbo.nudges.battery.provider.EstimatedTimeRemainingProvider}
05-05 01:21:42.842  1863 15023 D NetworkMonitor/100: isCaptivePortal: isSuccessful()=true isPortal()=false RedirectUrl=null isPartialConnectivity()=false Time=166ms
05-05 01:21:42.843  1339  1563 D ConnectivityService: NetworkAgentInfo [WIFI () - 100] validation passed
05-05 01:21:42.853 15052 15052 E oid.documentsu: Not starting debugger since process cannot load the jdwp agent.
05-05 01:21:42.856   822   822 D Zygote  : Forked child process 15052
05-05 01:21:42.857  1339  1368 I ActivityManager: Start proc 15052:com.google.android.documentsui/u0a66 for broadcast {com.google.android.documentsui/com.android.documentsui.PackageReceiver}
05-05 01:21:42.859 15032 15032 I roid.apps.turb: The ClassLoaderContext is a special shared library.
05-05 01:21:42.903 15052 15052 W oid.documentsu: JIT profile information will not be recorded: profile file does not exits.
05-05 01:21:42.913 15032 15081 W DynamiteModule: Local module descriptor class for com.google.android.gms.crash not found.
05-05 01:21:42.926   821 15086 E ResolverController: No valid NAT64 prefix (100, <unspecified>/0)
05-05 01:21:42.941 15032 15081 I DynamiteLoaderV2: [71] Dynamitemodulesc
05-05 01:21:42.947 14439 14493 I Finsky  : [119] lgj.a(9): Task 7 requested foreground
05-05 01:21:42.963 14439 14493 I Finsky  : [119] lgj.a(22): Not entering foreground
05-05 01:21:42.963  1737  8817 D PowerUI : can't show warning due to - plugged: true status unknown: false
05-05 01:21:42.972 15032 15081 I FirebaseCrashApiImpl: FirebaseCrashApiImpl created by ClassLoader dalvik.system.DelegateLastClassLoader[DexPathList[[zip file "/data/user_de/0/com.google.android.gms/app_chimera/m/0000004b/DynamiteModulesC.apk"],nativeLibraryDirectories=[/data/user_de/0/com.google.android.gms/app_chimera/m/0000004b/DynamiteModulesC.apk!/lib/arm64-v8a, /system/lib64, /product/lib64]]]
05-05 01:21:42.976 15032 15082 I DynamiteModule: Considering local module com.google.android.gms.flags:3 and remote module com.google.android.gms.flags:3
05-05 01:21:42.976 15032 15082 I DynamiteModule: Selected local version of com.google.android.gms.flags
05-05 01:21:42.978 15032 15082 W DynamiteModule: Local module descriptor class for com.google.android.gms.crash not found.
05-05 01:21:42.990 15032 15082 I FirebaseCrashApiImpl: FirebaseCrash reporting API initialized
05-05 01:21:42.990 15032 15082 W FirebaseCrashAnalytics: Unable to log event, missing Google Analytics for Firebase library
05-05 01:21:42.994 14499 14584 E GoogleTagManager: Unsupported Value Escaping: 3
05-05 01:21:43.017 14224 14412 I Icing   : Indexing com.google.android.gms-apps from com.google.android.gms
05-05 01:21:43.020 15052 15088 W ThemeOverlayManager: Skip enabled overlay package:com.google.android.documentsui.theme.pixel, user:UserHandle{0}
05-05 01:21:43.022 14499 14584 E GoogleTagManager: Unsupported Value Escaping: 3
05-05 01:21:43.024 14224 14412 I Icing   : Indexing done com.google.android.gms-apps
05-05 01:21:43.047 14499 14584 E GoogleTagManager: Unsupported Value Escaping: 3
05-05 01:21:43.139   862  2806 I WifiHAL : event received NL80211_CMD_VENDOR, vendor_id = 0x1374, subcmd = 0xa
05-05 01:21:43.140  2774  2774 I wpa_supplicant: wlan0: CTRL-EVENT-AVOID-FREQ ranges=5640-5700
05-05 01:21:43.140  2774  2774 I wpa_supplicant: wlan0: CTRL-EVENT-REGDOM-CHANGE init=DRIVER type=COUNTRY alpha2=CN
05-05 01:21:43.165 15052 15052 D DocumentsApplication: OverlayManager.setEnabled() result: false
05-05 01:21:43.181 14194 14390 W .gms.persisten: Accessing hidden method Landroid/net/ConnectivityManager;->isNetworkTypeMobile(I)Z (greylist-max-p, reflection, denied)
05-05 01:21:43.190 14194 14393 I NetworkScheduler: Using standalone scheduling engine
05-05 01:21:43.250 14517 14614 D DynamitePackage: Instantiated singleton DynamitePackage.
05-05 01:21:43.250 14517 14614 D DynamitePackage: Instantiating com.google.android.gms.ads.adshield.ChimeraAdShieldCreatorImpl
05-05 01:21:43.257  1339  1631 W BroadcastQueue: Background execution not allowed: receiving Intent { act=android.bluetooth.adapter.action.STATE_CHANGED flg=0x4000010 (has extras) } to com.google.android.gms/.auth.easyunlock.authorization.BluetoothStateChangeReceiver
05-05 01:21:43.258  1339  1367 W BroadcastQueue: Background execution not allowed: receiving Intent { act=android.bluetooth.adapter.action.STATE_CHANGED flg=0x4000010 (has extras) } to com.google.android.gms/.auth.proximity.BluetoothServicesAdapterStateChangeReceiver
05-05 01:21:43.258  1339  1367 W BroadcastQueue: Background execution not allowed: receiving Intent { act=android.bluetooth.adapter.action.STATE_CHANGED flg=0x4000010 (has extras) } to com.google.android.gms/.chimera.GmsIntentOperationService$PersistentTrustedReceiver
05-05 01:21:43.258  1339  1367 W BroadcastQueue: Background execution not allowed: receiving Intent { act=android.bluetooth.adapter.action.STATE_CHANGED flg=0x4000010 (has extras) } to com.google.intelligence.sense/.dnd.driving.DrivingConditionProvider$ServiceForwardingReceiver
05-05 01:21:43.259  1339  1631 W BroadcastQueue: Background execution not allowed: receiving Intent { act=android.bluetooth.adapter.action.STATE_CHANGED flg=0x4000010 (has extras) } to com.google.android.gms/.auth.easyunlock.authorization.BluetoothStateChangeReceiver
05-05 01:21:43.259   821 15105 E ResolverController: No valid NAT64 prefix (100, <unspecified>/0)
05-05 01:21:43.260  1339  1367 W BroadcastQueue: Background execution not allowed: receiving Intent { act=android.bluetooth.adapter.action.STATE_CHANGED flg=0x4000010 (has extras) } to com.google.android.gms/.auth.proximity.BluetoothServicesAdapterStateChangeReceiver
05-05 01:21:43.260  1339  1367 W BroadcastQueue: Background execution not allowed: receiving Intent { act=android.bluetooth.adapter.action.STATE_CHANGED flg=0x4000010 (has extras) } to com.google.android.gms/.chimera.GmsIntentOperationService$PersistentTrustedReceiver
05-05 01:21:43.260  1339  1367 W BroadcastQueue: Background execution not allowed: receiving Intent { act=android.bluetooth.adapter.action.STATE_CHANGED flg=0x4000010 (has extras) } to com.google.intelligence.sense/.dnd.driving.DrivingConditionProvider$ServiceForwardingReceiver
05-05 01:21:43.262 14194 15104 I NetworkManagementSocketTagger: tagSocketFd(-1, 805307399, -1) failed with errno-9
05-05 01:21:43.266  1339 10356 W BroadcastQueue: Background execution not allowed: receiving Intent { act=android.intent.action.DROPBOX_ENTRY_ADDED flg=0x10 (has extras) } to com.google.android.gms/.stats.service.DropBoxEntryAddedReceiver
05-05 01:21:43.266  1339  1367 W BroadcastQueue: Background execution not allowed: receiving Intent { act=android.intent.action.DROPBOX_ENTRY_ADDED flg=0x10 (has extras) } to com.google.android.gms/.chimera.GmsIntentOperationService$PersistentTrustedReceiver
05-05 01:21:43.270  1339 10356 W BroadcastQueue: Background execution not allowed: receiving Intent { act=android.net.conn.NETWORK_CONDITIONS_MEASURED flg=0x10 (has extras) } to com.google.android.gms/.chimera.GmsIntentOperationService$PersistentTrustedReceiver
05-05 01:21:43.272  1339  1631 W BroadcastQueue: Background execution not allowed: receiving Intent { act=android.intent.action.DROPBOX_ENTRY_ADDED flg=0x10 (has extras) } to com.google.android.gms/.stats.service.DropBoxEntryAddedReceiver
05-05 01:21:43.272  1339  1367 W BroadcastQueue: Background execution not allowed: receiving Intent { act=android.intent.action.DROPBOX_ENTRY_ADDED flg=0x10 (has extras) } to com.google.android.gms/.chimera.GmsIntentOperationService$PersistentTrustedReceiver
05-05 01:21:43.272  1339  1367 W BroadcastQueue: Background execution not allowed: receiving Intent { act=android.net.conn.NETWORK_CONDITIONS_MEASURED flg=0x10 (has extras) } to com.google.android.gms/.chimera.GmsIntentOperationService$PersistentTrustedReceiver
05-05 01:21:43.272  1339  1367 W BroadcastQueue: Background execution not allowed: receiving Intent { act=com.google.android.location.internal.server.ACTION_RESTARTED flg=0x10 } to com.google.android.gms/.chimera.GmsIntentOperationService$PersistentInternalReceiver
05-05 01:21:43.284  1339  2905 W BroadcastQueue: Background execution not allowed: receiving Intent { act=android.net.conn.NETWORK_CONDITIONS_MEASURED flg=0x10 (has extras) } to com.google.android.gms/.chimera.GmsIntentOperationService$PersistentTrustedReceiver
05-05 01:21:43.292   821 15111 E ResolverController: No valid NAT64 prefix (100, <unspecified>/0)
05-05 01:21:43.305   853  1019 D ASH     : @ 601.384: AP has been up: last 301313974, now 601384466 usec
05-05 01:21:43.306   853  1019 D ASH     : @ 601.384: Sending to ASH storage: 0 185 0
05-05 01:21:43.360   821 15125 E ResolverController: No valid NAT64 prefix (100, <unspecified>/0)
05-05 01:21:43.369   822   822 D Zygote  : Forked child process 15127
05-05 01:21:43.375  1339  1368 I ActivityManager: Start proc 15127:com.google.android.gms.unstable/u0a145 for service {com.google.android.gms/com.google.android.gms.droidguard.DroidGuardService}
05-05 01:21:43.376 15127 15127 E id.gms.unstabl: Not starting debugger since process cannot load the jdwp agent.
05-05 01:21:43.382 14194 14362 I NetRec  : [1015] albt.a: Refreshing scores for 15 networks.
05-05 01:21:43.385 14499 14561 D DynamitePackage: Instantiated singleton DynamitePackage.
05-05 01:21:43.385 14499 14561 D DynamitePackage: Instantiating com.google.android.gms.ads.adshield.ChimeraAdShieldCreatorImpl
05-05 01:21:43.389 15127 15127 I id.gms.unstabl: The ClassLoaderContext is a special shared library.
05-05 01:21:43.392 15127 15127 I chatty  : uid=10145 com.google.android.gms.unstable identical 1 line
05-05 01:21:43.394 15127 15127 I id.gms.unstabl: The ClassLoaderContext is a special shared library.
05-05 01:21:43.427   821 15148 E ResolverController: No valid NAT64 prefix (100, <unspecified>/0)
05-05 01:21:43.435 14194 14827 W Conscrypt: Could not set socket write timeout: java.net.SocketException: Socket closed
05-05 01:21:43.435 14194 14827 W Conscrypt: 	at com.google.android.gms.org.conscrypt.Platform.setSocketWriteTimeout(:com.google.android.gms@201216037@20.12.16 (120400-306753009):2)
05-05 01:21:43.435 14194 14827 W Conscrypt: 	at com.google.android.gms.org.conscrypt.ConscryptFileDescriptorSocket.setSoWriteTimeout(:com.google.android.gms@201216037@20.12.16 (120400-306753009):0)
05-05 01:21:43.438 14194 14827 V NativeCrypto: SSL handshake aborted: ssl=0x789a3ac2c8: I/O error during system call, Connection reset by peer
05-05 01:21:43.439 14194 14362 I NetRec  : [1015] albt.b: Will retry failed rapid_refresh_scores_task task as standard refresh.
05-05 01:21:43.441 14194 14362 W NetRec  : [1015] albt.a: Unexpected exception com.android.volley.NoConnectionError: javax.net.ssl.SSLHandshakeException: SSL handshake aborted: ssl=0x789a3ac2c8: I/O error during system call, Connection reset by peer while waiting for score updates (com.android.volley.NoConnectionError: javax.net.ssl.SSLHandshakeException: SSL handshake aborted: ssl=0x789a3ac2c8: I/O error during system call, Connection reset by peer). Returning 2.
05-05 01:21:43.441 15127 15127 W DynamiteModule: Local module descriptor class for providerinstaller not found.
05-05 01:21:43.443 15127 15127 W ProviderHelper: Unknown dynamite feature providerinstaller
05-05 01:21:43.443 14194 14362 I NetRec  : [1015] NetRecChimeraGcmTaskService.a: Still entries pending update, scheduling new rapid_refresh_scores_task refresh.
05-05 01:21:43.445 14194 14362 I NetRec  : [1015] NetRecChimeraGcmTaskService.a: Completed rapid_refresh_scores_task score refresh task in 65 ms, returning 2
05-05 01:21:43.447 15127 15127 I DynamiteModule: Considering local module providerinstaller:0 and remote module providerinstaller:0
05-05 01:21:43.447 15127 15127 W ProviderInstaller: Failed to load providerinstaller module: No acceptable module found. Local version is 0 and remote version is 0.
05-05 01:21:43.451 15127 15127 V NativeCrypto: Registering com/google/android/gms/org/conscrypt/NativeCrypto's 286 native methods...
05-05 01:21:43.458 15127 15127 D NetworkSecurityConfig: Using Network Security Config from resource network_security_config debugBuild: false
05-05 01:21:43.458 15127 15127 I ProviderInstaller: Installed default security provider GmsCore_OpenSSL
05-05 01:21:43.462 15127 15127 I Safeboot: Checking safeboot...
05-05 01:21:43.463 15127 15127 I Safeboot: Not entering safeboot; wrong process.
05-05 01:21:43.474 15127 15127 W bdxr    : Primes not initialized, returning default (no-op) Primes instance which will ignore all calls. Please call Primes.initialize(...) before using any Primes API.
05-05 01:21:43.522   821 15180 E ResolverController: No valid NAT64 prefix (100, <unspecified>/0)
05-05 01:21:43.537 15127 15144 V NativeCrypto: SSL handshake aborted: ssl=0x7895ad8b48: I/O error during system call, Connection reset by peer
05-05 01:21:43.541 14224 14403 E GmsRequestQueue: Tried to stop global GMSCore RequestQueue. This is likely unintended, so ignoring.
05-05 01:21:43.548   821 15188 E ResolverController: No valid NAT64 prefix (100, <unspecified>/0)
05-05 01:21:43.553 14224 15184 W ProviderHelper: Unknown dynamite feature providerinstaller
05-05 01:21:43.553 14224 15184 I DynamiteModule: Considering local module providerinstaller:0 and remote module providerinstaller:0
05-05 01:21:43.553 14224 15184 I DynamiteModule: Considering local module providerinstaller:0 and remote module providerinstaller:0
05-05 01:21:43.556 14224 15184 W Conscrypt: Could not set socket write timeout: java.net.SocketException: Socket closed
05-05 01:21:43.556 14224 15184 W Conscrypt: 	at com.google.android.gms.org.conscrypt.Platform.setSocketWriteTimeout(:com.google.android.gms@201216037@20.12.16 (120400-306753009):2)
05-05 01:21:43.556 14224 15184 W Conscrypt: 	at com.google.android.gms.org.conscrypt.ConscryptFileDescriptorSocket.setSoWriteTimeout(:com.google.android.gms@201216037@20.12.16 (120400-306753009):0)
05-05 01:21:43.560 14224 15184 V NativeCrypto: SSL handshake aborted: ssl=0x7829005448: I/O error during system call, Connection reset by peer
05-05 01:21:43.583 15127 15182 V NativeCrypto: SSL handshake aborted: ssl=0x789a27c308: I/O error during system call, Connection reset by peer
05-05 01:21:43.593 14224 15187 W Conscrypt: Could not set socket write timeout: java.net.SocketException: Socket closed
05-05 01:21:43.593 14224 15187 W Conscrypt: 	at com.google.android.gms.org.conscrypt.Platform.setSocketWriteTimeout(:com.google.android.gms@201216037@20.12.16 (120400-306753009):2)
05-05 01:21:43.593 14224 15187 W Conscrypt: 	at com.google.android.gms.org.conscrypt.ConscryptFileDescriptorSocket.setSoWriteTimeout(:com.google.android.gms@201216037@20.12.16 (120400-306753009):0)
05-05 01:21:43.598 14224 15187 V NativeCrypto: SSL handshake aborted: ssl=0x789a2d4708: I/O error during system call, Connection reset by peer
05-05 01:21:43.712 14896 15092 I FA      : App measurement initialized, version: 24000
05-05 01:21:43.713 14896 15092 I FA      : To enable debug logging run: adb shell setprop log.tag.FA VERBOSE
05-05 01:21:43.713 14896 15092 I FA      : To enable faster debug mode event logging run:
05-05 01:21:43.713 14896 15092 I FA      :   adb shell setprop debug.firebase.analytics.app com.google.android.apps.maps
05-05 01:21:43.776 14896 15203 D NetworkSecurityConfig: No Network Security Config specified, using platform default
05-05 01:21:43.780   821 15205 E ResolverController: No valid NAT64 prefix (100, <unspecified>/0)
05-05 01:21:44.475 15127 15143 V NativeCrypto: SSL handshake aborted: ssl=0x789a27c608: I/O error during system call, Connection reset by peer
05-05 01:21:44.492 14224 15185 W Conscrypt: Could not set socket write timeout: java.net.SocketException: Socket closed
05-05 01:21:44.492 14224 15185 W Conscrypt: 	at com.google.android.gms.org.conscrypt.Platform.setSocketWriteTimeout(:com.google.android.gms@201216037@20.12.16 (120400-306753009):2)
05-05 01:21:44.492 14224 15185 W Conscrypt: 	at com.google.android.gms.org.conscrypt.ConscryptFileDescriptorSocket.setSoWriteTimeout(:com.google.android.gms@201216037@20.12.16 (120400-306753009):0)
05-05 01:21:44.497 14224 15185 V NativeCrypto: SSL handshake aborted: ssl=0x789a2d4a08: I/O error during system call, Connection reset by peer
05-05 01:21:44.506 13217 13712 D UIAutomatorStub: URI: /jsonrpc/0, Method: POST, params, {NanoHttpd.QUERY_STRING=null}, files: {postData={"jsonrpc": "2.0", "id": "074ff01c7b39ba7573692e54fd183d60", "method": "dumpWindowHierarchy", "params": [false, null]}}
05-05 01:21:44.509 13217 13712 W QueryController: Could not detect idle state.
05-05 01:21:44.510 13217 13712 W QueryController: Could not detect idle state.
05-05 01:21:44.563 13217 13712 I AccessibilityNodeInfoDumper: Skipping invisible child: android.view.accessibility.AccessibilityNodeInfo@27a69; boundsInParent: Rect(0, 0 - 0, 80); boundsInScreen: Rect(540, 3 - 540, 83); packageName: com.android.systemui; className: android.widget.FrameLayout; text: null; error: null; maxTextLength: -1; contentDescription: null; tooltipText: null; viewIdResName: com.android.systemui:id/centered_icon_area; checkable: false; checked: false; focusable: false; focused: false; selected: false; clickable: false; longClickable: false; contextClickable: false; enabled: true; password: false; scrollable: false; importantForAccessibility: false; visible: false; actions: [AccessibilityAction: ACTION_SELECT - null, AccessibilityAction: ACTION_CLEAR_SELECTION - null, AccessibilityAction: ACTION_ACCESSIBILITY_FOCUS - null, AccessibilityAction: ACTION_SHOW_ON_SCREEN - null]
05-05 01:21:44.580 13217 13712 I AccessibilityNodeInfoDumper: Skipping invisible child: android.view.accessibility.AccessibilityNodeInfo@e158; boundsInParent: Rect(0, 0 - 1080, 47); boundsInScreen: Rect(0, 2523 - 1080, 2280); packageName: com.google.android.apps.nexuslauncher; className: android.view.View; text: null; error: null; maxTextLength: -1; contentDescription: null; tooltipText: null; viewIdResName: com.google.android.apps.nexuslauncher:id/apps_divider_view; checkable: false; checked: false; focusable: false; focused: false; selected: false; clickable: false; longClickable: false; contextClickable: false; enabled: true; password: false; scrollable: false; importantForAccessibility: false; visible: false; actions: [AccessibilityAction: ACTION_SELECT - null, AccessibilityAction: ACTION_CLEAR_SELECTION - null, AccessibilityAction: ACTION_ACCESSIBILITY_FOCUS - null, AccessibilityAction: ACTION_SHOW_ON_SCREEN - null]
05-05 01:21:44.581 13217 13712 I AccessibilityNodeInfoDumper: Skipping invisible child: android.view.accessibility.AccessibilityNodeInfo@fb9f; boundsInParent: Rect(0, 0 - 0, 42); boundsInScreen: Rect(540, 2084 - 540, 2126); packageName: com.google.android.apps.nexuslauncher; className: android.widget.TextView; text: null; error: null; maxTextLength: -1; contentDescription: ; tooltipText: null; viewIdResName: com.google.android.apps.nexuslauncher:id/qsb_hint; checkable: false; checked: false; focusable: false; focused: false; selected: false; clickable: false; longClickable: false; contextClickable: false; enabled: true; password: false; scrollable: false; importantForAccessibility: false; visible: false; actions: [AccessibilityAction: ACTION_SELECT - null, AccessibilityAction: ACTION_CLEAR_SELECTION - null, AccessibilityAction: ACTION_ACCESSIBILITY_FOCUS - null, AccessibilityAction: ACTION_SHOW_ON_SCREEN - null]
05-05 01:21:44.582 13217 13712 I AccessibilityNodeInfoDumper: Skipping invisible child: android.view.accessibility.AccessibilityNodeInfo@ff60; boundsInParent: Rect(0, 0 - 206, 171); boundsInScreen: Rect(822, 2099 - 1028, 2270); packageName: com.google.android.apps.nexuslauncher; className: android.widget.TextView; text: null; error: null; maxTextLength: -1; contentDescription: null; tooltipText: null; viewIdResName: com.google.android.apps.nexuslauncher:id/fast_scroller_popup; checkable: false; checked: false; focusable: false; focused: false; selected: false; clickable: false; longClickable: false; contextClickable: false; enabled: true; password: false; scrollable: false; importantForAccessibility: false; visible: false; actions: [AccessibilityAction: ACTION_SELECT - null, AccessibilityAction: ACTION_CLEAR_SELECTION - null, AccessibilityAction: ACTION_ACCESSIBILITY_FOCUS - null, AccessibilityAction: ACTION_SHOW_ON_SCREEN - null]
05-05 01:21:44.613 13217 13235 W System  : A resource failed to call end. 
05-05 01:21:44.614 13217 13235 I chatty  : uid=10226(com.github.uiautomator) identical 5 lines
05-05 01:21:44.614 13217 13235 W System  : A resource failed to call end. 
05-05 01:21:45.228   862  2806 I WifiHAL : event received NL80211_CMD_VENDOR, vendor_id = 0x1374, subcmd = 0xa
05-05 01:21:45.231  2774  2774 I wpa_supplicant: wlan0: CTRL-EVENT-AVOID-FREQ ranges=
05-05 01:21:45.232  2774  2774 I wpa_supplicant: wlan0: CTRL-EVENT-REGDOM-CHANGE init=DRIVER type=COUNTRY alpha2=CN
05-05 01:21:45.646 15127 15143 V NativeCrypto: SSL handshake aborted: ssl=0x789a27c608: I/O error during system call, Connection reset by peer
05-05 01:21:45.654   821 15211 E ResolverController: No valid NAT64 prefix (100, <unspecified>/0)
05-05 01:21:45.662 14224 15186 W Conscrypt: Could not set socket write timeout: java.net.SocketException: Socket closed
05-05 01:21:45.662 14224 15186 W Conscrypt: 	at com.google.android.gms.org.conscrypt.Platform.setSocketWriteTimeout(:com.google.android.gms@201216037@20.12.16 (120400-306753009):2)
05-05 01:21:45.662 14224 15186 W Conscrypt: 	at com.google.android.gms.org.conscrypt.ConscryptFileDescriptorSocket.setSoWriteTimeout(:com.google.android.gms@201216037@20.12.16 (120400-306753009):0)
05-05 01:21:45.667 14224 15186 V NativeCrypto: SSL handshake aborted: ssl=0x7895adc8c8: I/O error during system call, Connection reset by peer
05-05 01:21:45.843   821 14659 E ResolverController: No valid NAT64 prefix (100, <unspecified>/0)
05-05 01:21:45.848   821 15212 E ResolverController: No valid NAT64 prefix (100, <unspecified>/0)
05-05 01:21:46.525   821 15215 E ResolverController: No valid NAT64 prefix (100, <unspecified>/0)
05-05 01:21:46.557 15127 15143 V NativeCrypto: SSL handshake aborted: ssl=0x789a27c608: I/O error during system call, Connection reset by peer
05-05 01:21:46.571 14224 15184 W Conscrypt: Could not set socket write timeout: java.net.SocketException: Socket closed
05-05 01:21:46.571 14224 15184 W Conscrypt: 	at com.google.android.gms.org.conscrypt.Platform.setSocketWriteTimeout(:com.google.android.gms@201216037@20.12.16 (120400-306753009):2)
05-05 01:21:46.571 14224 15184 W Conscrypt: 	at com.google.android.gms.org.conscrypt.ConscryptFileDescriptorSocket.setSoWriteTimeout(:com.google.android.gms@201216037@20.12.16 (120400-306753009):0)
05-05 01:21:46.577 14224 15184 V NativeCrypto: SSL handshake aborted: ssl=0x7829005448: I/O error during system call, Connection reset by peer
05-05 01:21:46.630 13217 13712 D UIAutomatorStub: URI: /jsonrpc/0, Method: POST, params, {NanoHttpd.QUERY_STRING=null}, files: {postData={"jsonrpc": "2.0", "id": "a594fabf10ab562d15155b3892367bd9", "method": "dumpWindowHierarchy", "params": [false, null]}}
05-05 01:21:46.634 13217 13712 W QueryController: Could not detect idle state.
05-05 01:21:46.636 13217 13712 W QueryController: Could not detect idle state.
05-05 01:21:46.669 15127 15182 V NativeCrypto: SSL handshake aborted: ssl=0x789a27c308: I/O error during system call, Connection reset by peer
05-05 01:21:46.681 13217 13712 I AccessibilityNodeInfoDumper: Skipping invisible child: android.view.accessibility.AccessibilityNodeInfo@27a69; boundsInParent: Rect(0, 0 - 0, 80); boundsInScreen: Rect(540, 3 - 540, 83); packageName: com.android.systemui; className: android.widget.FrameLayout; text: null; error: null; maxTextLength: -1; contentDescription: null; tooltipText: null; viewIdResName: com.android.systemui:id/centered_icon_area; checkable: false; checked: false; focusable: false; focused: false; selected: false; clickable: false; longClickable: false; contextClickable: false; enabled: true; password: false; scrollable: false; importantForAccessibility: false; visible: false; actions: [AccessibilityAction: ACTION_SELECT - null, AccessibilityAction: ACTION_CLEAR_SELECTION - null, AccessibilityAction: ACTION_ACCESSIBILITY_FOCUS - null, AccessibilityAction: ACTION_SHOW_ON_SCREEN - null]
05-05 01:21:46.687 14224 15187 W Conscrypt: Could not set socket write timeout: java.net.SocketException: Socket closed
05-05 01:21:46.687 14224 15187 W Conscrypt: 	at com.google.android.gms.org.conscrypt.Platform.setSocketWriteTimeout(:com.google.android.gms@201216037@20.12.16 (120400-306753009):2)
05-05 01:21:46.687 14224 15187 W Conscrypt: 	at com.google.android.gms.org.conscrypt.ConscryptFileDescriptorSocket.setSoWriteTimeout(:com.google.android.gms@201216037@20.12.16 (120400-306753009):0)
05-05 01:21:46.693 14224 15187 V NativeCrypto: SSL handshake aborted: ssl=0x789a2d4708: I/O error during system call, Connection reset by peer
05-05 01:21:46.696 13217 13712 I AccessibilityNodeInfoDumper: Skipping invisible child: android.view.accessibility.AccessibilityNodeInfo@e158; boundsInParent: Rect(0, 0 - 1080, 47); boundsInScreen: Rect(0, 2523 - 1080, 2280); packageName: com.google.android.apps.nexuslauncher; className: android.view.View; text: null; error: null; maxTextLength: -1; contentDescription: null; tooltipText: null; viewIdResName: com.google.android.apps.nexuslauncher:id/apps_divider_view; checkable: false; checked: false; focusable: false; focused: false; selected: false; clickable: false; longClickable: false; contextClickable: false; enabled: true; password: false; scrollable: false; importantForAccessibility: false; visible: false; actions: [AccessibilityAction: ACTION_SELECT - null, AccessibilityAction: ACTION_CLEAR_SELECTION - null, AccessibilityAction: ACTION_ACCESSIBILITY_FOCUS - null, AccessibilityAction: ACTION_SHOW_ON_SCREEN - null]
05-05 01:21:46.698 13217 13712 I AccessibilityNodeInfoDumper: Skipping invisible child: android.view.accessibility.AccessibilityNodeInfo@fb9f; boundsInParent: Rect(0, 0 - 0, 42); boundsInScreen: Rect(540, 2084 - 540, 2126); packageName: com.google.android.apps.nexuslauncher; className: android.widget.TextView; text: null; error: null; maxTextLength: -1; contentDescription: ; tooltipText: null; viewIdResName: com.google.android.apps.nexuslauncher:id/qsb_hint; checkable: false; checked: false; focusable: false; focused: false; selected: false; clickable: false; longClickable: false; contextClickable: false; enabled: true; password: false; scrollable: false; importantForAccessibility: false; visible: false; actions: [AccessibilityAction: ACTION_SELECT - null, AccessibilityAction: ACTION_CLEAR_SELECTION - null, AccessibilityAction: ACTION_ACCESSIBILITY_FOCUS - null, AccessibilityAction: ACTION_SHOW_ON_SCREEN - null]
05-05 01:21:46.698 13217 13712 I AccessibilityNodeInfoDumper: Skipping invisible child: android.view.accessibility.AccessibilityNodeInfo@ff60; boundsInParent: Rect(0, 0 - 206, 171); boundsInScreen: Rect(822, 2099 - 1028, 2270); packageName: com.google.android.apps.nexuslauncher; className: android.widget.TextView; text: null; error: null; maxTextLength: -1; contentDescription: null; tooltipText: null; viewIdResName: com.google.android.apps.nexuslauncher:id/fast_scroller_popup; checkable: false; checked: false; focusable: false; focused: false; selected: false; clickable: false; longClickable: false; contextClickable: false; enabled: true; password: false; scrollable: false; importantForAccessibility: false; visible: false; actions: [AccessibilityAction: ACTION_SELECT - null, AccessibilityAction: ACTION_CLEAR_SELECTION - null, AccessibilityAction: ACTION_ACCESSIBILITY_FOCUS - null, AccessibilityAction: ACTION_SHOW_ON_SCREEN - null]
05-05 01:21:46.762 14860 14891 I ier.carrierwif: Waiting for a blocking GC ProfileSaver
05-05 01:21:47.385 14194 14804 I NearbyDiscovery: FastPairScanner2: Stopping scan [CONTEXT service_id=49 ]
05-05 01:21:47.387 14194 14804 D BluetoothAdapter: isLeEnabled(): ON
05-05 01:21:47.392 14194 14804 D BluetoothAdapter: isLeEnabled(): ON
05-05 01:21:47.394 14499 14694 W ConnectionTracker: Exception thrown while unbinding
05-05 01:21:47.394 14499 14694 W ConnectionTracker: java.lang.IllegalArgumentException: Service not registered: kxz@a8086d1
05-05 01:21:47.394 14499 14694 W ConnectionTracker: 	at android.app.LoadedApk.forgetServiceDispatcher(LoadedApk.java:1751)
05-05 01:21:47.394 14499 14694 W ConnectionTracker: 	at android.app.ContextImpl.unbindService(ContextImpl.java:1776)
05-05 01:21:47.394 14499 14694 W ConnectionTracker: 	at android.content.ContextWrapper.unbindService(ContextWrapper.java:741)
05-05 01:21:47.394 14499 14694 W ConnectionTracker: 	at jzf.b(PG:29)
05-05 01:21:47.394 14499 14694 W ConnectionTracker: 	at jzf.a(PG:25)
05-05 01:21:47.394 14499 14694 W ConnectionTracker: 	at kya.q(PG:48)
05-05 01:21:47.394 14499 14694 W ConnectionTracker: 	at kxl.a(PG:5)
05-05 01:21:47.394 14499 14694 W ConnectionTracker: 	at kpk.run(PG:5)
05-05 01:21:47.394 14499 14694 W ConnectionTracker: 	at java.util.concurrent.Executors$RunnableAdapter.call(Executors.java:462)
05-05 01:21:47.394 14499 14694 W ConnectionTracker: 	at java.util.concurrent.FutureTask.run(FutureTask.java:266)
05-05 01:21:47.394 14499 14694 W ConnectionTracker: 	at kuu.run(PG:36)
05-05 01:21:47.396 13870 14434 I bt_stack: [INFO:gatt_api.cc(946)] GATT_Register 56de1532-5f39-baf7-1ced-ef13bb1847dc
05-05 01:21:47.396 13870 14434 I bt_stack: [INFO:gatt_api.cc(966)] allocated gatt_if=6
05-05 01:21:47.397 14194 14320 D BluetoothLeScanner: onScannerRegistered() - status=0 scannerId=6 mScannerId=0
05-05 01:21:47.407 14194 14804 I NearbyDiscovery: FastPairScanner2: Starting LOW_POWER_SCANNING scanning [CONTEXT service_id=49 ]
05-05 01:21:47.964 14194 14293 I BeaconBle: Client requested scan, settings=BleSettings [scanMode=ZERO_POWER, callbackType=ALL_MATCHES, reportDelayMillis=0, 5 filters, 1 clients, callingClientName=Nearby]
05-05 01:21:47.978 14194 14293 I BeaconBle: Stopping scan on delegate scanner. BT state: 12
05-05 01:21:47.979 14194 14293 D BluetoothAdapter: isLeEnabled(): ON
05-05 01:21:48.002 14194 14293 I BeaconBle: Resetting - new scanner available: true
05-05 01:21:48.002 14194 14293 I BeaconBle: ZERO_POWER is disabled.
05-05 01:21:48.002 14194 14293 I BeaconBle: 'L' hardware scan: scan stopped, no powered clients
05-05 01:21:48.079 14517 14769 W ConnectionTracker: Exception thrown while unbinding
05-05 01:21:48.079 14517 14769 W ConnectionTracker: java.lang.IllegalArgumentException: Service not registered: tai@19707e9
05-05 01:21:48.079 14517 14769 W ConnectionTracker: 	at android.app.LoadedApk.forgetServiceDispatcher(LoadedApk.java:1751)
05-05 01:21:48.079 14517 14769 W ConnectionTracker: 	at android.app.ContextImpl.unbindService(ContextImpl.java:1776)
05-05 01:21:48.079 14517 14769 W ConnectionTracker: 	at android.content.ContextWrapper.unbindService(ContextWrapper.java:741)
05-05 01:21:48.079 14517 14769 W ConnectionTracker: 	at seb.b(PG:29)
05-05 01:21:48.079 14517 14769 W ConnectionTracker: 	at seb.a(PG:25)
05-05 01:21:48.079 14517 14769 W ConnectionTracker: 	at taj.q(PG:48)
05-05 01:21:48.079 14517 14769 W ConnectionTracker: 	at szu.a(PG:5)
05-05 01:21:48.079 14517 14769 W ConnectionTracker: 	at srt.run(PG:5)
05-05 01:21:48.079 14517 14769 W ConnectionTracker: 	at java.util.concurrent.Executors$RunnableAdapter.call(Executors.java:462)
05-05 01:21:48.079 14517 14769 W ConnectionTracker: 	at java.util.concurrent.FutureTask.run(FutureTask.java:266)
05-05 01:21:48.079 14517 14769 W ConnectionTracker: 	at sxd.run(PG:36)
05-05 01:21:48.738 13217 13712 D UIAutomatorStub: URI: /jsonrpc/0, Method: POST, params, {NanoHttpd.QUERY_STRING=null}, files: {postData={"jsonrpc": "2.0", "id": "88a4a8f3d90db680ecbf481d4df92242", "method": "dumpWindowHierarchy", "params": [false, null]}}
05-05 01:21:48.742 13217 13712 W QueryController: Could not detect idle state.
05-05 01:21:48.743 13217 13712 W QueryController: Could not detect idle state.
05-05 01:21:48.782 13217 13712 I AccessibilityNodeInfoDumper: Skipping invisible child: android.view.accessibility.AccessibilityNodeInfo@27a69; boundsInParent: Rect(0, 0 - 0, 80); boundsInScreen: Rect(540, 3 - 540, 83); packageName: com.android.systemui; className: android.widget.FrameLayout; text: null; error: null; maxTextLength: -1; contentDescription: null; tooltipText: null; viewIdResName: com.android.systemui:id/centered_icon_area; checkable: false; checked: false; focusable: false; focused: false; selected: false; clickable: false; longClickable: false; contextClickable: false; enabled: true; password: false; scrollable: false; importantForAccessibility: false; visible: false; actions: [AccessibilityAction: ACTION_SELECT - null, AccessibilityAction: ACTION_CLEAR_SELECTION - null, AccessibilityAction: ACTION_ACCESSIBILITY_FOCUS - null, AccessibilityAction: ACTION_SHOW_ON_SCREEN - null]
05-05 01:21:48.793 13217 13712 I AccessibilityNodeInfoDumper: Skipping invisible child: android.view.accessibility.AccessibilityNodeInfo@e158; boundsInParent: Rect(0, 0 - 1080, 47); boundsInScreen: Rect(0, 2523 - 1080, 2280); packageName: com.google.android.apps.nexuslauncher; className: android.view.View; text: null; error: null; maxTextLength: -1; contentDescription: null; tooltipText: null; viewIdResName: com.google.android.apps.nexuslauncher:id/apps_divider_view; checkable: false; checked: false; focusable: false; focused: false; selected: false; clickable: false; longClickable: false; contextClickable: false; enabled: true; password: false; scrollable: false; importantForAccessibility: false; visible: false; actions: [AccessibilityAction: ACTION_SELECT - null, AccessibilityAction: ACTION_CLEAR_SELECTION - null, AccessibilityAction: ACTION_ACCESSIBILITY_FOCUS - null, AccessibilityAction: ACTION_SHOW_ON_SCREEN - null]
05-05 01:21:48.794 13217 13712 I AccessibilityNodeInfoDumper: Skipping invisible child: android.view.accessibility.AccessibilityNodeInfo@fb9f; boundsInParent: Rect(0, 0 - 0, 42); boundsInScreen: Rect(540, 2084 - 540, 2126); packageName: com.google.android.apps.nexuslauncher; className: android.widget.TextView; text: null; error: null; maxTextLength: -1; contentDescription: ; tooltipText: null; viewIdResName: com.google.android.apps.nexuslauncher:id/qsb_hint; checkable: false; checked: false; focusable: false; focused: false; selected: false; clickable: false; longClickable: false; contextClickable: false; enabled: true; password: false; scrollable: false; importantForAccessibility: false; visible: false; actions: [AccessibilityAction: ACTION_SELECT - null, AccessibilityAction: ACTION_CLEAR_SELECTION - null, AccessibilityAction: ACTION_ACCESSIBILITY_FOCUS - null, AccessibilityAction: ACTION_SHOW_ON_SCREEN - null]
05-05 01:21:48.795 13217 13712 I AccessibilityNodeInfoDumper: Skipping invisible child: android.view.accessibility.AccessibilityNodeInfo@ff60; boundsInParent: Rect(0, 0 - 206, 171); boundsInScreen: Rect(822, 2099 - 1028, 2270); packageName: com.google.android.apps.nexuslauncher; className: android.widget.TextView; text: null; error: null; maxTextLength: -1; contentDescription: null; tooltipText: null; viewIdResName: com.google.android.apps.nexuslauncher:id/fast_scroller_popup; checkable: false; checked: false; focusable: false; focused: false; selected: false; clickable: false; longClickable: false; contextClickable: false; enabled: true; password: false; scrollable: false; importantForAccessibility: false; visible: false; actions: [AccessibilityAction: ACTION_SELECT - null, AccessibilityAction: ACTION_CLEAR_SELECTION - null, AccessibilityAction: ACTION_ACCESSIBILITY_FOCUS - null, AccessibilityAction: ACTION_SHOW_ON_SCREEN - null]
05-05 01:21:49.057   859   894 D rlsservice: MonitorDisplayStatus client num 1, display status 1, sensor status 1
05-05 01:21:49.084  1339  1339 V NotificationListeners: Not registering ComponentInfo{com.google.android.apps.nexuslauncher/com.android.launcher3.notification.NotificationListener} is already bound
05-05 01:21:49.249  1339  1339 V NotificationAssistants:     disconnecting old notification assistant: android.service.notification.INotificationListener$Stub$Proxy@7a1ef4c
05-05 01:21:49.249  1339  1339 D NotificationListeners: Removing active service ComponentInfo{com.google.android.ext.services/android.ext.services.notification.Assistant}
05-05 01:21:49.254  1339  1339 V NotificationAssistants: binding: Intent { act=android.service.notification.NotificationAssistantService cmp=com.google.android.ext.services/android.ext.services.notification.Assistant (has extras) }
05-05 01:21:49.268  1339  1339 V NotificationAssistants: 0 notification assistant service connected: ComponentInfo{com.google.android.ext.services/android.ext.services.notification.Assistant}
05-05 01:21:49.278  1339  1339 V NotificationListeners:     disconnecting old notification listener: android.service.notification.INotificationListener$Stub$Proxy@1f71c49
05-05 01:21:49.280  1339  1339 V NotificationListeners: binding: Intent { act=android.service.notification.NotificationListenerService cmp=com.google.android.as/com.google.android.apps.miphone.aiai.common.notification.service.AiAiNotificationListenerService (has extras) }
05-05 01:21:49.280 14100 14100 I AiAiOdi : StatusBarNotificationProcessor destroyed.
05-05 01:21:49.283 14100 14151 I AiAiOdi : StatusBarNotificationProcessor created.
05-05 01:21:49.285  1339  1339 V NotificationListeners: 0 notification listener service connected: ComponentInfo{com.google.android.as/com.google.android.apps.miphone.aiai.common.notification.service.AiAiNotificationListenerService}
