05-05 01:18:21.318 11439 11439 D BluetoothMapAccountLoader: Found 0 application(s) with intent android.bluetooth.action.BLUETOOTH_MAP_PROVIDER
05-05 01:18:21.318 11439 11439 D BluetoothMapAccountLoader: Found 0 application(s) with intent android.bluetooth.action.BLUETOOTH_MAP_IM_PROVIDER
05-05 01:18:21.318 11439 11439 D BluetoothMapAppObserver: createReceiver()
05-05 01:18:21.319 11439 11439 D BluetoothMapAppObserver: initObservers()
05-05 01:18:21.319 11439 11439 D BluetoothMapAppObserver: getEnabledAccountItems()
05-05 01:18:21.319 11439 11439 D BluetoothMapService: setBluetoothMapService(): set to: com.android.bluetooth.map.BluetoothMapService@c9d8ac5
05-05 01:18:21.320 11439 11439 D BluetoothAdapterService: getAdapterService() - returning com.android.bluetooth.btservice.AdapterService@f0b6b9
05-05 01:18:21.320  1339  1549 W BestClock: java.time.DateTimeException: Missing NTP fix
05-05 01:18:21.321  1339  1550 W BestClock: java.time.DateTimeException: Missing NTP fix
05-05 01:18:21.322 11439 11439 I AvrcpTargetService: User unlocked, initializing the service
05-05 01:18:21.322 11439 11439 I AvrcpTargetService: Starting the AVRCP Target Service
05-05 01:18:21.322   821 11627 I netd    : bandwidthSetGlobalAlert(2097152) <0.16ms>
05-05 01:18:21.323 11439 11439 V AvrcpMediaPlayerList: Creating MediaPlayerList
05-05 01:18:21.325  1339  5678 D MediaSessionService: The callback android.media.session.ICallback$Stub$Proxy@a6fd6e4 is set by com.android.bluetooth
05-05 01:18:21.325 11439 11439 I AvrcpTargetJni: classInitNative: AvrcpTargetJni initialized!
05-05 01:18:21.325 11439 11439 D AvrcpNativeInterface: Init AvrcpNativeInterface
05-05 01:18:21.325 11439 11439 D AvrcpTargetJni: initNative
05-05 01:18:21.325 11439 11936 I bt_stack: [INFO:avrcp_service.cc(288)] AVRCP Target Service started
05-05 01:18:21.325 11439 11936 I bt_stack: [INFO:connection_handler.cc(183)] Connect to device ff:ff:ff:ff:ff:ff
05-05 01:18:21.325 11439 11936 I bt_stack: [INFO:connection_handler.cc(204)] virtual bool bluetooth::avrcp::ConnectionHandler::AvrcpConnect(bool, const RawAddress &): handle=0000 status= 000000
05-05 01:18:21.328 11439 11439 V AvrcpMediaPlayerList: Initializing MediaPlayerList
05-05 01:18:21.329 11439 11439 I AvrcpBrowsedPlayerWrapper: Wrapping Media Browser com.google.android.apps.youtube.music
05-05 01:18:21.329 11439 11439 D AvrcpBrowsedPlayerWrapper: connect: Connecting to browsable player: com.google.android.apps.youtube.music
05-05 01:18:21.329 11439 11439 I AvrcpBrowsedPlayerWrapper: Wrapping Media Browser com.google.android.googlequicksearchbox
05-05 01:18:21.329 11439 11439 D AvrcpBrowsedPlayerWrapper: connect: Connecting to browsable player: com.google.android.googlequicksearchbox
05-05 01:18:21.329 11439 11439 I AvrcpBrowsedPlayerWrapper: Wrapping Media Browser com.google.android.youtube
05-05 01:18:21.329 11439 11439 D AvrcpBrowsedPlayerWrapper: connect: Connecting to browsable player: com.google.android.youtube
05-05 01:18:21.330 11439 11439 V SapService: SapBinder()
05-05 01:18:21.331 11439 11439 D BluetoothAdapterService: getAdapterService() - returning com.android.bluetooth.btservice.AdapterService@f0b6b9
05-05 01:18:21.331 11439 11439 V SapService: start()
05-05 01:18:21.332 11439 11439 D BluetoothAdapterService: getAdapterService() - returning com.android.bluetooth.btservice.AdapterService@f0b6b9
05-05 01:18:21.334 11439 11439 V BluetoothHidDeviceServiceJni: classInitNative: done
05-05 01:18:21.334 11439 11439 V BluetoothHidDeviceServiceJni: initNative enter
05-05 01:18:21.334 11439 11439 I bt_btif : get_profile_interface: id = hiddev
05-05 01:18:21.334 11439 11439 V BluetoothHidDeviceServiceJni: initNative done
05-05 01:18:21.334 11439 11531 I bt_btif_storage: btif_storage_get_adapter_property service_mask:0x60100048
05-05 01:18:21.336 11439 11439 D BluetoothAdapterService: getAdapterService() - returning com.android.bluetooth.btservice.AdapterService@f0b6b9
05-05 01:18:21.338 11439 11439 D BtOppService: setBluetoothOppService(): set to: com.android.bluetooth.opp.BluetoothOppService@e378a17
05-05 01:18:21.339 11439 11439 D BluetoothAdapterService: getAdapterService() - returning com.android.bluetooth.btservice.AdapterService@f0b6b9
05-05 01:18:21.339 11439 11967 D BluetoothMapMasInstance0: Map Service startSocketListeners
05-05 01:18:21.339 11439 11967 D ObexServerSockets: create(rfcomm = -2, l2capPsm = -2)
05-05 01:18:21.340 11439 11967 W BluetoothAdapter: getBluetoothService() called with no BluetoothManagerCallback
05-05 01:18:21.340 11439 11439 I BluetoothPbapService: setCurrentUser(0)
05-05 01:18:21.340 11439 11439 I BluetoothPbapService: setUserUnlocked(0)
05-05 01:18:21.340 11439 11439 I BluetoothPbapService: setUserUnlocked(0)
05-05 01:18:21.343 11439 11936 I bt_stack: [INFO:port_api.cc(227)] RFCOMM_CreateConnection: bd_addr=ff:ff:ff:ff:ff:ff, scn=4, is_server=1, mtu=990, uuid=0x0039, dlci=8, signal_state=0x0b, p_port=0x783fafdda0
05-05 01:18:21.343 11439 11967 W BluetoothAdapter: getBluetoothService() called with no BluetoothManagerCallback
05-05 01:18:21.344 11439 11967 D BluetoothAdapter: listenUsingL2capOn: set assigned channel to 4097
05-05 01:18:21.344 11439 11967 D ObexServerSockets: Succeed to create listening sockets 
05-05 01:18:21.344 11439 11967 D ObexServerSockets0: startAccept()
05-05 01:18:21.344 11439 11967 D BluetoothSdpJni: sdpCreateMapMasRecordNative
05-05 01:18:21.344 11439 11967 D BluetoothSdpJni: SDP Create record success - handle: 0
05-05 01:18:21.345 11439 11439 D BluetoothPbapService: setBluetoothPbapService(): set to: com.android.bluetooth.pbap.BluetoothPbapService@b4b8a6e
05-05 01:18:21.345 11439 11439 D HearingAidService: create()
05-05 01:18:21.345 11439 11439 D BluetoothAdapterService: getAdapterService() - returning com.android.bluetooth.btservice.AdapterService@f0b6b9
05-05 01:18:21.347 11439 11439 D HearingAidService: start()
05-05 01:18:21.347 11439 11439 D BluetoothAdapterService: getAdapterService() - returning com.android.bluetooth.btservice.AdapterService@f0b6b9
05-05 01:18:21.347  2076  2553 E PhoneInterfaceManager: [PhoneIntfMgr] getIccId: No UICC
05-05 01:18:21.347 11439 11439 I bt_stack: [INFO:com_android_bluetooth_hearing_aid.cpp(100)] classInitNative: succeeds
05-05 01:18:21.348 11439 11974 D ObexServerSockets0: Accepting socket connection...
05-05 01:18:21.348 11358 11540 W Icing   : Package com.android.chrome targets Android P and isn't allowed to use AppDataSearch indexing API
05-05 01:18:21.351 11439 11439 D HearingAidService: setHearingAidService(): set to: com.android.bluetooth.hearingaid.HearingAidService@b2c2388
05-05 01:18:21.351 11439 11439 I bt_btif : get_profile_interface: id = hearing_aid
05-05 01:18:21.351 11439 11936 I bt_stack: [INFO:hearing_aid_software_encoding.cc(172)] init
05-05 01:18:21.351 11439 11439 D HeadsetPhoneState: sendDeviceStateChanged. mService=0 mIsSimStateLoaded=false mSignal=0 mRoam=0 mBatteryCharge=5
05-05 01:18:21.352 11439 11439 D AvrcpVolumeManager: onAudioDevicesAdded: Not expecting device changed
05-05 01:18:21.352  2076  2553 E PhoneInterfaceManager: [PhoneIntfMgr] getIccId: No UICC
05-05 01:18:21.352 11439 11536 D BluetoothActiveDeviceManager: handleMessage(MESSAGE_A2DP_ACTION_ACTIVE_DEVICE_CHANGED): device= null
05-05 01:18:21.352 11439 11936 I bt_stack: [INFO:client_interface.cc(197)] listManifestByInterface_cb returns 1 instance(s)
05-05 01:18:21.353 11439 11936 I bt_stack: [INFO:client_interface.cc(232)] IBluetoothAudioProvidersFactory::getService() returned 0x789a3afb20 (remote)
05-05 01:18:21.353 11439 11972 D ObexServerSockets: create(rfcomm = -2, l2capPsm = -2)
05-05 01:18:21.353 11439 11972 W BluetoothAdapter: getBluetoothService() called with no BluetoothManagerCallback
05-05 01:18:21.354   833  1077 I BTAudioProvidersFactory: getProviderCapabilities - SessionType=HEARING_AID_SOFTWARE_ENCODING_DATAPATH supports 1 codecs
05-05 01:18:21.354 11439 11936 I bt_stack: [INFO:client_interface.cc(260)] fetch_audio_provider: BluetoothAudioHal SessionType=HEARING_AID_SOFTWARE_ENCODING_DATAPATH has 1 AudioCapabilities
05-05 01:18:21.355   833  4866 I BTAudioProvidersFactory: openProvider - SessionType=HEARING_AID_SOFTWARE_ENCODING_DATAPATH
05-05 01:18:21.355 11439 11936 I bt_stack: [INFO:client_interface.cc(270)] openProvider_cb(SUCCESS)
05-05 01:18:21.355 11439 11936 I bt_stack: [INFO:client_interface.cc(289)] IBluetoothAudioProvidersFactory::openProvider() returned 0x789a3afa40 (remote)
05-05 01:18:21.355 11439 11936 I bt_stack: [INFO:gatt_api.cc(946)] GATT_Register 9c0b3ea7-96da-a455-f60a-f71cbe02dd0c
05-05 01:18:21.355 11439 11936 I bt_stack: [INFO:gatt_api.cc(966)] allocated gatt_if=5
05-05 01:18:21.355 11439 11936 I bt_stack: [INFO:port_api.cc(227)] RFCOMM_CreateConnection: bd_addr=ff:ff:ff:ff:ff:ff, scn=5, is_server=1, mtu=990, uuid=0x003b, dlci=10, signal_state=0x0b, p_port=0x783fafde58
05-05 01:18:21.356 11439 11972 W BluetoothAdapter: getBluetoothService() called with no BluetoothManagerCallback
05-05 01:18:21.357 11439 11972 D BluetoothAdapter: listenUsingL2capOn: set assigned channel to 4099
05-05 01:18:21.357 11439 11972 D ObexServerSockets: Succeed to create listening sockets 
05-05 01:18:21.357 11439 11972 D ObexServerSockets1: startAccept()
05-05 01:18:21.357 11439 11972 D BluetoothSdpJni: sdpCreatePbapPseRecordNative
05-05 01:18:21.357 11439 11972 D BluetoothSdpJni: SDP Create record success - handle: 1
05-05 01:18:21.357 11439 11972 D BluetoothPbapService: created Sdp record, mSdpHandle=1
05-05 01:18:21.361 11439 11978 D ObexServerSockets1: Accepting socket connection...
05-05 01:18:21.361 11439 11977 D ObexServerSockets1: Accepting socket connection...
05-05 01:18:21.362 11439 11439 D AdapterProperties: onBluetoothReady, state=TURNING_ON, ScanMode=20
05-05 01:18:21.362 11439 11439 D BluetoothAdapterService: updateUuids() - Updating UUIDs for bonded devices
05-05 01:18:21.362 11439 11531 D AdapterProperties: Scan Mode:21
05-05 01:18:21.362 11439 11531 D AdapterProperties: Discoverable Timeout:120
05-05 01:18:21.363 11439 11439 I BluetoothPhonePolicy: processProfileActiveDeviceChanged, activeDevice=null, profile=2
05-05 01:18:21.363 11439 11439 W BluetoothPhonePolicy: processProfileActiveDeviceChanged: ignore null A2DP active device
05-05 01:18:21.363 11439 11523 I AdapterState: ON : entered 
05-05 01:18:21.363 11439 11523 D AdapterProperties: Setting state to ON
05-05 01:18:21.363 11439 11523 D BluetoothAdapterService: updateAdapterState() - Broadcasting state ON to 1 receivers.
05-05 01:18:21.363  1339  1360 D BluetoothManagerService: MESSAGE_BLUETOOTH_STATE_CHANGE: TURNING_ON > ON
05-05 01:18:21.363  1339  1360 D BluetoothManagerService: Broadcasting onBluetoothStateChange(true) to 16 receivers.
05-05 01:18:21.363  1339  1360 D BluetoothHeadset: onBluetoothStateChange: up=true
05-05 01:18:21.363  1339  1360 D BluetoothManagerService: Creating new ProfileServiceConnections object for profile: 1
05-05 01:18:21.363 11439 11531 D AdapterProperties: mLocalIOCapability set to 1
05-05 01:18:21.363 11439 11531 D AdapterProperties: mLocalIOCapabilityBLE set to 4
05-05 01:18:21.365  1339  1360 D BluetoothHearingAid: Binding service...
05-05 01:18:21.365  3006  3006 I PodcastsMBService: onGetRoot com.android.bluetooth
05-05 01:18:21.365  1737  2239 D BluetoothSap: Binding service...
05-05 01:18:21.366 11557 11703 I AiAiCaptions: Would enable com.google.android.apps.miphone.aiai.captions.notificationbroadcastreceiver.CaptionsNotificationBroadcastReceiver but already enabled
05-05 01:18:21.366  1339  1360 D BluetoothHeadset: onBluetoothStateChange: up=true
05-05 01:18:21.366  1737  1759 D BluetoothHearingAid: Binding service...
05-05 01:18:21.366  1339  1360 D BluetoothA2dp: Binding service...
05-05 01:18:21.366  1737  2621 D BluetoothHeadset: onBluetoothStateChange: up=true
05-05 01:18:21.366  1737 11404 D BluetoothHidHost: Binding service...
05-05 01:18:21.366  1737  1757 D BluetoothHidDevice: Binding service...
05-05 01:18:21.367  3006  3006 I PodcastsMBService: Creating new searchServiceClient to route media browser request
05-05 01:18:21.367  1339  1360 D BluetoothHeadset: onBluetoothStateChange: up=true
05-05 01:18:21.368  1339  1360 D BluetoothHearingAid: Binding service...
05-05 01:18:21.368  2076  2553 D BluetoothHeadset: onBluetoothStateChange: up=true
05-05 01:18:21.368  1339  1339 D BluetoothHearingAid: Proxy object connected
05-05 01:18:21.368  1737  1737 D BluetoothHearingAid: Proxy object connected
05-05 01:18:21.368 11812 11969 W android.vendin: Accessing hidden field Ljava/util/Collections$SynchronizedCollection;->mutex:Ljava/lang/Object; (greylist-max-o, reflection, denied)
05-05 01:18:21.368  1737  2621 D BluetoothMap: Binding service...
05-05 01:18:21.368 11812 11969 W android.vendin: Accessing hidden method Ljava/util/Collections$SynchronizedSet;-><init>(Ljava/util/Set;Ljava/lang/Object;)V (greylist-max-o, reflection, denied)
05-05 01:18:21.368 11812 11969 W android.vendin: Accessing hidden method Ljava/util/Collections$SynchronizedCollection;-><init>(Ljava/util/Collection;Ljava/lang/Object;)V (greylist-max-o, reflection, denied)
05-05 01:18:21.370  1339  1339 D BluetoothHearingAid: Proxy object connected
05-05 01:18:21.370  1339  1360 D BluetoothManagerService: Sending BLE State Change: TURNING_ON > ON
05-05 01:18:21.370  1339  1339 I Telecom : : - Got BluetoothHearingAid: android.bluetooth.BluetoothHearingAid@4aceef5: BMSL.oSC@AFs
05-05 01:18:21.371  1737  2239 D BluetoothA2dp: Binding service...
05-05 01:18:21.371  1339  1339 D BluetoothA2dp: Proxy object connected
05-05 01:18:21.371  3006  3612 I PBSessionCacheImpl: Deleted sessionId[13222116424695288] from persistence.
05-05 01:18:21.371  1737  2621 D BluetoothPan: Binding service...
05-05 01:18:21.372  2861  2861 I GsaVoiceInteractionSrv: O received Intent { act=android.bluetooth.adapter.action.STATE_CHANGED flg=0x4000010 (has extras) }
05-05 01:18:21.372  1339  1339 I Telecom : BluetoothPhoneService: queryPhoneState: BPSI.qPS@AFw
05-05 01:18:21.374   822   822 D Zygote  : Forked child process 11983
05-05 01:18:21.374  1737  1737 D BluetoothHidDevice: Proxy object connected
05-05 01:18:21.377  1339  1368 I ActivityManager: Start proc 11983:com.google.android.apps.youtube.music/u0a194 for service {com.google.android.apps.youtube.music/com.google.android.apps.youtube.music.mediabrowser.MusicBrowserService}
05-05 01:18:21.377  1737  1737 D BluetoothA2dp: Proxy object connected
05-05 01:18:21.377 11439 11976 D BluetoothPbapUtils: Contacts updated between last BT OFF and currentPbap Connect, primaryVersionCounter=1, secondaryVersionCounter=1
05-05 01:18:21.378  1339  1356 W ActivityManager: Receiver with filter android.content.IntentFilter@a4fa1d4 already registered for pid 1737, callerPackage is com.android.systemui
05-05 01:18:21.379 11439 11973 D ObexServerSockets0: Accepting socket connection...
05-05 01:18:21.385 11983 11983 E s.youtube.musi: Not starting debugger since process cannot load the jdwp agent.
05-05 01:18:21.385  1737  1737 D BluetoothHidHost: Proxy object connected
05-05 01:18:21.387  1737  1737 D BluetoothSap: Proxy object connected
05-05 01:18:21.388  1737  1737 D BluetoothSap: getConnectedDevices()
05-05 01:18:21.388 11439 11952 V SapService: getConnectedDevices()
05-05 01:18:21.390  1737  1737 D BluetoothMap: Proxy object connected
05-05 01:18:21.390  1737  1737 D BluetoothMap: getConnectedDevices()
05-05 01:18:21.390 11439 11536 D BluetoothActiveDeviceManager: handleMessage(MESSAGE_ADAPTER_ACTION_STATE_CHANGED): newState=12
05-05 01:18:21.395   822   822 D Zygote  : Forked child process 12003
05-05 01:18:21.396  1339  1368 I ActivityManager: Start proc 12003:com.google.android.youtube/u0a190 for service {com.google.android.youtube/com.google.android.apps.youtube.app.extensions.mediabrowser.impl.MainAppMediaBrowserService}
05-05 01:18:21.397  1737  1737 D BluetoothPan: Proxy object connected
05-05 01:18:21.398 11439 11439 D BluetoothAdapterService: isQuetModeEnabled() - Enabled = false
05-05 01:18:21.398 11439 11439 I BluetoothPhonePolicy: autoConnect: Initiate auto connection on BT on...
05-05 01:18:21.398 11439 11439 D BtOppService: start Socket Listeners
05-05 01:18:21.398 11439 11439 D BtOppService: stopListeners: mServerSocket is null
05-05 01:18:21.398 11439 11439 D ObexServerSockets: create(rfcomm = -2, l2capPsm = -2)
05-05 01:18:21.398 11439 11439 W BluetoothAdapter: getBluetoothService() called with no BluetoothManagerCallback
05-05 01:18:21.399 11439 11439 D BluetoothAdapter: listenUsingInsecureL2capOn: port=-2
05-05 01:18:21.399 11439 11936 I bt_stack: [INFO:port_api.cc(227)] RFCOMM_CreateConnection: bd_addr=ff:ff:ff:ff:ff:ff, scn=6, is_server=1, mtu=990, uuid=0x003d, dlci=12, signal_state=0x0b, p_port=0x783fafdf10
05-05 01:18:21.399 11439 11439 W BluetoothAdapter: getBluetoothService() called with no BluetoothManagerCallback
05-05 01:18:21.400 11439 11439 D BluetoothAdapter: listenUsingInsecureL2capOn: set assigned channel to 4101
05-05 01:18:21.400 11439 11439 D ObexServerSockets: Succeed to create listening sockets 
05-05 01:18:21.400 11439 11439 D ObexServerSockets2: startAccept()
05-05 01:18:21.401 11439 11439 D BluetoothSdpJni: sdpCreateOppOpsRecordNative
05-05 01:18:21.401 11439 11439 D BluetoothSdpJni: SDP Create record success - handle: 2
05-05 01:18:21.401 11439 11439 D BtOppService: mOppSdpHandle :2
05-05 01:18:21.404  3006  3404 I MicroDetectionState: Should stop hotword detection immediately - false
05-05 01:18:21.406  2861  2861 I GsaVoiceInteractionSrv: Handling ACTION_STOP_DSP_HOTWORD
05-05 01:18:21.407 12003 12003 E android.youtub: Not starting debugger since process cannot load the jdwp agent.
05-05 01:18:21.409  3006  3006 W MediaSessionCompat: Couldn't find a unique registered media button receiver in the given context.
05-05 01:18:21.412 11439 11439 V AvrcpMediaPlayerList: onActiveSessionsChanged: number of controllers: 0
05-05 01:18:21.413 11439 11439 V AvrcpMediaPlayerList: onActiveSessionsChanged: number of controllers: 1
05-05 01:18:21.413 11439 11439 D AvrcpMediaPlayerList: onActiveSessionsChanged: controller: com.google.android.googlequicksearchbox
05-05 01:18:21.415 11439 11439 I AvrcpMediaPlayerList: Adding wrapped media player: com.google.android.googlequicksearchbox at key: 1
05-05 01:18:21.415 11983 11983 D ApplicationLoaders: Returning zygote-cached class loader: /system/framework/android.hidl.base-V1.0-java.jar
05-05 01:18:21.415 11983 11983 D ApplicationLoaders: Returning zygote-cached class loader: /system/framework/android.hidl.manager-V1.0-java.jar
05-05 01:18:21.415 11983 11983 D ApplicationLoaders: Returning zygote-cached class loader: /system/framework/android.hidl.base-V1.0-java.jar
05-05 01:18:21.415 11439 12013 D ObexServerSockets2: Accepting socket connection...
05-05 01:18:21.416 11439 11439 I AvrcpBrowsedPlayerWrapper: onConnected: com.google.android.googlequicksearchbox is connected
05-05 01:18:21.416 11439 11439 D AvrcpBrowsablePlayerConnector: Browse player callback called: package=com.google.android.googlequicksearchbox : status=0
05-05 01:18:21.416 11439 11439 D AvrcpBrowsedPlayerWrapper: disconnect: Disconnecting from com.google.android.googlequicksearchbox
05-05 01:18:21.416 11439 12016 D ObexServerSockets2: Accepting socket connection...
05-05 01:18:21.416 11439 11439 D AvrcpBrowsablePlayerConnector: Received a message: msg.what=1
05-05 01:18:21.416 11439 12009 W BluetoothAdapter: getBluetoothService() called with no BluetoothManagerCallback
05-05 01:18:21.416 11439 11439 I AvrcpBrowsablePlayerConnector: Checking root contents for com.google.android.googlequicksearchbox
05-05 01:18:21.416 11983 11983 I s.youtube.musi: The ClassLoaderContext is a special shared library.
05-05 01:18:21.416 11439 11439 D AvrcpBrowsedPlayerWrapper: connect: Connecting to browsable player: com.google.android.googlequicksearchbox
05-05 01:18:21.416  3006  3613 I PBSessionCacheImpl: Deleted sessionId[13222116424695318] from persistence.
05-05 01:18:21.416 11439 12009 D BluetoothSdpJni: sdpCreateSapsRecordNative
05-05 01:18:21.416 11439 12009 D BluetoothSdpJni: SDP Create record success - handle: 3
05-05 01:18:21.416 11439 11936 I bt_stack: [INFO:port_api.cc(227)] RFCOMM_CreateConnection: bd_addr=ff:ff:ff:ff:ff:ff, scn=7, is_server=1, mtu=990, uuid=0x003f, dlci=14, signal_state=0x0b, p_port=0x783fafdfc8
05-05 01:18:21.418  3006  3404 W SearchServiceCore: Abort, client detached.
05-05 01:18:21.419 11358 11540 W Icing   : Package com.google.android.googlequicksearchbox targets Android P and isn't allowed to use AppDataSearch indexing API
05-05 01:18:21.425  3006  3006 I PodcastsMBService: onGetRoot com.android.bluetooth
05-05 01:18:21.427  3006  3006 I PodcastsMBService: Creating new searchServiceClient to route media browser request
05-05 01:18:21.431 11812 11933 I Finsky  : [114] ptn.a(44): Loaded library for account: [yHHOJmxEaISsQm-NEAQW9jcLsSv_Lhfu74KguJhbNmg]
05-05 01:18:21.431 11812 11933 I Finsky  : [114] ptn.a(48): Finished loading 1 libraries.
05-05 01:18:21.438 12003 12003 I android.youtub: The ClassLoaderContext is a special shared library.
05-05 01:18:21.454 11358 11540 W Icing   : Package com.google.android.gm targets Android P and isn't allowed to use AppDataSearch indexing API
05-05 01:18:21.457 11812 11929 I PlayCommon: [113] anfu.c(148): Connecting to server for timestamp: https://play.googleapis.com/play/log/timestamp
05-05 01:18:21.460  3006  3612 I PBSessionCacheImpl: Deleted sessionId[13222116424695288] from persistence.
05-05 01:18:21.465  1339  1360 D BluetoothHeadset: Proxy object connected
05-05 01:18:21.466  1339  1360 D BluetoothHeadset: Proxy object connected
05-05 01:18:21.466  1339  1339 I Telecom : BluetoothPhoneService: updateHeadsetWithCallState numActive 0, numHeld 0, callState 6, ringing number ***, ringing type 128, ringing name null
05-05 01:18:21.467 12003 12003 W android.youtub: JIT profile information will not be recorded: profile file does not exits.
05-05 01:18:21.467 12003 12003 I chatty  : uid=10190(com.google.android.youtube) identical 1 line
05-05 01:18:21.467 12003 12003 W android.youtub: JIT profile information will not be recorded: profile file does not exits.
05-05 01:18:21.467  1737  2621 D BluetoothHeadset: Proxy object connected
05-05 01:18:21.467  1339  1575 I AS.BtHelper: setBtScoActiveDevice: null -> null
05-05 01:18:21.469  1339  1360 D BluetoothHeadset: Proxy object connected
05-05 01:18:21.470  1339  1339 I Telecom : : - Got BluetoothHeadset: com.android.server.telecom.BluetoothHeadsetProxy@4c9f559: BMSL.oSC@AF0
05-05 01:18:21.470  2076  5040 D BluetoothHeadset: Proxy object connected
05-05 01:18:21.470 11812 11812 I Finsky  : [2] rze.a(19): PackageMonitor - Received: android.intent.action.PACKAGE_FULLY_REMOVED, [yTMF_0uo0grV7abLoF4-73IhrCTOlWeDsIv6X7GksBA]
05-05 01:18:21.470 11812 11812 I Finsky  : [2] sah.d(9): Invalidating cached PackageState for com.github.android_app_bootstrap
05-05 01:18:21.473   833  3604 D audio_hw_primary: adev_set_parameters: enter: A2dpSuspended=false
05-05 01:18:21.473   833  3604 D audio_hw_hfp: hfp_set_parameters: enter
05-05 01:18:21.473   833  3604 I chatty  : uid=1041(audioserver) HwBinder:833_5 identical 1 line
05-05 01:18:21.473   833  3604 D audio_hw_hfp: hfp_set_parameters: enter
05-05 01:18:21.486 11812 11812 I Finsky  : [2] adky.a(10): Do not start WearSupportService due to Wear service optimization
05-05 01:18:21.487 11812 11812 I Finsky  : [2] adky.a(10): Do not start WearSupportService due to Wear service optimization
05-05 01:18:21.487 11128 11128 I Fido    : [CableAuthenticatorChimeraService] Registering broadcast receiver.
05-05 01:18:21.489 11128 11128 I NearbyDiscovery: DiscoveryService created [CONTEXT service_id=49 ]
05-05 01:18:21.492  3006  3404 I MicroDetectionState: Should stop hotword detection immediately - false
05-05 01:18:21.492 11128 11128 W ChimeraUtils: Non Chimera context
05-05 01:18:21.492 11128 11128 W ChimeraUtils: Non Chimera context
05-05 01:18:21.494  3006  3404 I MicroDetectionState: Should stop hotword detection immediately - false
05-05 01:18:21.496  3006  3404 E MicroDetectionWorker: Stale runnable..ignoring
05-05 01:18:21.497  3006  3590 I PBSessionCacheImpl: Deleted sessionId[13222116424695321] from persistence.
05-05 01:18:21.498 11812 11812 I Finsky  : [2] wou.a(1): Clearing split related stale data.
05-05 01:18:21.498  3006  3404 W SearchServiceCore: Abort, client detached.
05-05 01:18:21.500  2861  2861 I GsaVoiceInteractionSrv: Handling ACTION_STOP_DSP_HOTWORD
05-05 01:18:21.500 11439 11439 I AvrcpBrowsedPlayerWrapper: onConnected: com.google.android.googlequicksearchbox is connected
05-05 01:18:21.500 11439 11439 I AvrcpBrowsedPlayerWrapper: getFolderItems: Connected to browsable player: com.google.android.googlequicksearchbox
05-05 01:18:21.504 11812 11929 D NetworkSecurityConfig: No Network Security Config specified, using platform default
05-05 01:18:21.509 11983 11983 W s.youtube.musi: Accessing hidden field Ljava/util/Collections$SynchronizedCollection;->mutex:Ljava/lang/Object; (greylist-max-o, reflection, denied)
05-05 01:18:21.510 11983 11983 W s.youtube.musi: Accessing hidden method Ljava/util/Collections$SynchronizedSet;-><init>(Ljava/util/Set;Ljava/lang/Object;)V (greylist-max-o, reflection, denied)
05-05 01:18:21.510 11983 11983 W s.youtube.musi: Accessing hidden method Ljava/util/Collections$SynchronizedCollection;-><init>(Ljava/util/Collection;Ljava/lang/Object;)V (greylist-max-o, reflection, denied)
05-05 01:18:21.511   821 12053 E ResolverController: No valid NAT64 prefix (100, <unspecified>/0)
05-05 01:18:21.513 11128 11818 W Settings: Setting airplane_mode_on has moved from android.provider.Settings.System to android.provider.Settings.Global, returning read-only value.
05-05 01:18:21.514 11128 11128 W ChimeraUtils: Non Chimera context
05-05 01:18:21.514 11128 11128 W ChimeraUtils: Non Chimera context
05-05 01:18:21.517 12003 12003 E YouTube : flushBinderConnectionCallbacks is unverified on SDK 29
05-05 01:18:21.520 11128 11128 D BluetoothA2dp: Binding service...
05-05 01:18:21.521  3006  3612 I PBSessionCacheImpl: Deleted sessionId[13222116424695288] from persistence.
05-05 01:18:21.524 11128 11128 I NearbyDiscovery: DiscoveryService created for ACTION_STATE_CHANGED. [CONTEXT service_id=49 ]
05-05 01:18:21.524 11128 12048 I NearbyDiscovery: FastPairHandler: Received action android.bluetooth.adapter.action.STATE_CHANGED [CONTEXT service_id=49 ]
05-05 01:18:21.528 11128 12048 D BluetoothAdapter: isLeEnabled(): ON
05-05 01:18:21.529 11128 12048 I NearbyDiscovery: FastPairScanner2: isBleEnabled? bleEnabled:true, btEnabled:true, bleScanAvailable:true [CONTEXT service_id=49 ]
05-05 01:18:21.530 11128 12048 D BluetoothAdapter: isLeEnabled(): ON
05-05 01:18:21.530 11128 12048 I NearbyDiscovery: FastPairScanner2: Skipping stop, already stopped scanning [CONTEXT service_id=49 ]
05-05 01:18:21.536 11128 12048 D BluetoothAdapter: isLeEnabled(): ON
05-05 01:18:21.536 11128 11128 D BluetoothA2dp: Proxy object connected
05-05 01:18:21.536 11128 11128 I NearbyShared: BTConnStateMgr: onServiceConnected with profile 2.
05-05 01:18:21.537 12003 12070 W YouTube : Fetching the Gservices key 'failsafe_clear_cache_release_13_02' before the end of the bulk initialization
05-05 01:18:21.545 11812 11812 I Finsky  : [2] sah.j(3): Package no longer installed: com.github.android_app_bootstrap
05-05 01:18:21.546 11128 11198 I NearbyDiscovery: FastPairScanner2: Skipping restart scanning in LOW_LATENCY_SCANNING, already scanning [CONTEXT service_id=49 ]
05-05 01:18:21.546  3006  3404 I MicroDetectionState: Should stop hotword detection immediately - false
05-05 01:18:21.549 11439 11936 I bt_stack: [INFO:gatt_api.cc(946)] GATT_Register b0bacbcc-3d39-80dc-245b-79c67ee27e6e
05-05 01:18:21.549 11439 11936 I bt_stack: [INFO:gatt_api.cc(966)] allocated gatt_if=6
05-05 01:18:21.549 11128 11966 D BluetoothLeScanner: onScannerRegistered() - status=0 scannerId=6 mScannerId=0
05-05 01:18:21.550 11983 12041 W DynamiteModule: Local module descriptor class for providerinstaller not found.
05-05 01:18:21.550  3006  3404 I MicroDetectionState: Should stop hotword detection immediately - false
05-05 01:18:21.551  2861  2861 I GsaVoiceInteractionSrv: Handling ACTION_STOP_DSP_HOTWORD
05-05 01:18:21.551  3006  3404 E MicroDetectionWorker: Stale runnable..ignoring
05-05 01:18:21.558 11128 12048 I NearbyDiscovery: FastPairScanner2: Starting LOW_LATENCY_SCANNING scanning for 6 seconds [CONTEXT service_id=49 ]
05-05 01:18:21.564  3006  3613 I PBSessionCacheImpl: Deleted sessionId[13222116424695321] from persistence.
05-05 01:18:21.565 11358 11372 I gle.android.gm: Background young concurrent copying GC freed 76257(8180KB) AllocSpace objects, 67(2420KB) LOS objects, 87% free, 3358KB/27MB, paused 228us total 193.552ms
05-05 01:18:21.565 11439 11439 D AvrcpBrowsedPlayerWrapper: onChildrenLoaded: mediaId=com.android.bluetooth:agsa_root_media_id size= 5
05-05 01:18:21.565 11439 11439 D AvrcpBrowsedPlayerWrapper: onChildrenLoaded: Child="MediaItem{mFlags=1, mDescription=, 0 , null}",  ID="com.android.bluetooth:media_id_new_episodes"
05-05 01:18:21.566 11439 11439 D AvrcpBrowsedPlayerWrapper: onChildrenLoaded: Child="MediaItem{mFlags=1, mDescription=, 0 , null}",  ID="com.android.bluetooth:media_id_your_queue"
05-05 01:18:21.566 11439 11439 D AvrcpBrowsedPlayerWrapper: onChildrenLoaded: Child="MediaItem{mFlags=1, mDescription=, 0 , null}",  ID="com.android.bluetooth:media_id_downloads"
05-05 01:18:21.566 11439 11439 D AvrcpBrowsedPlayerWrapper: onChildrenLoaded: Child="MediaItem{mFlags=1, mDescription=, 0 , null}",  ID="com.android.bluetooth:media_id_continue_listening"
05-05 01:18:21.566 11439 11439 D AvrcpBrowsedPlayerWrapper: onChildrenLoaded: Child="MediaItem{mFlags=1, mDescription=, 0 , null}",  ID="com.android.bluetooth:media_id_favorites"
05-05 01:18:21.566 11439 11439 D AvrcpBrowsedPlayerWrapper: disconnect: Disconnecting from com.google.android.googlequicksearchbox
05-05 01:18:21.566 11439 11439 D AvrcpBrowsablePlayerConnector: Received a message: msg.what=0
05-05 01:18:21.566 11439 11439 I AvrcpBrowsablePlayerConnector: Successfully added package to results: com.google.android.googlequicksearchbox
05-05 01:18:21.566  3006  3404 W SearchServiceCore: Abort, client detached.
05-05 01:18:21.566 11983 12087 E GEL_DELAYED_EVENT_DEBUG: Failed delayed event dispatch, no dispatchers.
05-05 01:18:21.567 11439 11577 D BluetoothAdapterService: getAdapterService() - returning com.android.bluetooth.btservice.AdapterService@f0b6b9
05-05 01:18:21.570 11812 12063 I Finsky  : [142] erc.a(12): Asset module storage cleared for package com.github.android_app_bootstrap.
05-05 01:18:21.571 11128 11843 W ProviderHelper: Unknown dynamite feature providerinstaller
05-05 01:18:21.572   822   822 D Zygote  : Forked child process 12098
05-05 01:18:21.577  1339  1368 I ActivityManager: Start proc 12098:com.google.android.apps.podcasts/u0a212 for service {com.google.android.apps.podcasts/com.google.android.apps.podcasts.notification.PodcastNotificationService}
05-05 01:18:21.585  3006  3404 I MicroDetectionState: Should stop hotword detection immediately - false
05-05 01:18:21.587  2861  2861 I GsaVoiceInteractionSrv: Handling ACTION_START_DSP_HOTWORD
05-05 01:18:21.588 11983 12041 W ProviderInstaller: Failed to load providerinstaller module: No acceptable module found. Local version is 0 and remote version is 0.
05-05 01:18:21.592   833  3604 D SoundTriggerHAL: stdev_start_recognition stdev 0xe7119000, sound model 0
05-05 01:18:21.592   833  3604 D SoundTriggerHAL: dereg_hal_event_session: ST_EVENT_SESSION_DEREGISTER capture_handle 70 model 0xe711905c
05-05 01:18:21.592   833  3604 D SoundTriggerHAL: reg_hal_event_session: ST_EVENT_SESSION_REGISTER capture_handle 70 model 0xe711905c
05-05 01:18:21.592   833  3604 D SoundTriggerHAL: stdev_start_recognition: Is capture requested 1
05-05 01:18:21.592   833  3604 D SoundTriggerHAL: -stdev_start_recognition sound model 0-
05-05 01:18:21.593  1339 10356 I SoundTriggerHelper: startRecognition successful.
05-05 01:18:21.593  2861  2861 I GsaVoiceInteractionSrv: Start Hotword Recognition Status: true
05-05 01:18:21.599 12098 12098 E d.apps.podcast: Not starting debugger since process cannot load the jdwp agent.
05-05 01:18:21.602 11128 11128 W ChimeraUtils: Non Chimera context
05-05 01:18:21.602 11128 11128 W ChimeraUtils: Non Chimera context
05-05 01:18:21.622 11128 11966 D BluetoothHeadset: Proxy object connected
05-05 01:18:21.623 11812 11812 I Finsky  : [2] nhl.<init>(12): Installer: Setting Parallelism[DEFAULT]
05-05 01:18:21.624 11812 11812 I Finsky  : [2] ndh.b(5): Installer: package com.github.android_app_bootstrap was removed. replacing: false
05-05 01:18:21.627 11358 11540 I Icing   : Internal init done: storage state 0
05-05 01:18:21.635 11128 11128 I BeaconBle: Using BLE 'L' hardware layer
05-05 01:18:21.636 11358 11870 E WorkSourceUtil: Could not find package: com.github.android_app_bootstrap
05-05 01:18:21.648 11358 11667 I Icing   : IndexChimeraService.getServiceInterface callingPackage=com.google.android.gms componentName=null serviceId=30
05-05 01:18:21.653 11983 12109 E AwarenessClientProvider: Account associated with identity was null
05-05 01:18:21.653 11128 11128 W Nearby  : Bind call too late - someone already tried to get: interface bvme [CONTEXT service_id=49 ]
05-05 01:18:21.654 11128 11128 I NearbyShared: BTConnStateMgr: onServiceConnected with profile 1.
05-05 01:18:21.655 11557 11625 W brella.AndroidLearningContext: No Lifetime Logger for learning context registered
05-05 01:18:21.656 11128 11623 W Conscrypt: Could not set socket write timeout: java.net.SocketException: Socket closed
05-05 01:18:21.656 11128 11623 W Conscrypt: 	at com.google.android.gms.org.conscrypt.Platform.setSocketWriteTimeout(:com.google.android.gms@201216037@20.12.16 (120400-306753009):2)
05-05 01:18:21.656 11128 11623 W Conscrypt: 	at com.google.android.gms.org.conscrypt.ConscryptFileDescriptorSocket.setSoWriteTimeout(:com.google.android.gms@201216037@20.12.16 (120400-306753009):0)
05-05 01:18:21.660 11128 11623 V NativeCrypto: SSL handshake aborted: ssl=0x789a308648: I/O error during system call, Connection reset by peer
05-05 01:18:21.661 12098 12098 I MultiDex: VM with version 2.1.0 has multidex support
05-05 01:18:21.661 12098 12098 I MultiDex: install
05-05 01:18:21.661 12098 12098 I MultiDex: VM has multidex support, MultiDex support library is disabled.
05-05 01:18:21.661 11128 11623 E Auth    : [GoogleAccountDataServiceImpl] getToken() -> NETWORK_ERROR. Account: <ELLIDED:-1942151567>, App: com.google.android.googlequicksearchbox, Service: oauth2:https://www.googleapis.com/auth/podcasts
05-05 01:18:21.661 11128 11623 E Auth    : sjc: Error when calling server.
05-05 01:18:21.661 11128 11623 E Auth    : 	at hfl.a(:com.google.android.gms@201216037@20.12.16 (120400-306753009):210)
05-05 01:18:21.661 11128 11623 E Auth    : 	at dyj.a(:com.google.android.gms@201216037@20.12.16 (120400-306753009):217)
05-05 01:18:21.661 11128 11623 E Auth    : 	at dyj.a(:com.google.android.gms@201216037@20.12.16 (120400-306753009):103)
05-05 01:18:21.661 11128 11623 E Auth    : 	at hdx.getAuthToken(:com.google.android.gms@201216037@20.12.16 (120400-306753009):21)
05-05 01:18:21.661 11128 11623 E Auth    : 	at android.accounts.AbstractAccountAuthenticator$Transport.getAuthToken(AbstractAccountAuthenticator.java:246)
05-05 01:18:21.661 11128 11623 E Auth    : 	at android.accounts.IAccountAuthenticator$Stub.onTransact(IAccountAuthenticator.java:282)
05-05 01:18:21.661 11128 11623 E Auth    : 	at android.os.Binder.transact(Binder.java:914)
05-05 01:18:21.661 11128 11623 E Auth    : 	at eac.onTransact(:com.google.android.gms@201216037@20.12.16 (120400-306753009):2)
05-05 01:18:21.661 11128 11623 E Auth    : 	at android.os.Binder.transact(Binder.java:914)
05-05 01:18:21.661 11128 11623 E Auth    : 	at aask.onTransact(:com.google.android.gms@201216037@20.12.16 (120400-306753009):16)
05-05 01:18:21.661 11128 11623 E Auth    : 	at android.os.Binder.execTransactInternal(Binder.java:1021)
05-05 01:18:21.661 11128 11623 E Auth    : 	at android.os.Binder.execTransact(Binder.java:994)
05-05 01:18:21.661 11128 11623 E Auth    : Caused by: javax.net.ssl.SSLHandshakeException: SSL handshake aborted: ssl=0x789a308648: I/O error during system call, Connection reset by peer
05-05 01:18:21.661 11128 11623 E Auth    : 	at com.google.android.gms.org.conscrypt.NativeCrypto.SSL_do_handshake(Native Method)
05-05 01:18:21.661 11128 11623 E Auth    : 	at com.google.android.gms.org.conscrypt.NativeSsl.doHandshake(:com.google.android.gms@201216037@20.12.16 (120400-306753009):6)
05-05 01:18:21.661 11128 11623 E Auth    : 	at com.google.android.gms.org.conscrypt.ConscryptFileDescriptorSocket.startHandshake(:com.google.android.gms@201216037@20.12.16 (120400-306753009):16)
05-05 01:18:21.661 11128 11623 E Auth    : 	at aqis.a(:com.google.android.gms@201216037@20.12.16 (120400-306753009):22)
05-05 01:18:21.661 11128 11623 E Auth    : 	at aqis.createSocket(:com.google.android.gms@201216037@20.12.16 (120400-306753009):9)
05-05 01:18:21.661 11128 11623 E Auth    : 	at com.android.okhttp.internal.io.RealConnection.connectTls(RealConnection.java:185)
05-05 01:18:21.661 11128 11623 E Auth    : 	at com.android.okhttp.internal.io.RealConnection.connectSocket(RealConnection.java:153)
05-05 01:18:21.661 11128 11623 E Auth    : 	at com.android.okhttp.internal.io.RealConnection.connect(RealConnection.java:116)
05-05 01:18:21.661 11128 11623 E Auth    : 	at com.android.okhttp.internal.http.StreamAllocation.findConnection(StreamAllocation.java:186)
05-05 01:18:21.661 11128 11623 E Auth    : 	at com.android.okhttp.internal.http.StreamAllocation.findHealthyConnection(StreamAllocation.java:128)
05-05 01:18:21.661 11128 11623 E Auth    : 	at com.android.okhttp.internal.http.StreamAllocation.newStream(StreamAllocation.java:97)
05-05 01:18:21.661 11128 11623 E Auth    : 	at com.android.okhttp.internal.http.HttpEngine.connect(HttpEngine.java:289)
05-05 01:18:21.661 11128 11623 E Auth    : 	at com.android.okhttp.internal.http.HttpEngine.sendRequest(HttpEngine.java:232)
05-05 01:18:21.661 11128 11623 E Auth    : 	at com.android.okhttp.internal.huc.HttpURLConnectionImpl.execute(HttpURLConnectionImpl.java:465)
05-05 01:18:21.661 11128 11623 E Auth    : 	at com.android.okhttp.internal.huc.HttpURLConnectionImpl.connect(HttpURLConnectionImpl.java:131)
05-05 01:18:21.661 11128 11623 E Auth    : 	at com.android.okhttp.internal.huc.HttpURLConnectionImpl.getOutputStream(HttpURLConnectionImpl.java:262)
05-05 01:18:21.661 11128 11623 E Auth    : 	at com.android.okhttp.internal.huc.DelegatingHttpsURLConnection.getOutputStream(DelegatingHttpsURLConnection.java:219)
05-05 01:18:21.661 11128 11623 E Auth    : 	at com.android.okhttp.internal.huc.HttpsURLConnectionImpl.getOutputStream(HttpsURLConnectionImpl.java:30)
05-05 01:18:21.661 11128 11623 E Auth    : 	at acdu.a(:com.google.android.gms@201216037@20.12.16 (120400-306753009):30)
05-05 01:18:21.661 11128 11623 E Auth    : 	at jzq.a(:com.google.android.gms@201216037@20.12.16 (120400-306753009):5)
05-05 01:18:21.661 11128 11623 E Auth    : 	at hgl.a(:com.google.android.gms@201216037@20.12.16 (120400-306753009):9)
05-05 01:18:21.661 11128 11623 E Auth    : 	at hgl.a(:com.google.android.gms@201216037@20.12.16 (120400-306753009):5)
05-05 01:18:21.661 11128 11623 E Auth    : 	at hfl.a(:com.google.android.gms@201216037@20.12.16 (120400-306753009):209)
05-05 01:18:21.661 11128 11623 E Auth    : 	... 11 more
05-05 01:18:21.661 11128 11623 W Auth    : [GetToken] GetToken failed with status code: NetworkError
05-05 01:18:21.661 11128 11623 W GLSActivity: 
05-05 01:18:21.661 11128 11623 W GLSActivity: java.io.IOException: NetworkError
05-05 01:18:21.661 11128 11623 W GLSActivity: 	at hdx.getAuthToken(:com.google.android.gms@201216037@20.12.16 (120400-306753009):29)
05-05 01:18:21.661 11128 11623 W GLSActivity: 	at android.accounts.AbstractAccountAuthenticator$Transport.getAuthToken(AbstractAccountAuthenticator.java:246)
05-05 01:18:21.661 11128 11623 W GLSActivity: 	at android.accounts.IAccountAuthenticator$Stub.onTransact(IAccountAuthenticator.java:282)
05-05 01:18:21.661 11128 11623 W GLSActivity: 	at android.os.Binder.transact(Binder.java:914)
05-05 01:18:21.661 11128 11623 W GLSActivity: 	at eac.onTransact(:com.google.android.gms@201216037@20.12.16 (120400-306753009):2)
05-05 01:18:21.661 11128 11623 W GLSActivity: 	at android.os.Binder.transact(Binder.java:914)
05-05 01:18:21.661 11128 11623 W GLSActivity: 	at aask.onTransact(:com.google.android.gms@201216037@20.12.16 (120400-306753009):16)
05-05 01:18:21.661 11128 11623 W GLSActivity: 	at android.os.Binder.execTransactInternal(Binder.java:1021)
05-05 01:18:21.661 11128 11623 W GLSActivity: 	at android.os.Binder.execTransact(Binder.java:994)
05-05 01:18:21.666  3006  3613 W Search.LoginHelperImpl: IO exception for scope: oauth2:https://www.googleapis.com/auth/podcasts
05-05 01:18:21.666  3006  3613 W Search.LoginHelperImpl: java.io.IOException: NetworkError
05-05 01:18:21.666  3006  3613 W Search.LoginHelperImpl: 	at android.accounts.AccountManager.convertErrorToException(AccountManager.java:2543)
05-05 01:18:21.666  3006  3613 W Search.LoginHelperImpl: 	at android.accounts.AccountManager.access$700(AccountManager.java:162)
05-05 01:18:21.666  3006  3613 W Search.LoginHelperImpl: 	at android.accounts.AccountManager$AmsTask$Response.onError(AccountManager.java:2394)
05-05 01:18:21.666  3006  3613 W Search.LoginHelperImpl: 	at android.accounts.IAccountManagerResponse$Stub.onTransact(IAccountManagerResponse.java:107)
05-05 01:18:21.666  3006  3613 W Search.LoginHelperImpl: 	at android.os.Binder.execTransactInternal(Binder.java:1021)
05-05 01:18:21.666  3006  3613 W Search.LoginHelperImpl: 	at android.os.Binder.execTransact(Binder.java:994)
05-05 01:18:21.669 11128 11128 W ChimeraUtils: Non Chimera context
05-05 01:18:21.669 11128 11128 W ChimeraUtils: Non Chimera context
05-05 01:18:21.672 12098 12098 I SslGuard: SslGuard completed installation.
05-05 01:18:21.677 12098 12098 W DynamiteModule: Local module descriptor class for com.google.android.gms.googlecertificates not found.
05-05 01:18:21.682 12098 12098 I DynamiteModule: Considering local module com.google.android.gms.googlecertificates:0 and remote module com.google.android.gms.googlecertificates:4
05-05 01:18:21.682 12098 12098 I DynamiteModule: Selected remote version of com.google.android.gms.googlecertificates, version >= 4
05-05 01:18:21.682 12098 12098 V DynamiteModule: Dynamite loader version >= 2, using loadModule2NoCrashUtils
05-05 01:18:21.682 11983 12109 E AwarenessRouterSyncMgr: Exception while syncing fences
05-05 01:18:21.682 11983 12109 E AwarenessRouterSyncMgr: java.util.concurrent.ExecutionException: java.lang.IllegalStateException: Account associated with identity was null
05-05 01:18:21.682 11983 12109 E AwarenessRouterSyncMgr: 	at ziz.a(PG:135)
05-05 01:18:21.682 11983 12109 E AwarenessRouterSyncMgr: 	at ziz.get(PG:91)
05-05 01:18:21.682 11983 12109 E AwarenessRouterSyncMgr: 	at zms.a(PG:1)
05-05 01:18:21.682 11983 12109 E AwarenessRouterSyncMgr: 	at zle.a(PG:4)
05-05 01:18:21.682 11983 12109 E AwarenessRouterSyncMgr: 	at fws.run(Unknown Source:1)
05-05 01:18:21.682 11983 12109 E AwarenessRouterSyncMgr: 	at java.util.concurrent.Executors$RunnableAdapter.call(Executors.java:462)
05-05 01:18:21.682 11983 12109 E AwarenessRouterSyncMgr: 	at java.util.concurrent.FutureTask.run(FutureTask.java:266)
05-05 01:18:21.682 11983 12109 E AwarenessRouterSyncMgr: 	at java.util.concurrent.ScheduledThreadPoolExecutor$ScheduledFutureTask.run(ScheduledThreadPoolExecutor.java:301)
05-05 01:18:21.682 11983 12109 E AwarenessRouterSyncMgr: 	at java.util.concurrent.ThreadPoolExecutor.runWorker(ThreadPoolExecutor.java:1167)
05-05 01:18:21.682 11983 12109 E AwarenessRouterSyncMgr: 	at java.util.concurrent.ThreadPoolExecutor$Worker.run(ThreadPoolExecutor.java:641)
05-05 01:18:21.682 11983 12109 E AwarenessRouterSyncMgr: 	at pjz.run(PG:13)
05-05 01:18:21.682 11983 12109 E AwarenessRouterSyncMgr: 	at java.lang.Thread.run(Thread.java:919)
05-05 01:18:21.682 11983 12109 E AwarenessRouterSyncMgr: Caused by: java.lang.IllegalStateException: Account associated with identity was null
05-05 01:18:21.682 11983 12109 E AwarenessRouterSyncMgr: 	at fvx.a(Unknown Source:3)
05-05 01:18:21.682 11983 12109 E AwarenessRouterSyncMgr: 	at zjb.a(PG:3)
05-05 01:18:21.682 11983 12109 E AwarenessRouterSyncMgr: 	at zjd.run(PG:23)
05-05 01:18:21.682 11983 12109 E AwarenessRouterSyncMgr: 	at zlw.run(PG:2)
05-05 01:18:21.682 11983 12109 E AwarenessRouterSyncMgr: 	... 7 more
05-05 01:18:21.699   821 12156 E ResolverController: No valid NAT64 prefix (100, <unspecified>/0)
05-05 01:18:21.710   821 12160 E ResolverController: No valid NAT64 prefix (100, <unspecified>/0)
05-05 01:18:21.720  1339  7307 D ConnectivityService: requestNetwork for uid/pid:10194/11983 NetworkRequest [ TRACK_DEFAULT id=83, [ Capabilities: INTERNET&NOT_RESTRICTED&TRUSTED Uid: 10194] ]
05-05 01:18:21.720  1339  1553 D UntrustedWifiNetworkFactory: got request NetworkRequest [ TRACK_DEFAULT id=83, [ Capabilities: INTERNET&NOT_RESTRICTED&TRUSTED Uid: 10194] ] with score 60 and serial -1
05-05 01:18:21.720  1339  1553 D WifiNetworkFactory: got request NetworkRequest [ TRACK_DEFAULT id=83, [ Capabilities: INTERNET&NOT_RESTRICTED&TRUSTED Uid: 10194] ] with score 60 and serial -1
05-05 01:18:21.721  1339  1639 D Ethernet: got request NetworkRequest [ TRACK_DEFAULT id=83, [ Capabilities: INTERNET&NOT_RESTRICTED&TRUSTED Uid: 10194] ] with score 60 and serial -1
05-05 01:18:21.721  1339  1638 D WIFI_AWARE_FACTORY: got request NetworkRequest [ TRACK_DEFAULT id=83, [ Capabilities: INTERNET&NOT_RESTRICTED&TRUSTED Uid: 10194] ] with score 60 and serial -1
05-05 01:18:21.721  2076  2076 D PhoneSwitcherNetworkRequstListener: got request NetworkRequest [ TRACK_DEFAULT id=83, [ Capabilities: INTERNET&NOT_RESTRICTED&TRUSTED Uid: 10194] ] with score 60 and serial -1
05-05 01:18:21.721 11557 11625 W brella.AndroidLearningContext: No Lifetime Logger for learning context registered
05-05 01:18:21.727 12098 12098 I DynamiteLoaderV2: [71] Googlecertificates
05-05 01:18:21.734 11812 12093 I Finsky  : [145] lob.run(16): Frosting DB delete succeeded: true
05-05 01:18:21.744 11557 11703 I AiAiCaptions: Would enable com.google.android.apps.miphone.aiai.captions.quicksetting.CaptionsTileService but already enabled
05-05 01:18:21.746 11128 11623 W Conscrypt: Could not set socket write timeout: java.net.SocketException: Socket closed
05-05 01:18:21.748 11128 11623 W Conscrypt: 	at com.google.android.gms.org.conscrypt.Platform.setSocketWriteTimeout(:com.google.android.gms@201216037@20.12.16 (120400-306753009):2)
05-05 01:18:21.748 11128 11623 W Conscrypt: 	at com.google.android.gms.org.conscrypt.ConscryptFileDescriptorSocket.setSoWriteTimeout(:com.google.android.gms@201216037@20.12.16 (120400-306753009):0)
05-05 01:18:21.755 11128 12081 I NearbyMessages: OfflineCache: old scanner cache is not enabled [CONTEXT service_id=62 ]
05-05 01:18:21.755 11128 11623 V NativeCrypto: SSL handshake aborted: ssl=0x789a308648: I/O error during system call, Connection reset by peer
05-05 01:18:21.761 11128 11623 E Auth    : [GoogleAccountDataServiceImpl] getToken() -> NETWORK_ERROR. Account: <ELLIDED:-1942151567>, App: com.google.android.googlequicksearchbox, Service: oauth2:https://www.googleapis.com/auth/podcasts
05-05 01:18:21.761 11128 11623 E Auth    : sjc: Error when calling server.
05-05 01:18:21.761 11128 11623 E Auth    : 	at hfl.a(:com.google.android.gms@201216037@20.12.16 (120400-306753009):210)
05-05 01:18:21.761 11128 11623 E Auth    : 	at dyj.a(:com.google.android.gms@201216037@20.12.16 (120400-306753009):217)
05-05 01:18:21.761 11128 11623 E Auth    : 	at dyj.a(:com.google.android.gms@201216037@20.12.16 (120400-306753009):103)
05-05 01:18:21.761 11128 11623 E Auth    : 	at hdx.getAuthToken(:com.google.android.gms@201216037@20.12.16 (120400-306753009):21)
05-05 01:18:21.761 11128 11623 E Auth    : 	at android.accounts.AbstractAccountAuthenticator$Transport.getAuthToken(AbstractAccountAuthenticator.java:246)
05-05 01:18:21.761 11128 11623 E Auth    : 	at android.accounts.IAccountAuthenticator$Stub.onTransact(IAccountAuthenticator.java:282)
05-05 01:18:21.761 11128 11623 E Auth    : 	at android.os.Binder.transact(Binder.java:914)
05-05 01:18:21.761 11128 11623 E Auth    : 	at eac.onTransact(:com.google.android.gms@201216037@20.12.16 (120400-306753009):2)
05-05 01:18:21.761 11128 11623 E Auth    : 	at android.os.Binder.transact(Binder.java:914)
05-05 01:18:21.761 11128 11623 E Auth    : 	at aask.onTransact(:com.google.android.gms@201216037@20.12.16 (120400-306753009):16)
05-05 01:18:21.761 11128 11623 E Auth    : 	at android.os.Binder.execTransactInternal(Binder.java:1021)
05-05 01:18:21.761 11128 11623 E Auth    : 	at android.os.Binder.execTransact(Binder.java:994)
05-05 01:18:21.761 11128 11623 E Auth    : Caused by: javax.net.ssl.SSLHandshakeException: SSL handshake aborted: ssl=0x789a308648: I/O error during system call, Connection reset by peer
05-05 01:18:21.761 11128 11623 E Auth    : 	at com.google.android.gms.org.conscrypt.NativeCrypto.SSL_do_handshake(Native Method)
05-05 01:18:21.761 11128 11623 E Auth    : 	at com.google.android.gms.org.conscrypt.NativeSsl.doHandshake(:com.google.android.gms@201216037@20.12.16 (120400-306753009):6)
05-05 01:18:21.761 11128 11623 E Auth    : 	at com.google.android.gms.org.conscrypt.ConscryptFileDescriptorSocket.startHandshake(:com.google.android.gms@201216037@20.12.16 (120400-306753009):16)
05-05 01:18:21.761 11128 11623 E Auth    : 	at aqis.a(:com.google.android.gms@201216037@20.12.16 (120400-306753009):22)
05-05 01:18:21.761 11128 11623 E Auth    : 	at aqis.createSocket(:com.google.android.gms@201216037@20.12.16 (120400-306753009):9)
