05-05 01:18:21.761 11128 11623 E Auth    : 	at com.android.okhttp.internal.io.RealConnection.connectTls(RealConnection.java:185)
05-05 01:18:21.761 11128 11623 E Auth    : 	at com.android.okhttp.internal.io.RealConnection.connectSocket(RealConnection.java:153)
05-05 01:18:21.761 11128 11623 E Auth    : 	at com.android.okhttp.internal.io.RealConnection.connect(RealConnection.java:116)
05-05 01:18:21.761 11128 11623 E Auth    : 	at com.android.okhttp.internal.http.StreamAllocation.findConnection(StreamAllocation.java:186)
05-05 01:18:21.761 11128 11623 E Auth    : 	at com.android.okhttp.internal.http.StreamAllocation.findHealthyConnection(StreamAllocation.java:128)
05-05 01:18:21.761 11128 11623 E Auth    : 	at com.android.okhttp.internal.http.StreamAllocation.newStream(StreamAllocation.java:97)
05-05 01:18:21.761 11128 11623 E Auth    : 	at com.android.okhttp.internal.http.HttpEngine.connect(HttpEngine.java:289)
05-05 01:18:21.761 11128 11623 E Auth    : 	at com.android.okhttp.internal.http.HttpEngine.sendRequest(HttpEngine.java:232)
05-05 01:18:21.761 11128 11623 E Auth    : 	at com.android.okhttp.internal.huc.HttpURLConnectionImpl.execute(HttpURLConnectionImpl.java:465)
05-05 01:18:21.761 11128 11623 E Auth    : 	at com.android.okhttp.internal.huc.HttpURLConnectionImpl.connect(HttpURLConnectionImpl.java:131)
05-05 01:18:21.761 11128 11623 E Auth    : 	at com.android.okhttp.internal.huc.HttpURLConnectionImpl.getOutputStream(HttpURLConnectionImpl.java:262)
05-05 01:18:21.761 11128 11623 E Auth    : 	at com.android.okhttp.internal.huc.DelegatingHttpsURLConnection.getOutputStream(DelegatingHttpsURLConnection.java:219)
05-05 01:18:21.761 11128 11623 E Auth    : 	at com.android.okhttp.internal.huc.HttpsURLConnectionImpl.getOutputStream(HttpsURLConnectionImpl.java:30)
05-05 01:18:21.761 11128 11623 E Auth    : 	at acdu.a(:com.google.android.gms@201216037@20.12.16 (120400-306753009):30)
05-05 01:18:21.761 11128 11623 E Auth    : 	at jzq.a(:com.google.android.gms@201216037@20.12.16 (120400-306753009):5)
05-05 01:18:21.761 11128 11623 E Auth    : 	at hgl.a(:com.google.android.gms@201216037@20.12.16 (120400-306753009):9)
05-05 01:18:21.761 11128 11623 E Auth    : 	at hgl.a(:com.google.android.gms@201216037@20.12.16 (120400-306753009):5)
05-05 01:18:21.761 11128 11623 E Auth    : 	at hfl.a(:com.google.android.gms@201216037@20.12.16 (120400-306753009):209)
05-05 01:18:21.761 11128 11623 E Auth    : 	... 11 more
05-05 01:18:21.761 11128 11623 W Auth    : [GetToken] GetToken failed with status code: NetworkError
05-05 01:18:21.761 11128 11623 W GLSActivity: 
05-05 01:18:21.761 11128 11623 W GLSActivity: java.io.IOException: NetworkError
05-05 01:18:21.761 11128 11623 W GLSActivity: 	at hdx.getAuthToken(:com.google.android.gms@201216037@20.12.16 (120400-306753009):29)
05-05 01:18:21.761 11128 11623 W GLSActivity: 	at android.accounts.AbstractAccountAuthenticator$Transport.getAuthToken(AbstractAccountAuthenticator.java:246)
05-05 01:18:21.761 11128 11623 W GLSActivity: 	at android.accounts.IAccountAuthenticator$Stub.onTransact(IAccountAuthenticator.java:282)
05-05 01:18:21.761 11128 11623 W GLSActivity: 	at android.os.Binder.transact(Binder.java:914)
05-05 01:18:21.761 11128 11623 W GLSActivity: 	at eac.onTransact(:com.google.android.gms@201216037@20.12.16 (120400-306753009):2)
05-05 01:18:21.761 11128 11623 W GLSActivity: 	at android.os.Binder.transact(Binder.java:914)
05-05 01:18:21.761 11128 11623 W GLSActivity: 	at aask.onTransact(:com.google.android.gms@201216037@20.12.16 (120400-306753009):16)
05-05 01:18:21.761 11128 11623 W GLSActivity: 	at android.os.Binder.execTransactInternal(Binder.java:1021)
05-05 01:18:21.761 11128 11623 W GLSActivity: 	at android.os.Binder.execTransact(Binder.java:994)
05-05 01:18:21.762 11557 11625 W brella.AndroidLearningContext: No Lifetime Logger for learning context registered
05-05 01:18:21.763  3006  3613 W Search.LoginHelperImpl: IO exception for scope: oauth2:https://www.googleapis.com/auth/podcasts
05-05 01:18:21.763  3006  3613 W Search.LoginHelperImpl: java.io.IOException: NetworkError
05-05 01:18:21.763  3006  3613 W Search.LoginHelperImpl: 	at android.accounts.AccountManager.convertErrorToException(AccountManager.java:2543)
05-05 01:18:21.763  3006  3613 W Search.LoginHelperImpl: 	at android.accounts.AccountManager.access$700(AccountManager.java:162)
05-05 01:18:21.763  3006  3613 W Search.LoginHelperImpl: 	at android.accounts.AccountManager$AmsTask$Response.onError(AccountManager.java:2394)
05-05 01:18:21.763  3006  3613 W Search.LoginHelperImpl: 	at android.accounts.IAccountManagerResponse$Stub.onTransact(IAccountManagerResponse.java:107)
05-05 01:18:21.763  3006  3613 W Search.LoginHelperImpl: 	at android.os.Binder.execTransactInternal(Binder.java:1021)
05-05 01:18:21.763  3006  3613 W Search.LoginHelperImpl: 	at android.os.Binder.execTransact(Binder.java:994)
05-05 01:18:21.763 12003 12070 E GEL_DELAYED_EVENT_DEBUG: Failed delayed event dispatch, no dispatchers.
05-05 01:18:21.765  3006  3570 I cr_CronetUrlRequestContext: destroyNativeStreamLocked org.chromium.net.impl.CronetBidirectionalStream@190d5a0
05-05 01:18:21.766 11358 11595 I Icing   : Post-init done
05-05 01:18:21.767 11358 11595 I Icing   : doRemovePackageData com.github.android_app_bootstrap
05-05 01:18:21.768  3006  3404 W ErrorReporter: reportError [type: 457, code: 393248, bug: 0]: h.a.dv: CANCELLED: Authorization header not present
05-05 01:18:21.771  1339  1891 D ConnectivityService: requestNetwork for uid/pid:10190/12003 NetworkRequest [ TRACK_DEFAULT id=85, [ Capabilities: INTERNET&NOT_RESTRICTED&TRUSTED Uid: 10190] ]
05-05 01:18:21.771  1339  1639 D Ethernet: got request NetworkRequest [ TRACK_DEFAULT id=85, [ Capabilities: INTERNET&NOT_RESTRICTED&TRUSTED Uid: 10190] ] with score 60 and serial -1
05-05 01:18:21.771  1339  1553 D UntrustedWifiNetworkFactory: got request NetworkRequest [ TRACK_DEFAULT id=85, [ Capabilities: INTERNET&NOT_RESTRICTED&TRUSTED Uid: 10190] ] with score 60 and serial -1
05-05 01:18:21.771  1339  1553 D WifiNetworkFactory: got request NetworkRequest [ TRACK_DEFAULT id=85, [ Capabilities: INTERNET&NOT_RESTRICTED&TRUSTED Uid: 10190] ] with score 60 and serial -1
05-05 01:18:21.772  1339  1638 D WIFI_AWARE_FACTORY: got request NetworkRequest [ TRACK_DEFAULT id=85, [ Capabilities: INTERNET&NOT_RESTRICTED&TRUSTED Uid: 10190] ] with score 60 and serial -1
05-05 01:18:21.772  2076  2076 D PhoneSwitcherNetworkRequstListener: got request NetworkRequest [ TRACK_DEFAULT id=85, [ Capabilities: INTERNET&NOT_RESTRICTED&TRUSTED Uid: 10190] ] with score 60 and serial -1
05-05 01:18:21.774 11983 12084 W GoogleTagManager: Failed to extract the container from the resource file. Resource is a UTF-8 encoded string but doesn't contain a JSON container
05-05 01:18:21.778 11812 11812 I Finsky  : [2] ndh.a(198): Installer: Notifying status update. package=com.github.android_app_bootstrap, status=UNINSTALLED
05-05 01:18:21.778 11812 11812 I Finsky  : [2] ndh.a(217): Installer kick - no action, not running yet
05-05 01:18:21.779 11128 12048 I NearbyDiscovery: Show notifications: 0 total, no changes since last shown, no-op. [CONTEXT service_id=49 ]
05-05 01:18:21.779 12003 12067 I android.youtub: The ClassLoaderContext is a special shared library.
05-05 01:18:21.790 11358 11595 I GmsCoreXrpcWrapper: Returning a channel provider with trafficStatsTag=12803
05-05 01:18:21.793   822   822 D Zygote  : Forked child process 12194
05-05 01:18:21.798  1339  1368 I ActivityManager: Start proc 12194:com.google.android.apps.carrier.carrierwifi/u0a126 for broadcast {com.google.android.apps.carrier.carrierwifi/com.google.android.apps.carrier.carrierwifi.CarrierWifiReceiver}
05-05 01:18:21.805 11812 11812 I Finsky  : [2] ndh.a(23): Installer: Attempting to start installer
05-05 01:18:21.806 12194 12194 E ier.carrierwif: Not starting debugger since process cannot load the jdwp agent.
05-05 01:18:21.811   821 12217 E ResolverController: No valid NAT64 prefix (100, <unspecified>/0)
05-05 01:18:21.814 11812 11812 I Finsky  : [2] myn.<init>(8): Not checking if recovering from paused session because experiment is off
05-05 01:18:21.828 11812 11812 I Finsky  : [2] hbr.onSubscriptionsChanged(1): onSubscriptionsChanged
05-05 01:18:21.835   821 12228 E ResolverController: No valid NAT64 prefix (100, <unspecified>/0)
05-05 01:18:21.836 11812 11812 I Finsky  : [2] ndh.a(217): Installer kick - no action, not running yet
05-05 01:18:21.837 11128 12048 I NearbyDiscovery: FastPairHandler: Received action android.net.wifi.STATE_CHANGE [CONTEXT service_id=49 ]
05-05 01:18:21.839 11128 12048 I NearbyDiscovery: FastPairHandler: Received action android.net.conn.CONNECTIVITY_CHANGE [CONTEXT service_id=49 ]
05-05 01:18:21.846 11128 12048 I NearbyDiscovery: FastPair: HeadsetPieceImage, grant permission files:0 [CONTEXT service_id=49 ]
05-05 01:18:21.846 11128 12048 I NearbyDiscovery: FastPairEventStream: Initialize event stream [CONTEXT service_id=49 ]
05-05 01:18:21.855 12003 12067 I android.youtub: The ClassLoaderContext is a special shared library.
05-05 01:18:21.857 11128 12161 I GCoreUlr: DispatchingService ignoring Intent { act=android.net.wifi.WIFI_STATE_CHANGED flg=0x4000010 (has extras) } because ULR inactive
05-05 01:18:21.861 12194 12194 I ier.carrierwif: The ClassLoaderContext is a special shared library.
05-05 01:18:21.868 11983 11983 V MediaRouter: Selecting route: RouteInfo{ name=, description=null, status=null, category=RouteCategory{ name= types=ROUTE_TYPE_LIVE_AUDIO ROUTE_TYPE_LIVE_VIDEO  groupable=false }, supportedTypes=ROUTE_TYPE_LIVE_AUDIO ROUTE_TYPE_LIVE_VIDEO , presentationDisplay=null }
05-05 01:18:21.872 11358 11595 I Icing   : Usage reports ok 0, Failed Usage reports 0, indexed 0, rejected 0
05-05 01:18:21.878 11358 11595 I GmsCoreXrpcWrapper: Returning a channel provider with trafficStatsTag=12803
05-05 01:18:21.889 11128 12161 I GCoreUlr: WorldUpdater received intent Intent { act=com.google.android.location.reporting.ACTION_UPDATE_WORLD cmp=com.google.android.gms/com.google.android.location.reporting.service.DispatchingService (has extras) } with receiverAction com.google.android.location.internal.server.ACTION_RESTARTED
05-05 01:18:21.890 11557 11625 W brella.AndroidLearningContext: No Lifetime Logger for learning context registered
05-05 01:18:21.898 11358 11595 I Icing   : Usage reports ok 0, Failed Usage reports 0, indexed 0, rejected 0
05-05 01:18:21.905 11557 11571 I ogle.android.a: Background young concurrent copying GC freed 409588(18MB) AllocSpace objects, 98(19MB) LOS objects, 69% free, 10MB/34MB, paused 895us total 111.881ms
05-05 01:18:21.910 11358 11595 I GmsCoreXrpcWrapper: Returning a channel provider with trafficStatsTag=12803
05-05 01:18:21.920 11812 12224 I Finsky  : [149] npy.b(41): IQ: Notifying installation update. package=com.github.android_app_bootstrap, status=UNINSTALLED
05-05 01:18:21.926   822   822 D Zygote  : Forked child process 12257
05-05 01:18:21.929 11812 12231 I Finsky  : [150] myt.a(9): Installer: Registering atomic install listeners with package installer
05-05 01:18:21.930 11812 12221 I Finsky  : [148] mzy.a(3): Installer: Checking for orphaned groups
05-05 01:18:21.931  1339  1368 I ActivityManager: Start proc 12257:com.google.android.apps.maps/u0a202 for broadcast {com.google.android.apps.maps/com.google.android.libraries.social.peoplekit.thirdparty.viewcontrollers.ThirdPartyReceiver}
05-05 01:18:21.934 11358 11595 I Icing   : Usage reports ok 0, Failed Usage reports 0, indexed 0, rejected 0
05-05 01:18:21.934 12257 12257 E droid.apps.map: Not starting debugger since process cannot load the jdwp agent.
05-05 01:18:21.940 11358 11595 I GmsCoreXrpcWrapper: Returning a channel provider with trafficStatsTag=12803
05-05 01:18:21.941 11294 11325 W .apps.wellbein: resources.arsc in APK '/data/app/com.tencent.mm-Zes1Clgoo13PZAHs8MM_Qg==/base.apk' is compressed.
05-05 01:18:21.954 11358 11595 I Icing   : Usage reports ok 0, Failed Usage reports 0, indexed 0, rejected 0
05-05 01:18:21.961 11812 12224 I Finsky  : [149] npy.b(27): IQ: No matching installs to run for jobs: []
05-05 01:18:21.973 12257 12257 I droid.apps.map: The ClassLoaderContext is a special shared library.
05-05 01:18:21.977 11812 11812 I Finsky  : [2] myf.a(4): previousAllInstallsDone is true, allInstallationsDone is true
05-05 01:18:21.977 11812 11812 I Finsky  : [2] myf.a(6): Updating installations status false cross profiles
05-05 01:18:21.977 11812 11812 I Finsky  : [2] gzm.a(1): Binding for 55771182
05-05 01:18:21.983 11812 11812 I Finsky  : [2] ProfileStateService.onCreate(5): creating profileStateService
05-05 01:18:21.984 11128 12161 I GCoreUlr: WorldUpdater:com.google.android.location.internal.server.ACTION_RESTARTED: Ensuring that reporting is stopped because of reasons: {account#19#=[InactiveReason{mIdentifier=3, mName='UnsupportedGeo'}]}
05-05 01:18:21.987 11812 11812 I Finsky  : [2] gzg.a(3): Registering listener 189468773 for user UserHandle{0}.
05-05 01:18:21.988 11812 11812 I Finsky  : [2] gzg.b(15): User UserHandle{0} is not in installation anymore, removing profile.
05-05 01:18:21.988 11812 11812 I Finsky  : [2] gzg.b(23): Notifying user UserHandle{0} that all installs are finished
05-05 01:18:21.988 11812 11812 I Finsky  : [2] gzm.c(1): unbinding for 55771182
05-05 01:18:21.991 11812 12221 I Finsky  : [148] gzg.b(5): Removing listener for user UserHandle{0} and listener 189468773
05-05 01:18:21.993 11128 12161 I GCoreUlr: Unbound from all signal providers.
05-05 01:18:22.000   839   839 V ContextHubHal: sendMessageToHub
05-05 01:18:22.002   853  1019 D CHRE    : @ 400.080: Parsed nanoapp message from host: app ID 0x476f6f676c00100b, endpoint 0x0, msgType 0, payload size 128
05-05 01:18:22.002   853  1019 I CHRE    : @ 400.081: [NanoMinion] received MSG Type 0x70, Version 1, 124 bytes
05-05 01:18:22.002   853  1019 I CHRE    : @ 400.081: [AR_CHRE] request.config, request->has_config=1, model=4, enableDebugLog=0, armode=1
05-05 01:18:22.008 11128 11179 I BeaconBle: Client requested scan, settings=BleSettings [scanMode=LOW_LATENCY, callbackType=ALL_MATCHES, reportDelayMillis=0, 5 filters, 1 clients, callingClientName=Nearby]
05-05 01:18:22.011   839   839 V ContextHubHal: sendMessageToHub
05-05 01:18:22.012   853  1019 D CHRE    : @ 400.091: Parsed nanoapp message from host: app ID 0x476f6f676c00100b, endpoint 0x0, msgType 0, payload size 14
05-05 01:18:22.012   853  1019 I CHRE    : @ 400.091: [NanoMinion] received MSG Type 0x70, Version 1, 10 bytes
05-05 01:18:22.012   853  1019 I CHRE    : @ 400.091: [AR_CHRE] context-signal: has_bt=0, bt=0, has_wifi=1, wifi=1
05-05 01:18:22.013   839   839 V ContextHubHal: sendMessageToHub
05-05 01:18:22.014 11983 12041 I s.youtube.musi: The ClassLoaderContext is a special shared library.
05-05 01:18:22.014   853  1019 D CHRE    : @ 400.093: Parsed nanoapp message from host: app ID 0x476f6f676c00100d, endpoint 0x0, msgType 0, payload size 10
05-05 01:18:22.014   853  1019 I CHRE    : @ 400.093: [NanoMinion] received MSG Type 0x90, Version 1, 6 bytes
05-05 01:18:22.014   853  1019 I CHRE    : @ 400.093: [cc] disable
05-05 01:18:22.022 11128 11128 I GCoreUlr: Unbound from all signal providers.
05-05 01:18:22.023 11128 11128 I GCoreUlr: Stopping handler for UlrDispSvcFast
05-05 01:18:22.023 11439 11439 V AvrcpMediaPlayerList: onActiveSessionsChanged: number of controllers: 1
05-05 01:18:22.023 11439 11439 D AvrcpMediaPlayerList: onActiveSessionsChanged: controller: com.google.android.googlequicksearchbox
05-05 01:18:22.023 11439 11439 D AvrcpMediaPlayerList: Already have a controller for the player: com.google.android.googlequicksearchbox, updating instead
05-05 01:18:22.034 11557 11625 W brella.AndroidLearningContext: No Lifetime Logger for learning context registered
05-05 01:18:22.034  1339  2139 D BluetoothManagerService: Registered for death of com.google.android.gms
05-05 01:18:22.034  1339  2139 D BluetoothManagerService: 1 registered Ble Apps
05-05 01:18:22.035 11128 11179 D BluetoothAdapter: isLeEnabled(): ON
05-05 01:18:22.035 11128 11179 D BluetoothAdapter: enableBLE(): Bluetooth already enabled
05-05 01:18:22.037  2861  2861 I GsaVoiceInteractionSrv: Stopping DSP streaming after timeout
05-05 01:18:22.043  3006  3404 I MicroDetectionState: Should stop hotword detection immediately - false
05-05 01:18:22.043   862  2806 I WifiHAL : event received NL80211_CMD_VENDOR, vendor_id = 0x1374, subcmd = 0xa
05-05 01:18:22.044  2774  2774 I wpa_supplicant: wlan0: CTRL-EVENT-AVOID-FREQ ranges=5640-5700
05-05 01:18:22.045  2774  2774 I wpa_supplicant: wlan0: CTRL-EVENT-REGDOM-CHANGE init=DRIVER type=COUNTRY alpha2=CN
05-05 01:18:22.050   833  3604 D audio_hw_primary: in_standby: enter: stream (0xe8dd7400) usecase(20: audio-record)
05-05 01:18:22.050   833  3604 D audio_hw_primary: in_standby: sound trigger pcm stop lab
05-05 01:18:22.050   833  3604 D SoundTriggerHAL: sound_trigger_hw_call_back: close streaming 4, cap_handle:70, index:0
05-05 01:18:22.050   833  3604 V ia_tunneling_hal: Entering ia_disable_tunneling_source
05-05 01:18:22.050   833  3604 V ia_tunneling_hal: Entering ia_stop_tunneling
05-05 01:18:22.051 12003 12003 V MediaRouter: Selecting route: RouteInfo{ name=, description=null, status=null, category=RouteCategory{ name= types=ROUTE_TYPE_LIVE_AUDIO ROUTE_TYPE_LIVE_VIDEO  groupable=false }, supportedTypes=ROUTE_TYPE_LIVE_AUDIO ROUTE_TYPE_LIVE_VIDEO , presentationDisplay=null }
05-05 01:18:22.052  1339  1356 D ConnectivityService: requestNetwork for uid/pid:10117/3006 NetworkRequest [ REQUEST id=87, [ Transports: CELLULAR Capabilities: INTERNET&NOT_RESTRICTED&TRUSTED&NOT_VPN Uid: 10117] ]
05-05 01:18:22.052  1339  1553 D UntrustedWifiNetworkFactory: got request NetworkRequest [ REQUEST id=87, [ Transports: CELLULAR Capabilities: INTERNET&NOT_RESTRICTED&TRUSTED&NOT_VPN Uid: 10117] ] with score 0 and serial 0
05-05 01:18:22.052  1339  1563 D ConnectivityService: reportNetworkConnectivity(100, false) by 10117
05-05 01:18:22.052  1339  1553 D WifiNetworkFactory: got request NetworkRequest [ REQUEST id=87, [ Transports: CELLULAR Capabilities: INTERNET&NOT_RESTRICTED&TRUSTED&NOT_VPN Uid: 10117] ] with score 0 and serial 0
05-05 01:18:22.052  1339  1639 D Ethernet: got request NetworkRequest [ REQUEST id=87, [ Transports: CELLULAR Capabilities: INTERNET&NOT_RESTRICTED&TRUSTED&NOT_VPN Uid: 10117] ] with score 0 and serial 0
05-05 01:18:22.052  1339  1638 D WIFI_AWARE_FACTORY: got request NetworkRequest [ REQUEST id=87, [ Transports: CELLULAR Capabilities: INTERNET&NOT_RESTRICTED&TRUSTED&NOT_VPN Uid: 10117] ] with score 0 and serial 0
05-05 01:18:22.052  1863  3764 D NetworkMonitor/100: Forcing reevaluation for UID 10117. Dns signal count: 0
05-05 01:18:22.052  1339  1563 D ConnectivityService: reportNetworkConnectivity(100, false) by 10117
05-05 01:18:22.053  2076  2076 D PhoneSwitcherNetworkRequstListener: got request NetworkRequest [ REQUEST id=87, [ Transports: CELLULAR Capabilities: INTERNET&NOT_RESTRICTED&TRUSTED&NOT_VPN Uid: 10117] ] with score 0 and serial 0
05-05 01:18:22.057   833  3604 D audio_hw_primary: in_set_parameters: enter: kvpairs=routing=0
05-05 01:18:22.065   833  3604 D audio_hw_primary: adev_close_input_stream: enter:stream_handle(0xe8dd7400)
05-05 01:18:22.065   833  3604 D soundtrigger: audio_extn_sound_trigger_check_ec_ref_enable: EC Reference is disabled
05-05 01:18:22.065   833  3604 W SoundTriggerHAL: sound_trigger_hw_call_back: Unknown event 16
05-05 01:18:22.065   833  3604 D soundtrigger: audio_extn_sound_trigger_update_ec_ref_status: update audio echo ref status false
05-05 01:18:22.065   833  3604 D audio_hw_primary: in_standby: enter: stream (0xe8dd7400) usecase(20: audio-record)
05-05 01:18:22.067  2861  2861 I AudioProvider: Audio Stopped
05-05 01:18:22.068  2861  2861 I HotwordRecognitionRnr: Stopping hotword detection.
05-05 01:18:22.068  2861 11913 I GsaVoiceInteractionSrv: HotwordCallback#onError
05-05 01:18:22.072 12257 12257 W droid.apps.map: JIT profile information will not be recorded: profile file does not exits.
05-05 01:18:22.072 11557 11703 I AiAiCaptions: updateComponents(): Updated components state
05-05 01:18:22.072 11128 11179 I BeaconBle: 'L' hardware scan: 5 filters, scanMode=2, reportdelay=0, callback type=1, #clients=1, workSource=WorkSource{10145 com.google.android.gms}
05-05 01:18:22.076 11439 11439 V AvrcpMediaPlayerList: onActiveSessionsChanged: number of controllers: 1
05-05 01:18:22.076 11439 11439 D AvrcpMediaPlayerList: onActiveSessionsChanged: controller: com.google.android.googlequicksearchbox
05-05 01:18:22.076 11439 11439 D AvrcpMediaPlayerList: Already have a controller for the player: com.google.android.googlequicksearchbox, updating instead
05-05 01:18:22.080 12003 12003 V MediaRouter: Selecting route: RouteInfo{ name=, description=null, status=null, category=RouteCategory{ name= types=ROUTE_TYPE_LIVE_AUDIO ROUTE_TYPE_LIVE_VIDEO  groupable=false }, supportedTypes=ROUTE_TYPE_LIVE_AUDIO ROUTE_TYPE_LIVE_VIDEO , presentationDisplay=null }
05-05 01:18:22.083 11128 11179 I BeaconBle: Starting scan on OS scanner. BT state: 12
05-05 01:18:22.083 11439 11439 I AvrcpBrowsedPlayerWrapper: onConnected: com.google.android.youtube is connected
05-05 01:18:22.083 11439 11439 D AvrcpBrowsablePlayerConnector: Browse player callback called: package=com.google.android.youtube : status=0
05-05 01:18:22.083 11439 11439 D AvrcpBrowsedPlayerWrapper: disconnect: Disconnecting from com.google.android.youtube
05-05 01:18:22.083 11439 11439 D AvrcpBrowsablePlayerConnector: Received a message: msg.what=1
05-05 01:18:22.083 11439 11439 I AvrcpBrowsablePlayerConnector: Checking root contents for com.google.android.youtube
05-05 01:18:22.083 11439 11439 D AvrcpBrowsedPlayerWrapper: connect: Connecting to browsable player: com.google.android.youtube
05-05 01:18:22.091 11128 11179 D BluetoothAdapter: isLeEnabled(): ON
05-05 01:18:22.091 11983 12045 I FA      : App measurement initialized, version: 25029
05-05 01:18:22.092 11983 12045 I FA      : To enable debug logging run: adb shell setprop log.tag.FA VERBOSE
05-05 01:18:22.092 11983 12045 I FA      : To enable faster debug mode event logging run:
05-05 01:18:22.092 11983 12045 I FA      :   adb shell setprop debug.firebase.analytics.app com.google.android.apps.youtube.music
05-05 01:18:22.094 11439 11439 I AvrcpBrowsedPlayerWrapper: onConnected: com.google.android.youtube is connected
05-05 01:18:22.094 11439 11439 I AvrcpBrowsedPlayerWrapper: getFolderItems: Connected to browsable player: com.google.android.youtube
05-05 01:18:22.095 11439 11439 D AvrcpBrowsedPlayerWrapper: onChildrenLoaded: mediaId=__EMPTY_ROOT__ size= 0
05-05 01:18:22.095 11439 11439 D AvrcpBrowsedPlayerWrapper: disconnect: Disconnecting from com.google.android.youtube
05-05 01:18:22.099 11439 11936 I bt_stack: [INFO:gatt_api.cc(946)] GATT_Register e16b8807-fdca-da3f-0d3f-8ab81d717453
05-05 01:18:22.099 11439 11936 I bt_stack: [INFO:gatt_api.cc(966)] allocated gatt_if=7
05-05 01:18:22.099 11128 11966 D BluetoothLeScanner: onScannerRegistered() - status=0 scannerId=7 mScannerId=0
05-05 01:18:22.101  2861 11911 I GsaVoiceInteractionSrv: #onClosed - audio is closed, hasRecordingStarted true
05-05 01:18:22.108 11983 12041 I s.youtube.musi: The ClassLoaderContext is a special shared library.
05-05 01:18:22.110  1863 12303 D NetworkMonitor/100: PROBE_DNS connectivitycheck.gstatic.com 36ms OK 203.208.41.127
05-05 01:18:22.113   821 12316 E ResolverController: No valid NAT64 prefix (100, <unspecified>/0)
05-05 01:18:22.132  2861  2867 I hbox:interacto: Method exceeds compiler instruction limit: 28934 in com.google.common.b.fl com.google.android.apps.gsa.shared.logger.b.t.a()
05-05 01:18:22.141 11557 11703 I AiAiCaptions: updateTriggerState(): stopping trigger.
05-05 01:18:22.145 11557 11703 I AiAiCaptions: stop(): stop is called but CaptionsTriggerImpl already stopped
05-05 01:18:22.145 11128 11757 W Conscrypt: Could not set socket write timeout: java.net.SocketException: Socket closed
05-05 01:18:22.145 11128 11757 W Conscrypt: 	at com.google.android.gms.org.conscrypt.Platform.setSocketWriteTimeout(:com.google.android.gms@201216037@20.12.16 (120400-306753009):2)
05-05 01:18:22.145 11128 11757 W Conscrypt: 	at com.google.android.gms.org.conscrypt.ConscryptFileDescriptorSocket.setSoWriteTimeout(:com.google.android.gms@201216037@20.12.16 (120400-306753009):0)
05-05 01:18:22.151 11128 11757 V NativeCrypto: SSL handshake aborted: ssl=0x7895adae88: I/O error during system call, Connection reset by peer
05-05 01:18:22.151 11557 11624 I AiAiLocation: Initializing Android location tracker
05-05 01:18:22.152 11128 11757 E Auth    : [GoogleAccountDataServiceImpl] getToken() -> NETWORK_ERROR. Account: <ELLIDED:-1942151567>, App: com.google.android.youtube, Service: oauth2:https://www.googleapis.com/auth/accounts.reauth https://www.googleapis.com/auth/youtube.force-ssl https://www.googleapis.com/auth/youtube https://www.googleapis.com/auth/identity.lateimpersonation https://www.googleapis.com/auth/assistant-sdk-prototype
05-05 01:18:22.152 11128 11757 E Auth    : sjc: Error when calling server.
05-05 01:18:22.152 11128 11757 E Auth    : 	at hfl.a(:com.google.android.gms@201216037@20.12.16 (120400-306753009):210)
05-05 01:18:22.152 11128 11757 E Auth    : 	at dyj.a(:com.google.android.gms@201216037@20.12.16 (120400-306753009):217)
05-05 01:18:22.152 11128 11757 E Auth    : 	at dyj.a(:com.google.android.gms@201216037@20.12.16 (120400-306753009):103)
05-05 01:18:22.152 11128 11757 E Auth    : 	at dyj.a(:com.google.android.gms@201216037@20.12.16 (120400-306753009):233)
05-05 01:18:22.152 11128 11757 E Auth    : 	at cqv.onTransact(:com.google.android.gms@201216037@20.12.16 (120400-306753009):6)
05-05 01:18:22.152 11128 11757 E Auth    : 	at android.os.Binder.transact(Binder.java:914)
05-05 01:18:22.152 11128 11757 E Auth    : 	at eac.onTransact(:com.google.android.gms@201216037@20.12.16 (120400-306753009):2)
05-05 01:18:22.152 11128 11757 E Auth    : 	at android.os.Binder.transact(Binder.java:914)
05-05 01:18:22.152 11128 11757 E Auth    : 	at aask.onTransact(:com.google.android.gms@201216037@20.12.16 (120400-306753009):16)
05-05 01:18:22.152 11128 11757 E Auth    : 	at android.os.Binder.execTransactInternal(Binder.java:1021)
05-05 01:18:22.152 11128 11757 E Auth    : 	at android.os.Binder.execTransact(Binder.java:994)
05-05 01:18:22.152 11128 11757 E Auth    : Caused by: javax.net.ssl.SSLHandshakeException: SSL handshake aborted: ssl=0x7895adae88: I/O error during system call, Connection reset by peer
05-05 01:18:22.152 11128 11757 E Auth    : 	at com.google.android.gms.org.conscrypt.NativeCrypto.SSL_do_handshake(Native Method)
05-05 01:18:22.152 11128 11757 E Auth    : 	at com.google.android.gms.org.conscrypt.NativeSsl.doHandshake(:com.google.android.gms@201216037@20.12.16 (120400-306753009):6)
05-05 01:18:22.152 11128 11757 E Auth    : 	at com.google.android.gms.org.conscrypt.ConscryptFileDescriptorSocket.startHandshake(:com.google.android.gms@201216037@20.12.16 (120400-306753009):16)
05-05 01:18:22.152 11128 11757 E Auth    : 	at aqis.a(:com.google.android.gms@201216037@20.12.16 (120400-306753009):22)
05-05 01:18:22.152 11128 11757 E Auth    : 	at aqis.createSocket(:com.google.android.gms@201216037@20.12.16 (120400-306753009):9)
05-05 01:18:22.152 11128 11757 E Auth    : 	at com.android.okhttp.internal.io.RealConnection.connectTls(RealConnection.java:185)
05-05 01:18:22.152 11128 11757 E Auth    : 	at com.android.okhttp.internal.io.RealConnection.connectSocket(RealConnection.java:153)
05-05 01:18:22.152 11128 11757 E Auth    : 	at com.android.okhttp.internal.io.RealConnection.connect(RealConnection.java:116)
05-05 01:18:22.152 11128 11757 E Auth    : 	at com.android.okhttp.internal.http.StreamAllocation.findConnection(StreamAllocation.java:186)
05-05 01:18:22.152 11128 11757 E Auth    : 	at com.android.okhttp.internal.http.StreamAllocation.findHealthyConnection(StreamAllocation.java:128)
05-05 01:18:22.152 11128 11757 E Auth    : 	at com.android.okhttp.internal.http.StreamAllocation.newStream(StreamAllocation.java:97)
05-05 01:18:22.152 11128 11757 E Auth    : 	at com.android.okhttp.internal.http.HttpEngine.connect(HttpEngine.java:289)
05-05 01:18:22.152 11128 11757 E Auth    : 	at com.android.okhttp.internal.http.HttpEngine.sendRequest(HttpEngine.java:232)
05-05 01:18:22.152 11128 11757 E Auth    : 	at com.android.okhttp.internal.huc.HttpURLConnectionImpl.execute(HttpURLConnectionImpl.java:465)
05-05 01:18:22.152 11128 11757 E Auth    : 	at com.android.okhttp.internal.huc.HttpURLConnectionImpl.connect(HttpURLConnectionImpl.java:131)
05-05 01:18:22.152 11128 11757 E Auth    : 	at com.android.okhttp.internal.huc.HttpURLConnectionImpl.getOutputStream(HttpURLConnectionImpl.java:262)
05-05 01:18:22.152 11128 11757 E Auth    : 	at com.android.okhttp.internal.huc.DelegatingHttpsURLConnection.getOutputStream(DelegatingHttpsURLConnection.java:219)
05-05 01:18:22.152 11128 11757 E Auth    : 	at com.android.okhttp.internal.huc.HttpsURLConnectionImpl.getOutputStream(HttpsURLConnectionImpl.java:30)
05-05 01:18:22.152 11128 11757 E Auth    : 	at acdu.a(:com.google.android.gms@201216037@20.12.16 (120400-306753009):30)
05-05 01:18:22.152 11128 11757 E Auth    : 	at jzq.a(:com.google.android.gms@201216037@20.12.16 (120400-306753009):5)
05-05 01:18:22.152 11128 11757 E Auth    : 	at hgl.a(:com.google.android.gms@201216037@20.12.16 (120400-306753009):9)
05-05 01:18:22.152 11128 11757 E Auth    : 	at hgl.a(:com.google.android.gms@201216037@20.12.16 (120400-306753009):5)
05-05 01:18:22.152 11128 11757 E Auth    : 	at hfl.a(:com.google.android.gms@201216037@20.12.16 (120400-306753009):209)
05-05 01:18:22.152 11128 11757 E Auth    : 	... 10 more
05-05 01:18:22.152 11128 11757 W Auth    : [GetToken] GetToken failed with status code: NetworkError
05-05 01:18:22.152 11557 11624 I AiAiLocation: Fetching last known location
05-05 01:18:22.152 11557 11624 I AiAiLocation: No last known location returned by provider
05-05 01:18:22.153 11557 11624 I AiAiLocation: Requesting location updates with LocationConfig(minUpdateIntervalSeconds=21600, minTravelDistanceMeters=100000)
05-05 01:18:22.167 11983 12332 D NetworkSecurityConfig: Using Network Security Config from resource network_security_config debugBuild: false
05-05 01:18:22.172   821 12337 E ResolverController: No valid NAT64 prefix (100, <unspecified>/0)
05-05 01:18:22.180  1863 12303 D NetworkMonitor/100: PROBE_HTTP http://connectivitycheck.gstatic.com/generate_204 time=68ms ret=204 request={Connection=[close], User-Agent=[Mozilla/5.0 (X11; Linux x86_64) AppleWebKit/537.36 (KHTML, like Gecko) Chrome/60.0.3112.32 Safari/537.36]} headers={null=[HTTP/1.1 204 No Content], Connection=[close], Content-Length=[0], Date=[Mon, 04 May 2020 17:17:26 GMT], X-Android-Received-Millis=[1588612702179], X-Android-Response-Source=[NETWORK 204], X-Android-Selected-Protocol=[http/1.1], X-Android-Sent-Millis=[1588612702149]}
05-05 01:18:22.182  1863 12303 D NetworkMonitor/100: isCaptivePortal: isSuccessful()=true isPortal()=false RedirectUrl=null isPartialConnectivity()=false Time=106ms
05-05 01:18:22.183  1339  1563 D ConnectivityService: NetworkAgentInfo [WIFI () - 100] validation passed
05-05 01:18:22.184 11128 12081 I NearbyMessages: ReportRpcManager:  Skipping some call, returning cached messages for beacon IDs and URLs: {} [CONTEXT service_id=62 ]
05-05 01:18:22.189 11983 12041 W s.youtube.musi: Suspending all threads took: 8.976ms
05-05 01:18:22.208 12003 12067 W android.youtub: Suspending all threads took: 5.698ms
05-05 01:18:22.215   822   822 D Zygote  : Forked child process 12347
05-05 01:18:22.215  2861 11913 I HotwordRecognitionRnr: IOException during hotword detection; expected during hotword detection closing
05-05 01:18:22.218  1339  1368 I ActivityManager: Start proc 12347:com.google.android.apps.photos/u0a173 for broadcast {com.google.android.apps.photos/com.google.android.libraries.social.peoplekit.thirdparty.viewcontrollers.ThirdPartyReceiver}
05-05 01:18:22.230 11983 11983 V MediaRouter: Selecting route: RouteInfo{ name=, description=null, status=null, category=RouteCategory{ name= types=ROUTE_TYPE_LIVE_AUDIO ROUTE_TYPE_LIVE_VIDEO  groupable=false }, supportedTypes=ROUTE_TYPE_LIVE_AUDIO ROUTE_TYPE_LIVE_VIDEO , presentationDisplay=null }
05-05 01:18:22.233 12347 12347 E oid.apps.photo: Not starting debugger since process cannot load the jdwp agent.
05-05 01:18:22.236 11439 11439 I AvrcpBrowsedPlayerWrapper: onConnected: com.google.android.apps.youtube.music is connected
05-05 01:18:22.236 11439 11439 D AvrcpBrowsablePlayerConnector: Browse player callback called: package=com.google.android.apps.youtube.music : status=0
05-05 01:18:22.236 11439 11439 D AvrcpBrowsedPlayerWrapper: disconnect: Disconnecting from com.google.android.apps.youtube.music
05-05 01:18:22.236 11812 12221 I Finsky  : [148] nci.run(2): Installer: Installer starting.
05-05 01:18:22.236 11439 11439 D AvrcpBrowsablePlayerConnector: Received a message: msg.what=1
05-05 01:18:22.236 11439 11439 I AvrcpBrowsablePlayerConnector: Checking root contents for com.google.android.apps.youtube.music
05-05 01:18:22.236 11439 11439 D AvrcpBrowsedPlayerWrapper: connect: Connecting to browsable player: com.google.android.apps.youtube.music
05-05 01:18:22.237 11812 12221 I Finsky  : [148] nci.run(4): Installer: Installer started.
05-05 01:18:22.240 11128 11128 I Herrevad: [2] acbz.a: updateListenState
05-05 01:18:22.245 11983 12041 V NativeCrypto: Registering com/google/android/gms/org/conscrypt/NativeCrypto's 286 native methods...
05-05 01:18:22.246 11812 11812 I Finsky  : [2] ndh.a(222): Installer: found apps to install. isMultiUserMode=false, apps=[]
05-05 01:18:22.250 11439 11439 I AvrcpBrowsedPlayerWrapper: onConnected: com.google.android.apps.youtube.music is connected
05-05 01:18:22.250 11439 11439 I AvrcpBrowsedPlayerWrapper: getFolderItems: Connected to browsable player: com.google.android.apps.youtube.music
05-05 01:18:22.257 12257 12313 I Filament: Filament library loaded.
05-05 01:18:22.259 12257 12330 I Adreno  : QUALCOMM build                   : 9b214d0, Ibc75db1fca
05-05 01:18:22.259 12257 12330 I Adreno  : Build Date                       : 06/30/19
05-05 01:18:22.259 12257 12330 I Adreno  : OpenGL ES Shader Compiler Version: EV031.26.06.00
05-05 01:18:22.259 12257 12330 I Adreno  : Local Branch                     : AU124
05-05 01:18:22.259 12257 12330 I Adreno  : Remote Branch                    : 
05-05 01:18:22.259 12257 12330 I Adreno  : Remote Branch                    : 
05-05 01:18:22.259 12257 12330 I Adreno  : Reconstruct Branch               : 
05-05 01:18:22.259 12257 12330 I Adreno  : Build Config                     : S P 8.0.6 AArch64
05-05 01:18:22.264 12257 12330 I Adreno  : PFP: 0x016ee185, ME: 0x00000000
05-05 01:18:22.267 11983 12041 I ProviderInstaller: Installed default security provider GmsCore_OpenSSL
05-05 01:18:22.268 11439 11439 D AvrcpBrowsedPlayerWrapper: onChildrenLoaded: mediaId=__EMPTY_ROOT_ID__ size= 0
05-05 01:18:22.268 11439 11439 D AvrcpBrowsedPlayerWrapper: disconnect: Disconnecting from com.google.android.apps.youtube.music
05-05 01:18:22.275 11983 12043 I DynamiteModule: Considering local module com.google.android.gms.ads.dynamite:0 and remote module com.google.android.gms.ads.dynamite:21400
05-05 01:18:22.275 11983 12043 I DynamiteModule: Selected remote version of com.google.android.gms.ads.dynamite, version >= 21400
05-05 01:18:22.277 12347 12347 I oid.apps.photo: The ClassLoaderContext is a special shared library.
05-05 01:18:22.295 11983 12084 E GoogleTagManager: Invalid macro: _gtm.loadEventEnabled
05-05 01:18:22.298  1339  1563 D ConnectivityService: reportNetworkConnectivity(100, false) by 10117
05-05 01:18:22.298  1863  3764 D NetworkMonitor/100: Forcing reevaluation for UID 10117. Dns signal count: 0
05-05 01:18:22.303  1339  1563 D ConnectivityService: reportNetworkConnectivity(100, false) by 10117
05-05 01:18:22.305  1863 12375 D NetworkMonitor/100: PROBE_DNS connectivitycheck.gstatic.com 6ms OK 203.208.41.127
05-05 01:18:22.305 12347 12347 W oid.apps.photo: JIT profile information will not be recorded: profile file does not exits.
05-05 01:18:22.305 12347 12347 W oid.apps.photo: JIT profile information will not be recorded: profile file does not exits.
05-05 01:18:22.319 11557 11625 W brella.AndroidLearningContext: No Lifetime Logger for learning context registered
05-05 01:18:22.339 12347 12347 W oid.apps.photo: Accessing hidden field Ljava/util/Collections$SynchronizedCollection;->mutex:Ljava/lang/Object; (greylist-max-o, reflection, denied)
05-05 01:18:22.339 12347 12347 W oid.apps.photo: Accessing hidden method Ljava/util/Collections$SynchronizedSet;-><init>(Ljava/util/Set;Ljava/lang/Object;)V (greylist-max-o, reflection, denied)
05-05 01:18:22.339 12347 12347 W oid.apps.photo: Accessing hidden method Ljava/util/Collections$SynchronizedCollection;-><init>(Ljava/util/Collection;Ljava/lang/Object;)V (greylist-max-o, reflection, denied)
05-05 01:18:22.342 11557 11625 W brella.AndroidLearningContext: No Lifetime Logger for learning context registered
05-05 01:18:22.352 11812 11812 I Finsky  : [2] woi.a(21): Connecting InstallListener to SplitInstallService broadcaster...
05-05 01:18:22.354 11557 11625 W brella.AndroidLearningContext: No Lifetime Logger for learning context registered
05-05 01:18:22.379  1863 12375 D NetworkMonitor/100: PROBE_HTTP http://connectivitycheck.gstatic.com/generate_204 time=73ms ret=204 request={Connection=[close], User-Agent=[Mozilla/5.0 (X11; Linux x86_64) AppleWebKit/537.36 (KHTML, like Gecko) Chrome/60.0.3112.32 Safari/537.36]} headers={null=[HTTP/1.1 204 No Content], Connection=[close], Content-Length=[0], Date=[Mon, 04 May 2020 17:17:26 GMT], X-Android-Received-Millis=[1588612702379], X-Android-Response-Source=[NETWORK 204], X-Android-Selected-Protocol=[http/1.1], X-Android-Sent-Millis=[1588612702348]}
05-05 01:18:22.380  1863 12375 D NetworkMonitor/100: isCaptivePortal: isSuccessful()=true isPortal()=false RedirectUrl=null isPartialConnectivity()=false Time=81ms
05-05 01:18:22.381  1863  3764 D NetworkMonitor/100: Forcing reevaluation for UID 10117. Dns signal count: 0
05-05 01:18:22.391  1863 12383 D NetworkMonitor/100: PROBE_DNS connectivitycheck.gstatic.com 8ms OK 203.208.41.127
05-05 01:18:22.418 11983 12043 W s.youtube.musi: Verification of int z.a(android.content.Context, db, int, db, boolean, boolean) took 119.769ms
05-05 01:18:22.422 11983 12374 E GoogleTagManager: Invalid macro: _gtm.loadEventEnabled
05-05 01:18:22.459  1863 12383 D NetworkMonitor/100: PROBE_HTTP http://connectivitycheck.gstatic.com/generate_204 time=66ms ret=204 request={Connection=[close], User-Agent=[Mozilla/5.0 (X11; Linux x86_64) AppleWebKit/537.36 (KHTML, like Gecko) Chrome/60.0.3112.32 Safari/537.36]} headers={null=[HTTP/1.1 204 No Content], Connection=[close], Content-Length=[0], Date=[Mon, 04 May 2020 17:17:27 GMT], X-Android-Received-Millis=[1588612702458], X-Android-Response-Source=[NETWORK 204], X-Android-Selected-Protocol=[http/1.1], X-Android-Sent-Millis=[1588612702424]}
05-05 01:18:22.461  1863 12383 D NetworkMonitor/100: isCaptivePortal: isSuccessful()=true isPortal()=false RedirectUrl=null isPartialConnectivity()=false Time=77ms
05-05 01:18:22.462  1339  1563 D ConnectivityService: NetworkAgentInfo [WIFI () - 100] validation passed
05-05 01:18:22.517 11983 12043 I DynamiteLoaderV2: [71] AdsFdrDynamite.integ
05-05 01:18:22.609 11016 11061 D UIAutomatorStub: URI: /jsonrpc/0, Method: POST, params, {NanoHttpd.QUERY_STRING=null}, files: {postData={"jsonrpc": "2.0", "id": "4e53d031b717b184ab12da62c39e35f4", "method": "dumpWindowHierarchy", "params": [false, null]}}
05-05 01:18:22.618 11016 11016 D UIABatteryMonitor: notify battery changed. current level 99
05-05 01:18:22.618 11467 11467 D Oslo/StatusSensor: Received intent android.intent.action.BATTERY_CHANGED
05-05 01:18:22.621   624   624 D qdlights: set_speaker_light_locked mode=0, colorRGB=00000000, onMS=0, offMS=0, rc=-2
05-05 01:18:22.632 11016 11061 W QueryController: Could not detect idle state.
05-05 01:18:22.633 11016 11061 W QueryController: Could not detect idle state.
05-05 01:18:22.640  1339  1372 D KernelCpuUidUserSysTimeReader: Removing uids 1037-1037
05-05 01:18:22.640  1339  1372 D KernelCpuUidUserSysTimeReader: Removing uids 1037-1037
05-05 01:18:22.649   822   822 D Zygote  : Forked child process 12413
05-05 01:18:22.651  1339  1368 I ActivityManager: Start proc 12413:com.google.android.apps.turbo/u0a159 for content provider {com.google.android.apps.turbo/com.google.android.apps.turbo.nudges.battery.provider.EstimatedTimeRemainingProvider}
05-05 01:18:22.657 12413 12413 E roid.apps.turb: Not starting debugger since process cannot load the jdwp agent.
05-05 01:18:22.662 11812 11812 I Finsky  : [2] vcy.a(7): SCH: Jobs in database: 1-1337 12-1 26-1414141414 29-29 34-134 34-136 34-138 
05-05 01:18:22.682 12413 12413 I roid.apps.turb: The ClassLoaderContext is a special shared library.
05-05 01:18:22.701 11016 11061 I AccessibilityNodeInfoDumper: Skipping invisible child: android.view.accessibility.AccessibilityNodeInfo@e128; boundsInParent: Rect(0, 0 - 1080, 47); boundsInScreen: Rect(0, 2523 - 1080, 2280); packageName: com.google.android.apps.nexuslauncher; className: android.view.View; text: null; error: null; maxTextLength: -1; contentDescription: null; tooltipText: null; viewIdResName: com.google.android.apps.nexuslauncher:id/apps_divider_view; checkable: false; checked: false; focusable: false; focused: false; selected: false; clickable: false; longClickable: false; contextClickable: false; enabled: true; password: false; scrollable: false; importantForAccessibility: false; visible: false; actions: [AccessibilityAction: ACTION_SELECT - null, AccessibilityAction: ACTION_CLEAR_SELECTION - null, AccessibilityAction: ACTION_ACCESSIBILITY_FOCUS - null, AccessibilityAction: ACTION_SHOW_ON_SCREEN - null]
05-05 01:18:22.701 11016 11061 I AccessibilityNodeInfoDumper: Skipping invisible child: android.view.accessibility.AccessibilityNodeInfo@fb6f; boundsInParent: Rect(0, 0 - 0, 42); boundsInScreen: Rect(540, 2084 - 540, 2126); packageName: com.google.android.apps.nexuslauncher; className: android.widget.TextView; text: null; error: null; maxTextLength: -1; contentDescription: ; tooltipText: null; viewIdResName: com.google.android.apps.nexuslauncher:id/qsb_hint; checkable: false; checked: false; focusable: false; focused: false; selected: false; clickable: false; longClickable: false; contextClickable: false; enabled: true; password: false; scrollable: false; importantForAccessibility: false; visible: false; actions: [AccessibilityAction: ACTION_SELECT - null, AccessibilityAction: ACTION_CLEAR_SELECTION - null, AccessibilityAction: ACTION_ACCESSIBILITY_FOCUS - null, AccessibilityAction: ACTION_SHOW_ON_SCREEN - null]
05-05 01:18:22.702 11016 11061 I AccessibilityNodeInfoDumper: Skipping invisible child: android.view.accessibility.AccessibilityNodeInfo@ff30; boundsInParent: Rect(0, 0 - 206, 171); boundsInScreen: Rect(822, 2099 - 1028, 2270); packageName: com.google.android.apps.nexuslauncher; className: android.widget.TextView; text: null; error: null; maxTextLength: -1; contentDescription: null; tooltipText: null; viewIdResName: com.google.android.apps.nexuslauncher:id/fast_scroller_popup; checkable: false; checked: false; focusable: false; focused: false; selected: false; clickable: false; longClickable: false; contextClickable: false; enabled: true; password: false; scrollable: false; importantForAccessibility: false; visible: false; actions: [AccessibilityAction: ACTION_SELECT - null, AccessibilityAction: ACTION_CLEAR_SELECTION - null, AccessibilityAction: ACTION_ACCESSIBILITY_FOCUS - null, AccessibilityAction: ACTION_SHOW_ON_SCREEN - null]
05-05 01:18:22.708  1339  1563 D ConnectivityService: reportNetworkConnectivity(100, false) by 10117
05-05 01:18:22.708  1863  3764 D NetworkMonitor/100: Forcing reevaluation for UID 10117. Dns signal count: 0
05-05 01:18:22.717 12257 12402 I DynamiteLoaderV2: [71] Measurementdynamite
05-05 01:18:22.720  1863 12434 D NetworkMonitor/100: PROBE_DNS connectivitycheck.gstatic.com 6ms OK 203.208.41.127
05-05 01:18:22.722 11812 11812 I Finsky  : [2] uyt.a(58): SCH: ConstraintMapping: 1-1337, 12-1,  -> L: 14152ms, D: 6106304ms, C: false, I: false, N: 1
05-05 01:18:22.726 11016 11061 I AccessibilityNodeInfoDumper: Skipping invisible child: android.view.accessibility.AccessibilityNodeInfo@27a53; boundsInParent: Rect(0, 0 - 0, 80); boundsInScreen: Rect(540, 3 - 540, 83); packageName: com.android.systemui; className: android.widget.FrameLayout; text: null; error: null; maxTextLength: -1; contentDescription: null; tooltipText: null; viewIdResName: com.android.systemui:id/centered_icon_area; checkable: false; checked: false; focusable: false; focused: false; selected: false; clickable: false; longClickable: false; contextClickable: false; enabled: true; password: false; scrollable: false; importantForAccessibility: false; visible: false; actions: [AccessibilityAction: ACTION_SELECT - null, AccessibilityAction: ACTION_CLEAR_SELECTION - null, AccessibilityAction: ACTION_ACCESSIBILITY_FOCUS - null, AccessibilityAction: ACTION_SHOW_ON_SCREEN - null]
05-05 01:18:22.741 11812 11812 I Finsky  : [2] uyt.a(58): SCH: ConstraintMapping: 34-134, 34-136, 34-138,  -> L: 185123835ms, D: 2031825760ms, C: false, I: true, N: 2
05-05 01:18:22.742 11812 11812 I Finsky  : [2] uyt.a(58): SCH: ConstraintMapping: 34-134, 34-136, 34-138,  -> L: 185123835ms, D: 2031825760ms, C: true, I: true, N: 2
05-05 01:18:22.758 11812 11812 I Finsky  : [2] uyt.a(58): SCH: ConstraintMapping: 26-1414141414, 29-29,  -> L: 28390ms, D: 58390ms, C: false, I: false, N: 0
05-05 01:18:22.770 11128 11966 I GeofencerStateMachine: removeGeofences: removeRequest=RemoveGeofencingRequest[REMOVE_BY_IDS Ids=[atn_geofence_request_id], packageName=com.google.android.apps.maps]
05-05 01:18:22.773 11812 11812 I Finsky  : [2] vbi.a(35): Cancelling existing jobscheduler jobs: 
05-05 01:18:22.786 11812 11812 I Finsky  : [2] vbi.a(28): Scheduling job Id: 9000, L: 14152, D: 6106304, C: false, I: false, N: 1
05-05 01:18:22.787 11812 11812 I Finsky  : [2] vbi.a(28): Scheduling job Id: 9001, L: 185123835, D: 2031825760, C: false, I: true, N: 2
05-05 01:18:22.791 12413 12446 W DynamiteModule: Local module descriptor class for com.google.android.gms.crash not found.
05-05 01:18:22.794 11812 11812 I Finsky  : [2] vbi.a(28): Scheduling job Id: 9002, L: 185123835, D: 2031825760, C: true, I: true, N: 2
05-05 01:18:22.795 11812 11812 I Finsky  : [2] vbi.a(28): Scheduling job Id: 9003, L: 28390, D: 58390, C: false, I: false, N: 0
05-05 01:18:22.797 11812 11812 I Finsky  : [2] abrk.a(7): Verification requested, id = 0
05-05 01:18:22.801  1863 12434 D NetworkMonitor/100: PROBE_HTTP http://connectivitycheck.gstatic.com/generate_204 time=77ms ret=204 request={Connection=[close], User-Agent=[Mozilla/5.0 (X11; Linux x86_64) AppleWebKit/537.36 (KHTML, like Gecko) Chrome/60.0.3112.32 Safari/537.36]} headers={null=[HTTP/1.1 204 No Content], Connection=[close], Content-Length=[0], Date=[Mon, 04 May 2020 17:17:27 GMT], X-Android-Received-Millis=[1588612702801], X-Android-Response-Source=[NETWORK 204], X-Android-Selected-Protocol=[http/1.1], X-Android-Sent-Millis=[1588612702764]}
05-05 01:18:22.804  1863 12434 D NetworkMonitor/100: isCaptivePortal: isSuccessful()=true isPortal()=false RedirectUrl=null isPartialConnectivity()=false Time=89ms
05-05 01:18:22.805  1339  1563 D ConnectivityService: NetworkAgentInfo [WIFI () - 100] validation passed
05-05 01:18:22.827 12413 12446 I DynamiteLoaderV2: [71] Dynamitemodulesc
05-05 01:18:22.855 11812 11812 E Finsky  : [2] aceu.b(2): Package name null is not an installed package
05-05 01:18:22.857 11812 11812 I Finsky  : [2] vcy.a(7): SCH: Jobs in database: 1-1337 12-1 26-1414141414 29-29 34-134 34-136 34-138 
05-05 01:18:22.863 12413 12446 I FirebaseCrashApiImpl: FirebaseCrashApiImpl created by ClassLoader dalvik.system.DelegateLastClassLoader[DexPathList[[zip file "/data/user_de/0/com.google.android.gms/app_chimera/m/0000004b/DynamiteModulesC.apk"],nativeLibraryDirectories=[/data/user_de/0/com.google.android.gms/app_chimera/m/0000004b/DynamiteModulesC.apk!/lib/arm64-v8a, /system/lib64, /product/lib64]]]
05-05 01:18:22.867 11812 11865 I Finsky  : [99] absx.a(9): Single user settings service is not running, bind it now
05-05 01:18:22.869 12413 12447 I DynamiteModule: Considering local module com.google.android.gms.flags:3 and remote module com.google.android.gms.flags:3
05-05 01:18:22.869 12413 12447 I DynamiteModule: Selected local version of com.google.android.gms.flags
05-05 01:18:22.875  1737  4509 D PowerUI : can't show warning due to - plugged: true status unknown: false
05-05 01:18:22.877 12413 12447 W DynamiteModule: Local module descriptor class for com.google.android.gms.crash not found.
05-05 01:18:22.887 11812 11812 I Finsky  : [2] uyt.a(58): SCH: ConstraintMapping: 1-1337, 12-1,  -> L: 13953ms, D: 6106103ms, C: false, I: false, N: 1
05-05 01:18:22.887 11812 11812 I Finsky  : [2] uyt.a(58): SCH: ConstraintMapping: 34-134, 34-136, 34-138,  -> L: 185123667ms, D: 2031825580ms, C: false, I: true, N: 2
05-05 01:18:22.888 11812 11812 I Finsky  : [2] uyt.a(58): SCH: ConstraintMapping: 34-134, 34-136, 34-138,  -> L: 185123667ms, D: 2031825581ms, C: true, I: true, N: 2
05-05 01:18:22.888 12413 12447 I FirebaseCrashApiImpl: FirebaseCrash reporting API initialized
05-05 01:18:22.888 11812 11812 I Finsky  : [2] uyt.a(58): SCH: ConstraintMapping: 26-1414141414, 29-29,  -> L: 28214ms, D: 58214ms, C: false, I: false, N: 0
05-05 01:18:22.889 12413 12447 W FirebaseCrashAnalytics: Unable to log event, missing Google Analytics for Firebase library
