05-05 01:18:20.687 11557 11713 I AiAiCaptions: initialize(): successfully loaded embedded superpacks manifest for 'captions_v1' (version 20200112).
05-05 01:18:20.687 11557 11713 I AiAiCaptions: downloadResource(): Starting to download superpack 'captions_v1' version 20200112.
05-05 01:18:20.687 11557 11624 I AiAiCaptions: Would enable com.google.android.apps.miphone.aiai.captions.downloadservice.CaptionsDownloadService but already enabled
05-05 01:18:20.689 11557 11752 I SP.AiAi : Registering captions_v1.20200112, url: https://storage.googleapis.com/captions/captions_v1_20200112_manifest.json, constraints: *:*, flags: *, requested: 20200112, current: 20200112
05-05 01:18:20.690   821 11846 E ResolverController: No valid NAT64 prefix (100, <unspecified>/0)
05-05 01:18:20.693  3006 11712 I MicroDataManager: isInitializing-false locale not changed-true model not changed-true
05-05 01:18:20.694 11128 11355 E ctxmgr  : [FencePendingIntentCache]Expected to find a PendingIntent for pendingIntentKey=000a4cd1-a450-4331-8223-dd225eb68175 [CONTEXT service_id=47 ]
05-05 01:18:20.694  3006 11712 I MicroDataManager: isInitializing-false locale not changed-true model not changed-true
05-05 01:18:20.695 11128 11355 E ctxmgr  : [FencePendingIntentCache]Expected to find a PendingIntent for pendingIntentKey=000a4cd1-a450-4331-8223-dd225eb68175 [CONTEXT service_id=47 ]
05-05 01:18:20.696 11128 11355 I chatty  : uid=10145 com.google.android.gms.persistent identical 2 lines
05-05 01:18:20.696 11128 11355 E ctxmgr  : [FencePendingIntentCache]Expected to find a PendingIntent for pendingIntentKey=000a4cd1-a450-4331-8223-dd225eb68175 [CONTEXT service_id=47 ]
05-05 01:18:20.697 11557 11625 I AiAiFed : [AiAi Reflection FL] *** enabled *** population=aiai/reflection/prod
05-05 01:18:20.697 11128 11623 W ProviderHelper: Unknown dynamite feature providerinstaller
05-05 01:18:20.697 11128 11623 I DynamiteModule: Considering local module providerinstaller:0 and remote module providerinstaller:0
05-05 01:18:20.698 11128 11355 E ctxmgr  : [FencePendingIntentCache]Expected to find a PendingIntent for pendingIntentKey=6140ba0c-4367-4f6d-a665-b2e1ed632021 [CONTEXT service_id=47 ]
05-05 01:18:20.698 11128 11355 E ctxmgr  : [FencePendingIntentCache]Expected to find a PendingIntent for pendingIntentKey=6140ba0c-4367-4f6d-a665-b2e1ed632021 [CONTEXT service_id=47 ]
05-05 01:18:20.700 11128 11623 I DynamiteModule: Considering local module providerinstaller:0 and remote module providerinstaller:0
05-05 01:18:20.706 11557 11752 I SP.AiAi : Syncing captions_v1 (20200112) with slices: [captions_v1_20200112_asr, captions_v1_20200112_sound, captions_v1_20200112_punctuation], metadata: false
05-05 01:18:20.709 11812 11812 I Finsky  : [2] eby.aZ(5): Process created at version: 19.8.15-all [0] [PR] 307848585
05-05 01:18:20.712 11294 11294 W ContextManagerRestartBr: Context manager broadcast triggered fence restoration
05-05 01:18:20.714 11128 11355 W ctxmgr  : [FencePendingIntentCache]Sending CONTEXT_MANAGER_RESTARTED broadcast to com.google.android.apps.wellbeing [CONTEXT service_id=47 ]
05-05 01:18:20.716 11294 11294 W AutoDndManagerImpl: Context manager requested to re-register fence
05-05 01:18:20.719 11128 11748 W GCoreFlp: No location to return for getLastLocation()
05-05 01:18:20.727 11128 11623 W Conscrypt: Could not set socket write timeout: java.net.SocketException: Socket closed
05-05 01:18:20.727 11128 11623 W Conscrypt: 	at com.google.android.gms.org.conscrypt.Platform.setSocketWriteTimeout(:com.google.android.gms@201216037@20.12.16 (120400-306753009):2)
05-05 01:18:20.727 11128 11623 W Conscrypt: 	at com.google.android.gms.org.conscrypt.ConscryptFileDescriptorSocket.setSoWriteTimeout(:com.google.android.gms@201216037@20.12.16 (120400-306753009):0)
05-05 01:18:20.738 11128 11623 V NativeCrypto: SSL handshake aborted: ssl=0x789a308648: I/O error during system call, Connection reset by peer
05-05 01:18:20.739 11128 11623 E Auth    : [GoogleAccountDataServiceImpl] getToken() -> NETWORK_ERROR. Account: <ELLIDED:-1942151567>, App: com.google.android.googlequicksearchbox, Service: oauth2:https://www.googleapis.com/auth/googlenow
05-05 01:18:20.739 11128 11623 E Auth    : sjc: Error when calling server.
05-05 01:18:20.739 11128 11623 E Auth    : 	at hfl.a(:com.google.android.gms@201216037@20.12.16 (120400-306753009):210)
05-05 01:18:20.739 11128 11623 E Auth    : 	at dyj.a(:com.google.android.gms@201216037@20.12.16 (120400-306753009):217)
05-05 01:18:20.739 11128 11623 E Auth    : 	at dyj.a(:com.google.android.gms@201216037@20.12.16 (120400-306753009):103)
05-05 01:18:20.739 11128 11623 E Auth    : 	at hdx.getAuthToken(:com.google.android.gms@201216037@20.12.16 (120400-306753009):21)
05-05 01:18:20.739 11128 11623 E Auth    : 	at android.accounts.AbstractAccountAuthenticator$Transport.getAuthToken(AbstractAccountAuthenticator.java:246)
05-05 01:18:20.739 11128 11623 E Auth    : 	at android.accounts.IAccountAuthenticator$Stub.onTransact(IAccountAuthenticator.java:282)
05-05 01:18:20.739 11128 11623 E Auth    : 	at android.os.Binder.transact(Binder.java:914)
05-05 01:18:20.739 11128 11623 E Auth    : 	at eac.onTransact(:com.google.android.gms@201216037@20.12.16 (120400-306753009):2)
05-05 01:18:20.739 11128 11623 E Auth    : 	at android.os.Binder.transact(Binder.java:914)
05-05 01:18:20.739 11128 11623 E Auth    : 	at aask.onTransact(:com.google.android.gms@201216037@20.12.16 (120400-306753009):16)
05-05 01:18:20.739 11128 11623 E Auth    : 	at android.os.Binder.execTransactInternal(Binder.java:1021)
05-05 01:18:20.739 11128 11623 E Auth    : 	at android.os.Binder.execTransact(Binder.java:994)
05-05 01:18:20.739 11128 11623 E Auth    : Caused by: javax.net.ssl.SSLHandshakeException: SSL handshake aborted: ssl=0x789a308648: I/O error during system call, Connection reset by peer
05-05 01:18:20.739 11128 11623 E Auth    : 	at com.google.android.gms.org.conscrypt.NativeCrypto.SSL_do_handshake(Native Method)
05-05 01:18:20.739 11128 11623 E Auth    : 	at com.google.android.gms.org.conscrypt.NativeSsl.doHandshake(:com.google.android.gms@201216037@20.12.16 (120400-306753009):6)
05-05 01:18:20.739 11128 11623 E Auth    : 	at com.google.android.gms.org.conscrypt.ConscryptFileDescriptorSocket.startHandshake(:com.google.android.gms@201216037@20.12.16 (120400-306753009):16)
05-05 01:18:20.739 11128 11623 E Auth    : 	at aqis.a(:com.google.android.gms@201216037@20.12.16 (120400-306753009):22)
05-05 01:18:20.739 11128 11623 E Auth    : 	at aqis.createSocket(:com.google.android.gms@201216037@20.12.16 (120400-306753009):9)
05-05 01:18:20.739 11128 11623 E Auth    : 	at com.android.okhttp.internal.io.RealConnection.connectTls(RealConnection.java:185)
05-05 01:18:20.739 11128 11623 E Auth    : 	at com.android.okhttp.internal.io.RealConnection.connectSocket(RealConnection.java:153)
05-05 01:18:20.739 11128 11623 E Auth    : 	at com.android.okhttp.internal.io.RealConnection.connect(RealConnection.java:116)
05-05 01:18:20.739 11128 11623 E Auth    : 	at com.android.okhttp.internal.http.StreamAllocation.findConnection(StreamAllocation.java:186)
05-05 01:18:20.739 11128 11623 E Auth    : 	at com.android.okhttp.internal.http.StreamAllocation.findHealthyConnection(StreamAllocation.java:128)
05-05 01:18:20.739 11128 11623 E Auth    : 	at com.android.okhttp.internal.http.StreamAllocation.newStream(StreamAllocation.java:97)
05-05 01:18:20.739 11128 11623 E Auth    : 	at com.android.okhttp.internal.http.HttpEngine.connect(HttpEngine.java:289)
05-05 01:18:20.739 11128 11623 E Auth    : 	at com.android.okhttp.internal.http.HttpEngine.sendRequest(HttpEngine.java:232)
05-05 01:18:20.739 11128 11623 E Auth    : 	at com.android.okhttp.internal.huc.HttpURLConnectionImpl.execute(HttpURLConnectionImpl.java:465)
05-05 01:18:20.739 11128 11623 E Auth    : 	at com.android.okhttp.internal.huc.HttpURLConnectionImpl.connect(HttpURLConnectionImpl.java:131)
05-05 01:18:20.739 11128 11623 E Auth    : 	at com.android.okhttp.internal.huc.HttpURLConnectionImpl.getOutputStream(HttpURLConnectionImpl.java:262)
05-05 01:18:20.739 11128 11623 E Auth    : 	at com.android.okhttp.internal.huc.DelegatingHttpsURLConnection.getOutputStream(DelegatingHttpsURLConnection.java:219)
05-05 01:18:20.739 11128 11623 E Auth    : 	at com.android.okhttp.internal.huc.HttpsURLConnectionImpl.getOutputStream(HttpsURLConnectionImpl.java:30)
05-05 01:18:20.739 11128 11623 E Auth    : 	at acdu.a(:com.google.android.gms@201216037@20.12.16 (120400-306753009):30)
05-05 01:18:20.739 11128 11623 E Auth    : 	at jzq.a(:com.google.android.gms@201216037@20.12.16 (120400-306753009):5)
05-05 01:18:20.739 11128 11623 E Auth    : 	at hgl.a(:com.google.android.gms@201216037@20.12.16 (120400-306753009):9)
05-05 01:18:20.739 11128 11623 E Auth    : 	at hgl.a(:com.google.android.gms@201216037@20.12.16 (120400-306753009):5)
05-05 01:18:20.739 11128 11623 E Auth    : 	at hfl.a(:com.google.android.gms@201216037@20.12.16 (120400-306753009):209)
05-05 01:18:20.739 11128 11623 E Auth    : 	... 11 more
05-05 01:18:20.739 11128 11623 W Auth    : [GetToken] GetToken failed with status code: NetworkError
05-05 01:18:20.752 11358 11854 I Icing   : Using regular flags by method 2
05-05 01:18:20.759 11128 11623 W GLSActivity: 
05-05 01:18:20.759 11128 11623 W GLSActivity: java.io.IOException: NetworkError
05-05 01:18:20.759 11128 11623 W GLSActivity: 	at hdx.getAuthToken(:com.google.android.gms@201216037@20.12.16 (120400-306753009):29)
05-05 01:18:20.759 11128 11623 W GLSActivity: 	at android.accounts.AbstractAccountAuthenticator$Transport.getAuthToken(AbstractAccountAuthenticator.java:246)
05-05 01:18:20.759 11128 11623 W GLSActivity: 	at android.accounts.IAccountAuthenticator$Stub.onTransact(IAccountAuthenticator.java:282)
05-05 01:18:20.759 11128 11623 W GLSActivity: 	at android.os.Binder.transact(Binder.java:914)
05-05 01:18:20.759 11128 11623 W GLSActivity: 	at eac.onTransact(:com.google.android.gms@201216037@20.12.16 (120400-306753009):2)
05-05 01:18:20.759 11128 11623 W GLSActivity: 	at android.os.Binder.transact(Binder.java:914)
05-05 01:18:20.759 11128 11623 W GLSActivity: 	at aask.onTransact(:com.google.android.gms@201216037@20.12.16 (120400-306753009):16)
05-05 01:18:20.759 11128 11623 W GLSActivity: 	at android.os.Binder.execTransactInternal(Binder.java:1021)
05-05 01:18:20.759 11128 11623 W GLSActivity: 	at android.os.Binder.execTransact(Binder.java:994)
05-05 01:18:20.760  3006  3590 W Search.LoginHelperImpl: IO exception for scope: oauth2:https://www.googleapis.com/auth/googlenow
05-05 01:18:20.760  3006  3590 W Search.LoginHelperImpl: java.io.IOException: NetworkError
05-05 01:18:20.760  3006  3590 W Search.LoginHelperImpl: 	at android.accounts.AccountManager.convertErrorToException(AccountManager.java:2543)
05-05 01:18:20.760  3006  3590 W Search.LoginHelperImpl: 	at android.accounts.AccountManager.access$700(AccountManager.java:162)
05-05 01:18:20.760  3006  3590 W Search.LoginHelperImpl: 	at android.accounts.AccountManager$AmsTask$Response.onError(AccountManager.java:2394)
05-05 01:18:20.760  3006  3590 W Search.LoginHelperImpl: 	at android.accounts.IAccountManagerResponse$Stub.onTransact(IAccountManagerResponse.java:107)
05-05 01:18:20.760  3006  3590 W Search.LoginHelperImpl: 	at android.os.Binder.execTransactInternal(Binder.java:1021)
05-05 01:18:20.760  3006  3590 W Search.LoginHelperImpl: 	at android.os.Binder.execTransact(Binder.java:994)
05-05 01:18:20.772 11557 11557 I AiAiCaptions: onServiceConnected(): Connected to Superpacks Service
05-05 01:18:20.804 11557 11625 I AiAiFed : [AiAi Autofill FA] *** enabled *** population=aiai/autofill/fa/prod
05-05 01:18:20.816 11128 11623 W Conscrypt: Could not set socket write timeout: java.net.SocketException: Socket closed
05-05 01:18:20.816 11128 11623 W Conscrypt: 	at com.google.android.gms.org.conscrypt.Platform.setSocketWriteTimeout(:com.google.android.gms@201216037@20.12.16 (120400-306753009):2)
05-05 01:18:20.816 11128 11623 W Conscrypt: 	at com.google.android.gms.org.conscrypt.ConscryptFileDescriptorSocket.setSoWriteTimeout(:com.google.android.gms@201216037@20.12.16 (120400-306753009):0)
05-05 01:18:20.817   620   620 I SDM     : HWCDisplay::SetActiveConfig: Active configuration changed to: 0
05-05 01:18:20.820 11128 11623 V NativeCrypto: SSL handshake aborted: ssl=0x789a308648: I/O error during system call, Connection reset by peer
05-05 01:18:20.825 11358 11540 I Icing   : Storage manager: low false usage 2.34MB avail 25.04GB capacity 50.01GB
05-05 01:18:20.825 11557 11752 I SP.AiAi : Sync for captions_v1 succeeded in 133 ms: no changes
05-05 01:18:20.827  1339  1361 I DisplayManagerService: Display device changed: DisplayDeviceInfo{"": uniqueId="local:19261132550654593", 1080 x 2280, modeId 2, defaultModeId 2, supportedModes [{id=1, width=1080, height=2280, fps=90.0}, {id=2, width=1080, height=2280, fps=60.000004}], colorMode 0, supportedColorModes [0, 7, 9], HdrCapabilities android.view.Display$HdrCapabilities@413e3a39, density 440, 442.451 x 445.476 dpi, appVsyncOff 2000000, presDeadline 11666666, touch INTERNAL, rotation 0, type BUILT_IN, address {port=129, model=0x446de5e3a74a}, state ON, FLAG_DEFAULT_DISPLAY, FLAG_ROTATES_WITH_CONTENT, FLAG_SECURE, FLAG_SUPPORTS_PROTECTED_BUFFERS}
05-05 01:18:20.828 11128 11623 E Auth    : [GoogleAccountDataServiceImpl] getToken() -> NETWORK_ERROR. Account: <ELLIDED:-1942151567>, App: com.google.android.googlequicksearchbox, Service: oauth2:https://www.googleapis.com/auth/googlenow
05-05 01:18:20.828 11128 11623 E Auth    : sjc: Error when calling server.
05-05 01:18:20.828 11128 11623 E Auth    : 	at hfl.a(:com.google.android.gms@201216037@20.12.16 (120400-306753009):210)
05-05 01:18:20.828 11128 11623 E Auth    : 	at dyj.a(:com.google.android.gms@201216037@20.12.16 (120400-306753009):217)
05-05 01:18:20.828 11128 11623 E Auth    : 	at dyj.a(:com.google.android.gms@201216037@20.12.16 (120400-306753009):103)
05-05 01:18:20.828 11128 11623 E Auth    : 	at hdx.getAuthToken(:com.google.android.gms@201216037@20.12.16 (120400-306753009):21)
05-05 01:18:20.828 11128 11623 E Auth    : 	at android.accounts.AbstractAccountAuthenticator$Transport.getAuthToken(AbstractAccountAuthenticator.java:246)
05-05 01:18:20.828 11128 11623 E Auth    : 	at android.accounts.IAccountAuthenticator$Stub.onTransact(IAccountAuthenticator.java:282)
05-05 01:18:20.828 11128 11623 E Auth    : 	at android.os.Binder.transact(Binder.java:914)
05-05 01:18:20.828 11128 11623 E Auth    : 	at eac.onTransact(:com.google.android.gms@201216037@20.12.16 (120400-306753009):2)
05-05 01:18:20.828 11128 11623 E Auth    : 	at android.os.Binder.transact(Binder.java:914)
05-05 01:18:20.828 11128 11623 E Auth    : 	at aask.onTransact(:com.google.android.gms@201216037@20.12.16 (120400-306753009):16)
05-05 01:18:20.828 11128 11623 E Auth    : 	at android.os.Binder.execTransactInternal(Binder.java:1021)
05-05 01:18:20.828 11128 11623 E Auth    : 	at android.os.Binder.execTransact(Binder.java:994)
05-05 01:18:20.828 11128 11623 E Auth    : Caused by: javax.net.ssl.SSLHandshakeException: SSL handshake aborted: ssl=0x789a308648: I/O error during system call, Connection reset by peer
05-05 01:18:20.828 11128 11623 E Auth    : 	at com.google.android.gms.org.conscrypt.NativeCrypto.SSL_do_handshake(Native Method)
05-05 01:18:20.828 11128 11623 E Auth    : 	at com.google.android.gms.org.conscrypt.NativeSsl.doHandshake(:com.google.android.gms@201216037@20.12.16 (120400-306753009):6)
05-05 01:18:20.828 11128 11623 E Auth    : 	at com.google.android.gms.org.conscrypt.ConscryptFileDescriptorSocket.startHandshake(:com.google.android.gms@201216037@20.12.16 (120400-306753009):16)
05-05 01:18:20.828 11128 11623 E Auth    : 	at aqis.a(:com.google.android.gms@201216037@20.12.16 (120400-306753009):22)
05-05 01:18:20.828 11128 11623 E Auth    : 	at aqis.createSocket(:com.google.android.gms@201216037@20.12.16 (120400-306753009):9)
05-05 01:18:20.828 11128 11623 E Auth    : 	at com.android.okhttp.internal.io.RealConnection.connectTls(RealConnection.java:185)
05-05 01:18:20.828 11128 11623 E Auth    : 	at com.android.okhttp.internal.io.RealConnection.connectSocket(RealConnection.java:153)
05-05 01:18:20.828 11128 11623 E Auth    : 	at com.android.okhttp.internal.io.RealConnection.connect(RealConnection.java:116)
05-05 01:18:20.828 11128 11623 E Auth    : 	at com.android.okhttp.internal.http.StreamAllocation.findConnection(StreamAllocation.java:186)
05-05 01:18:20.828 11128 11623 E Auth    : 	at com.android.okhttp.internal.http.StreamAllocation.findHealthyConnection(StreamAllocation.java:128)
05-05 01:18:20.828 11128 11623 E Auth    : 	at com.android.okhttp.internal.http.StreamAllocation.newStream(StreamAllocation.java:97)
05-05 01:18:20.828 11128 11623 E Auth    : 	at com.android.okhttp.internal.http.HttpEngine.connect(HttpEngine.java:289)
05-05 01:18:20.828 11128 11623 E Auth    : 	at com.android.okhttp.internal.http.HttpEngine.sendRequest(HttpEngine.java:232)
05-05 01:18:20.828 11128 11623 E Auth    : 	at com.android.okhttp.internal.huc.HttpURLConnectionImpl.execute(HttpURLConnectionImpl.java:465)
05-05 01:18:20.828 11128 11623 E Auth    : 	at com.android.okhttp.internal.huc.HttpURLConnectionImpl.connect(HttpURLConnectionImpl.java:131)
05-05 01:18:20.828 11128 11623 E Auth    : 	at com.android.okhttp.internal.huc.HttpURLConnectionImpl.getOutputStream(HttpURLConnectionImpl.java:262)
05-05 01:18:20.828 11128 11623 E Auth    : 	at com.android.okhttp.internal.huc.DelegatingHttpsURLConnection.getOutputStream(DelegatingHttpsURLConnection.java:219)
05-05 01:18:20.828 11128 11623 E Auth    : 	at com.android.okhttp.internal.huc.HttpsURLConnectionImpl.getOutputStream(HttpsURLConnectionImpl.java:30)
05-05 01:18:20.828 11128 11623 E Auth    : 	at acdu.a(:com.google.android.gms@201216037@20.12.16 (120400-306753009):30)
05-05 01:18:20.828 11128 11623 E Auth    : 	at jzq.a(:com.google.android.gms@201216037@20.12.16 (120400-306753009):5)
05-05 01:18:20.828 11128 11623 E Auth    : 	at hgl.a(:com.google.android.gms@201216037@20.12.16 (120400-306753009):9)
05-05 01:18:20.828 11128 11623 E Auth    : 	at hgl.a(:com.google.android.gms@201216037@20.12.16 (120400-306753009):5)
05-05 01:18:20.828 11128 11623 E Auth    : 	at hfl.a(:com.google.android.gms@201216037@20.12.16 (120400-306753009):209)
05-05 01:18:20.828 11128 11623 E Auth    : 	... 11 more
05-05 01:18:20.828 11128 11623 W Auth    : [GetToken] GetToken failed with status code: NetworkError
05-05 01:18:20.828 11128 11623 W GLSActivity: 
05-05 01:18:20.828 11128 11623 W GLSActivity: java.io.IOException: NetworkError
05-05 01:18:20.828 11128 11623 W GLSActivity: 	at hdx.getAuthToken(:com.google.android.gms@201216037@20.12.16 (120400-306753009):29)
05-05 01:18:20.828 11128 11623 W GLSActivity: 	at android.accounts.AbstractAccountAuthenticator$Transport.getAuthToken(AbstractAccountAuthenticator.java:246)
05-05 01:18:20.828 11128 11623 W GLSActivity: 	at android.accounts.IAccountAuthenticator$Stub.onTransact(IAccountAuthenticator.java:282)
05-05 01:18:20.828 11128 11623 W GLSActivity: 	at android.os.Binder.transact(Binder.java:914)
05-05 01:18:20.828 11128 11623 W GLSActivity: 	at eac.onTransact(:com.google.android.gms@201216037@20.12.16 (120400-306753009):2)
05-05 01:18:20.828 11128 11623 W GLSActivity: 	at android.os.Binder.transact(Binder.java:914)
05-05 01:18:20.828 11128 11623 W GLSActivity: 	at aask.onTransact(:com.google.android.gms@201216037@20.12.16 (120400-306753009):16)
05-05 01:18:20.828 11128 11623 W GLSActivity: 	at android.os.Binder.execTransactInternal(Binder.java:1021)
05-05 01:18:20.828 11128 11623 W GLSActivity: 	at android.os.Binder.execTransact(Binder.java:994)
05-05 01:18:20.832 11557 11625 I AiAiFed : [AiAi Matchmaker FA] *** enabled *** population=aiai/matchmaker/prod
05-05 01:18:20.834  3006  3613 W Search.LoginHelperImpl: IO exception for scope: oauth2:https://www.googleapis.com/auth/googlenow
05-05 01:18:20.834  3006  3613 W Search.LoginHelperImpl: java.io.IOException: NetworkError
05-05 01:18:20.834  3006  3613 W Search.LoginHelperImpl: 	at android.accounts.AccountManager.convertErrorToException(AccountManager.java:2543)
05-05 01:18:20.834  3006  3613 W Search.LoginHelperImpl: 	at android.accounts.AccountManager.access$700(AccountManager.java:162)
05-05 01:18:20.834  3006  3613 W Search.LoginHelperImpl: 	at android.accounts.AccountManager$AmsTask$Response.onError(AccountManager.java:2394)
05-05 01:18:20.834  3006  3613 W Search.LoginHelperImpl: 	at android.accounts.IAccountManagerResponse$Stub.onTransact(IAccountManagerResponse.java:107)
05-05 01:18:20.834  3006  3613 W Search.LoginHelperImpl: 	at android.os.Binder.execTransactInternal(Binder.java:1021)
05-05 01:18:20.834  3006  3613 W Search.LoginHelperImpl: 	at android.os.Binder.execTransact(Binder.java:994)
05-05 01:18:20.845   835 11584 D vendor.qti.bluetooth@1.0-patch_dl_manager: TlvDnldReq: Updating seg len to 8 as last segment
05-05 01:18:20.848  3006  3446 D l       : setAvailableAccounts() 0 -> 1.
05-05 01:18:20.848  3006  3446 D l       : modelLoaded
05-05 01:18:20.848  3006  3446 D l       : chooseAccount()
05-05 01:18:20.849  3006  3446 W i       : Disc account not the same as selected account. Disc account null
05-05 01:18:20.850  3006  3435 E OneGoogle: Failed to load owner avatar
05-05 01:18:20.850  3006  3435 E OneGoogle: com.google.android.libraries.ai.a.c.c: Android backend cannot perform remote operations without a remote backend
05-05 01:18:20.850  3006  3435 E OneGoogle: 	at com.google.android.libraries.ai.a.a.c.d(SourceFile:75)
05-05 01:18:20.850  3006  3435 E OneGoogle: 	at com.google.android.libraries.ai.a.a.c.a(SourceFile:17)
05-05 01:18:20.850  3006  3435 E OneGoogle: 	at com.google.android.libraries.ai.a.f.d.a(SourceFile:27)
05-05 01:18:20.850  3006  3435 E OneGoogle: 	at com.google.android.libraries.ai.a.i.a(SourceFile:75)
05-05 01:18:20.850  3006  3435 E OneGoogle: 	at com.google.android.libraries.ai.b.bq.c(SourceFile:40)
05-05 01:18:20.850  3006  3435 E OneGoogle: 	at com.google.android.libraries.ai.b.bq.b(SourceFile:43)
05-05 01:18:20.850  3006  3435 E OneGoogle: 	at com.google.android.libraries.ai.b.be.a(Unknown Source:2)
05-05 01:18:20.850  3006  3435 E OneGoogle: 	at com.google.apps.tiktok.n.bz.a(SourceFile:3)
05-05 01:18:20.850  3006  3435 E OneGoogle: 	at com.google.common.v.a.bd.a(SourceFile:3)
05-05 01:18:20.850  3006  3435 E OneGoogle: 	at com.google.common.v.a.do.b(SourceFile:7)
05-05 01:18:20.850  3006  3435 E OneGoogle: 	at com.google.common.v.a.ci.run(SourceFile:12)
05-05 01:18:20.850  3006  3435 E OneGoogle: 	at com.google.common.v.a.dq.run(SourceFile:10)
05-05 01:18:20.850  3006  3435 E OneGoogle: 	at com.google.apps.tiktok.concurrent.au.run(SourceFile:2)
05-05 01:18:20.850  3006  3435 E OneGoogle: 	at java.util.concurrent.ThreadPoolExecutor.runWorker(ThreadPoolExecutor.java:1167)
05-05 01:18:20.850  3006  3435 E OneGoogle: 	at java.util.concurrent.ThreadPoolExecutor$Worker.run(ThreadPoolExecutor.java:641)
05-05 01:18:20.850  3006  3435 E OneGoogle: 	at com.google.apps.tiktok.concurrent.f.run(Unknown Source:4)
05-05 01:18:20.850  3006  3435 E OneGoogle: 	at java.lang.Thread.run(Thread.java:919)
05-05 01:18:20.850  3006  3435 E t       : Failed to load owner avatar
05-05 01:18:20.850  3006  3435 E t       : com.google.android.libraries.ai.a.c.c: Android backend cannot perform remote operations without a remote backend
05-05 01:18:20.850  3006  3435 E t       : 	at com.google.android.libraries.ai.a.a.c.d(SourceFile:75)
05-05 01:18:20.850  3006  3435 E t       : 	at com.google.android.libraries.ai.a.a.c.a(SourceFile:17)
05-05 01:18:20.850  3006  3435 E t       : 	at com.google.android.libraries.ai.a.f.d.a(SourceFile:27)
05-05 01:18:20.850  3006  3435 E t       : 	at com.google.android.libraries.ai.a.i.a(SourceFile:75)
05-05 01:18:20.850  3006  3435 E t       : 	at com.google.android.libraries.ai.b.bq.c(SourceFile:40)
05-05 01:18:20.850  3006  3435 E t       : 	at com.google.android.libraries.ai.b.bq.b(SourceFile:43)
05-05 01:18:20.850  3006  3435 E t       : 	at com.google.android.libraries.ai.b.be.a(Unknown Source:2)
05-05 01:18:20.850  3006  3435 E t       : 	at com.google.apps.tiktok.n.bz.a(SourceFile:3)
05-05 01:18:20.850  3006  3435 E t       : 	at com.google.common.v.a.bd.a(SourceFile:3)
05-05 01:18:20.850  3006  3435 E t       : 	at com.google.common.v.a.do.b(SourceFile:7)
05-05 01:18:20.850  3006  3435 E t       : 	at com.google.common.v.a.ci.run(SourceFile:12)
05-05 01:18:20.850  3006  3435 E t       : 	at com.google.common.v.a.dq.run(SourceFile:10)
05-05 01:18:20.850  3006  3435 E t       : 	at com.google.apps.tiktok.concurrent.au.run(SourceFile:2)
05-05 01:18:20.850  3006  3435 E t       : 	at java.util.concurrent.ThreadPoolExecutor.runWorker(ThreadPoolExecutor.java:1167)
05-05 01:18:20.850  3006  3435 E t       : 	at java.util.concurrent.ThreadPoolExecutor$Worker.run(ThreadPoolExecutor.java:641)
05-05 01:18:20.850  3006  3435 E t       : 	at com.google.apps.tiktok.concurrent.f.run(Unknown Source:4)
05-05 01:18:20.850  3006  3435 E t       : 	at java.lang.Thread.run(Thread.java:919)
05-05 01:18:20.866 11358 11837 W DriveInitializer: Awaiting to be initialized
05-05 01:18:20.867 11358 11888 I Icing   : IndexChimeraService.getServiceInterface callingPackage=com.google.android.gms componentName=AppsCorpus serviceId=36
05-05 01:18:20.872 11358 11667 I Icing   : IndexChimeraService.getServiceInterface callingPackage=com.google.android.gms componentName=AppsCorpus serviceId=32
05-05 01:18:20.875 11358 11541 I Icing   : IndexChimeraService.getServiceInterface callingPackage=com.google.android.gms componentName=null serviceId=36
05-05 01:18:20.908 11358 11540 W native  : model-utils.cc:23 No CRC32, most likely an old model; skip CRC32 check
05-05 01:18:20.910 11358 11876 I FA-SVC  : App measurement initialized, version: 201216
05-05 01:18:20.911   839   839 V ContextHubHal: sendMessageToHub
05-05 01:18:20.912   853  1019 D CHRE    : @ 398.991: Parsed nanoapp message from host: app ID 0x476f6f676c00100b, endpoint 0x0, msgType 0, payload size 10
05-05 01:18:20.912   853  1019 I CHRE    : @ 398.991: [NanoMinion] received MSG Type 0x70, Version 1, 6 bytes
05-05 01:18:20.912   853  1019 I CHRE    : @ 398.991: [AR_CHRE] request.query
05-05 01:18:20.912   853  1019 I CHRE    : @ 398.991: [NanoMinion] sent MSG Type 0x71, Version 0, 16 bytes, MessageId 5
05-05 01:18:20.912   853  1019 I CHRE    : @ 398.991: [AR_CHRE] send response=0
05-05 01:18:20.916 11358 11540 E native  : model-utils.cc:47 Not a valid Model flatbuffer
05-05 01:18:20.916 11358 11540 E native  : model-provider-from-fb.cc:102 Unable to initialize ModelProviderFromFlatbuffer
05-05 01:18:20.916 11358 11540 I native  : model-api.cc:45 Registered model under key tmp-segmentation-model
05-05 01:18:20.924 11128 11623 W Conscrypt: Could not set socket write timeout: java.net.SocketException: Socket closed
05-05 01:18:20.925 11128 11623 W Conscrypt: 	at com.google.android.gms.org.conscrypt.Platform.setSocketWriteTimeout(:com.google.android.gms@201216037@20.12.16 (120400-306753009):2)
05-05 01:18:20.925 11128 11623 W Conscrypt: 	at com.google.android.gms.org.conscrypt.ConscryptFileDescriptorSocket.setSoWriteTimeout(:com.google.android.gms@201216037@20.12.16 (120400-306753009):0)
05-05 01:18:20.928 11128 11623 V NativeCrypto: SSL handshake aborted: ssl=0x789a308648: I/O error during system call, Connection reset by peer
05-05 01:18:20.931 11128 11623 E Auth    : [GoogleAccountDataServiceImpl] getToken() -> NETWORK_ERROR. Account: <ELLIDED:-1942151567>, App: com.google.android.googlequicksearchbox, Service: oauth2:https://www.googleapis.com/auth/googlenow
05-05 01:18:20.931 11128 11623 E Auth    : sjc: Error when calling server.
05-05 01:18:20.931 11128 11623 E Auth    : 	at hfl.a(:com.google.android.gms@201216037@20.12.16 (120400-306753009):210)
05-05 01:18:20.931 11128 11623 E Auth    : 	at dyj.a(:com.google.android.gms@201216037@20.12.16 (120400-306753009):217)
05-05 01:18:20.931 11128 11623 E Auth    : 	at dyj.a(:com.google.android.gms@201216037@20.12.16 (120400-306753009):103)
05-05 01:18:20.931 11128 11623 E Auth    : 	at hdx.getAuthToken(:com.google.android.gms@201216037@20.12.16 (120400-306753009):21)
05-05 01:18:20.931 11128 11623 E Auth    : 	at android.accounts.AbstractAccountAuthenticator$Transport.getAuthToken(AbstractAccountAuthenticator.java:246)
05-05 01:18:20.931 11128 11623 E Auth    : 	at android.accounts.IAccountAuthenticator$Stub.onTransact(IAccountAuthenticator.java:282)
05-05 01:18:20.931 11128 11623 E Auth    : 	at android.os.Binder.transact(Binder.java:914)
05-05 01:18:20.931 11128 11623 E Auth    : 	at eac.onTransact(:com.google.android.gms@201216037@20.12.16 (120400-306753009):2)
05-05 01:18:20.931 11128 11623 E Auth    : 	at android.os.Binder.transact(Binder.java:914)
05-05 01:18:20.931 11128 11623 E Auth    : 	at aask.onTransact(:com.google.android.gms@201216037@20.12.16 (120400-306753009):16)
05-05 01:18:20.931 11128 11623 E Auth    : 	at android.os.Binder.execTransactInternal(Binder.java:1021)
05-05 01:18:20.931 11128 11623 E Auth    : 	at android.os.Binder.execTransact(Binder.java:994)
05-05 01:18:20.931 11128 11623 E Auth    : Caused by: javax.net.ssl.SSLHandshakeException: SSL handshake aborted: ssl=0x789a308648: I/O error during system call, Connection reset by peer
05-05 01:18:20.931 11128 11623 E Auth    : 	at com.google.android.gms.org.conscrypt.NativeCrypto.SSL_do_handshake(Native Method)
05-05 01:18:20.931 11128 11623 E Auth    : 	at com.google.android.gms.org.conscrypt.NativeSsl.doHandshake(:com.google.android.gms@201216037@20.12.16 (120400-306753009):6)
05-05 01:18:20.931 11128 11623 E Auth    : 	at com.google.android.gms.org.conscrypt.ConscryptFileDescriptorSocket.startHandshake(:com.google.android.gms@201216037@20.12.16 (120400-306753009):16)
05-05 01:18:20.931 11128 11623 E Auth    : 	at aqis.a(:com.google.android.gms@201216037@20.12.16 (120400-306753009):22)
05-05 01:18:20.931 11128 11623 E Auth    : 	at aqis.createSocket(:com.google.android.gms@201216037@20.12.16 (120400-306753009):9)
05-05 01:18:20.931 11128 11623 E Auth    : 	at com.android.okhttp.internal.io.RealConnection.connectTls(RealConnection.java:185)
05-05 01:18:20.931 11128 11623 E Auth    : 	at com.android.okhttp.internal.io.RealConnection.connectSocket(RealConnection.java:153)
05-05 01:18:20.931 11128 11623 E Auth    : 	at com.android.okhttp.internal.io.RealConnection.connect(RealConnection.java:116)
05-05 01:18:20.931 11128 11623 E Auth    : 	at com.android.okhttp.internal.http.StreamAllocation.findConnection(StreamAllocation.java:186)
05-05 01:18:20.931 11128 11623 E Auth    : 	at com.android.okhttp.internal.http.StreamAllocation.findHealthyConnection(StreamAllocation.java:128)
05-05 01:18:20.931 11128 11623 E Auth    : 	at com.android.okhttp.internal.http.StreamAllocation.newStream(StreamAllocation.java:97)
05-05 01:18:20.931 11128 11623 E Auth    : 	at com.android.okhttp.internal.http.HttpEngine.connect(HttpEngine.java:289)
05-05 01:18:20.931 11128 11623 E Auth    : 	at com.android.okhttp.internal.http.HttpEngine.sendRequest(HttpEngine.java:232)
05-05 01:18:20.931 11128 11623 E Auth    : 	at com.android.okhttp.internal.huc.HttpURLConnectionImpl.execute(HttpURLConnectionImpl.java:465)
05-05 01:18:20.931 11128 11623 E Auth    : 	at com.android.okhttp.internal.huc.HttpURLConnectionImpl.connect(HttpURLConnectionImpl.java:131)
05-05 01:18:20.931 11128 11623 E Auth    : 	at com.android.okhttp.internal.huc.HttpURLConnectionImpl.getOutputStream(HttpURLConnectionImpl.java:262)
05-05 01:18:20.931 11128 11623 E Auth    : 	at com.android.okhttp.internal.huc.DelegatingHttpsURLConnection.getOutputStream(DelegatingHttpsURLConnection.java:219)
05-05 01:18:20.931 11128 11623 E Auth    : 	at com.android.okhttp.internal.huc.HttpsURLConnectionImpl.getOutputStream(HttpsURLConnectionImpl.java:30)
05-05 01:18:20.931 11128 11623 E Auth    : 	at acdu.a(:com.google.android.gms@201216037@20.12.16 (120400-306753009):30)
05-05 01:18:20.931 11128 11623 E Auth    : 	at jzq.a(:com.google.android.gms@201216037@20.12.16 (120400-306753009):5)
05-05 01:18:20.931 11128 11623 E Auth    : 	at hgl.a(:com.google.android.gms@201216037@20.12.16 (120400-306753009):9)
05-05 01:18:20.931 11128 11623 E Auth    : 	at hgl.a(:com.google.android.gms@201216037@20.12.16 (120400-306753009):5)
05-05 01:18:20.931 11128 11623 E Auth    : 	at hfl.a(:com.google.android.gms@201216037@20.12.16 (120400-306753009):209)
05-05 01:18:20.931 11128 11623 E Auth    : 	... 11 more
05-05 01:18:20.931 11128 11623 W Auth    : [GetToken] GetToken failed with status code: NetworkError
05-05 01:18:20.931 11128 11623 W GLSActivity: 
05-05 01:18:20.931 11128 11623 W GLSActivity: java.io.IOException: NetworkError
05-05 01:18:20.931 11128 11623 W GLSActivity: 	at hdx.getAuthToken(:com.google.android.gms@201216037@20.12.16 (120400-306753009):29)
05-05 01:18:20.931 11128 11623 W GLSActivity: 	at android.accounts.AbstractAccountAuthenticator$Transport.getAuthToken(AbstractAccountAuthenticator.java:246)
05-05 01:18:20.931 11128 11623 W GLSActivity: 	at android.accounts.IAccountAuthenticator$Stub.onTransact(IAccountAuthenticator.java:282)
05-05 01:18:20.931 11128 11623 W GLSActivity: 	at android.os.Binder.transact(Binder.java:914)
05-05 01:18:20.931 11128 11623 W GLSActivity: 	at eac.onTransact(:com.google.android.gms@201216037@20.12.16 (120400-306753009):2)
05-05 01:18:20.931 11128 11623 W GLSActivity: 	at android.os.Binder.transact(Binder.java:914)
05-05 01:18:20.931 11128 11623 W GLSActivity: 	at aask.onTransact(:com.google.android.gms@201216037@20.12.16 (120400-306753009):16)
05-05 01:18:20.931 11128 11623 W GLSActivity: 	at android.os.Binder.execTransactInternal(Binder.java:1021)
05-05 01:18:20.931 11128 11623 W GLSActivity: 	at android.os.Binder.execTransact(Binder.java:994)
05-05 01:18:20.932  3006  3590 W Search.LoginHelperImpl: IO exception for scope: oauth2:https://www.googleapis.com/auth/googlenow
05-05 01:18:20.932  3006  3590 W Search.LoginHelperImpl: java.io.IOException: NetworkError
05-05 01:18:20.932  3006  3590 W Search.LoginHelperImpl: 	at android.accounts.AccountManager.convertErrorToException(AccountManager.java:2543)
05-05 01:18:20.932  3006  3590 W Search.LoginHelperImpl: 	at android.accounts.AccountManager.access$700(AccountManager.java:162)
05-05 01:18:20.932  3006  3590 W Search.LoginHelperImpl: 	at android.accounts.AccountManager$AmsTask$Response.onError(AccountManager.java:2394)
05-05 01:18:20.932  3006  3590 W Search.LoginHelperImpl: 	at android.accounts.IAccountManagerResponse$Stub.onTransact(IAccountManagerResponse.java:107)
05-05 01:18:20.932  3006  3590 W Search.LoginHelperImpl: 	at android.os.Binder.execTransactInternal(Binder.java:1021)
05-05 01:18:20.932  3006  3590 W Search.LoginHelperImpl: 	at android.os.Binder.execTransact(Binder.java:994)
05-05 01:18:20.935  3006  3447 W LocationOracle: No location history returned by ContextManager
05-05 01:18:20.937 11557 11625 I AiAiFed : [AiAi SmartSelect FL] *** disabled *** population=
05-05 01:18:20.937 11557 11752 I SP.AiAi : GC for 'captions_v1' (<goq@c745826 number=10 name=POST_SYNC_GC>) with ttl of 0 ms took 111 ms (0/111/0)
05-05 01:18:20.938 11557 11625 W AiAiFed : [AiAi SmartSelect FL] Can't build trainer opts, so not canceling training
05-05 01:18:20.948 11358 11875 I GmscoreIpa: Using regular flags by method 2
05-05 01:18:20.953 11128 11179 I GeofencerStateMachine: removeGeofences: removeRequest=RemoveGeofencingRequest[REMOVE_BY_PENDING_INTENT pendingIntent=PendingIntent[creatorPackage=com.google.android.gms], packageName=com.google.android.gms]
05-05 01:18:20.957 11557 11713 I AiAiCaptions: downloadResource(): Successfully downloaded superpack 'captions_v1' version 20200112.
05-05 01:18:20.961 11358 11895 I ContentMaintenance: Internal cache bytes used: 0; limit: 100000000; download size: 0
05-05 01:18:20.965   833  1324 I SoundTriggerHAL: IAXXX_VQ_EVENT
05-05 01:18:20.965   833  1324 V SoundTriggerHALUtil: +get_event+
05-05 01:18:20.965   833  1324 V SoundTriggerHALUtil: -get_event-
05-05 01:18:20.965   833  1324 D SoundTriggerHAL: Eventid received is OK_GOOGLE_KW_ID 0
05-05 01:18:20.965   833  1324 D SoundTriggerHAL: callback_thread_loop: Keyword ID 0
05-05 01:18:20.965   833  1324 D SoundTriggerHAL: Sending recognition callback for id 0
05-05 01:18:20.967  1339  1339 I SoundTriggerHelper: Recognition success
05-05 01:18:20.968 11358 11906 I PinnedContentDownloader: Finished downloading pinned content.
05-05 01:18:20.968 11358 11895 I RealtimeCacheCleanup: Beginning Realtime garbage collection.
05-05 01:18:20.970 11557 11590 I AiAiReflection: Reflection model loaded.
05-05 01:18:20.971  2861  2895 I AlwaysOnHotwordDetector: onDetected
05-05 01:18:20.972  2861  2861 I GsaVoiceInteractionSrv: onDetected
05-05 01:18:20.979  2861  2861 I BistoHotwordHelper: devices connected: []
05-05 01:18:20.980 11128 11748 W GCoreFlp: No location to return for getLastLocation()
05-05 01:18:20.983   883  2916 W ServiceManager: Permission failure: android.permission.CAPTURE_AUDIO_OUTPUT from uid=10117 pid=2861
05-05 01:18:20.983   883  2916 D PermissionCache: checking android.permission.CAPTURE_AUDIO_OUTPUT for uid=10117 => denied (103 us)
05-05 01:18:20.984 11557 11625 I AiAiFed : [Fedex Dynamic Example Store] *** disabled *** population=aiai/fedex/poc
05-05 01:18:20.984   883  2916 D PermissionCache: checking android.permission.CAPTURE_AUDIO_HOTWORD for uid=10117 => granted (55 us)
05-05 01:18:20.985 11128 11623 W Conscrypt: Could not set socket write timeout: java.net.SocketException: Socket closed
05-05 01:18:20.985 11128 11623 W Conscrypt: 	at com.google.android.gms.org.conscrypt.Platform.setSocketWriteTimeout(:com.google.android.gms@201216037@20.12.16 (120400-306753009):2)
05-05 01:18:20.985 11128 11623 W Conscrypt: 	at com.google.android.gms.org.conscrypt.ConscryptFileDescriptorSocket.setSoWriteTimeout(:com.google.android.gms@201216037@20.12.16 (120400-306753009):0)
05-05 01:18:20.986  3006  3446 W LocationOracle: No location returned by GMS core getLastLocation()
05-05 01:18:20.986   833  4866 D audio_hw_primary: adev_open_input_stream: enter: sample_rate(16000) channel_mask(0x10) devices(0x80000004)        stream_handle(0xe8dd7400) io_handle(70) source(1999) format 1
05-05 01:18:20.987   833  4866 W audio_hw_utils: audio_extn_utils_update_stream_input_app_type_cfg: App type could not be selected. Falling back to default
05-05 01:18:20.987   833  4866 D soundtrigger: audio_extn_sound_trigger_check_and_get_session: capture_handle 70 is sound trigger
05-05 01:18:20.987  3006  7031 I OptInChecker: Falling back to non-UDC sources
05-05 01:18:20.987  3006  7031 I OptInChecker: Setting = LOCATION_HISTORY_AND_REPORTING, optedInt = false
05-05 01:18:20.987  3006  7031 I OptInChecker: Falling back to non-UDC sources
05-05 01:18:20.987  3006  7031 I OptInChecker: Setting = NOW_CARDS, optedInt = true
05-05 01:18:20.987  3006  7031 I OptInChecker: Falling back to non-UDC sources
05-05 01:18:20.987  3006  7031 I OptInChecker: Setting = NOW_NOTIFICATIONS, optedInt = true
05-05 01:18:20.987  3006  7031 I OptInChecker: Falling back to non-UDC sources
05-05 01:18:20.987  3006  7031 I OptInChecker: Setting = CHROME_HISTORY_SYNC, optedInt = false
05-05 01:18:20.988 11128 11141 I .gms.persisten: Background young concurrent copying GC freed 152549(11MB) AllocSpace objects, 65(1636KB) LOS objects, 76% free, 7742KB/31MB, paused 362us total 296.185ms
05-05 01:18:20.989 11358 11895 I RealtimeCacheCleanup: Finished Realtime garbage collection.
05-05 01:18:20.989 11128 11623 V NativeCrypto: SSL handshake aborted: ssl=0x789a308648: I/O error during system call, Connection reset by peer
05-05 01:18:20.990  3006  7031 I OptInChecker: Falling back to non-UDC sources
05-05 01:18:20.990  3006  7031 I OptInChecker: Setting = LOCATION_HISTORY_AND_REPORTING, optedInt = false
05-05 01:18:20.990  3006  7031 I OptInChecker: Falling back to non-UDC sources
05-05 01:18:20.990  3006  7031 I OptInChecker: Setting = NOW_CARDS, optedInt = true
05-05 01:18:20.990  3006  7031 I OptInChecker: Falling back to non-UDC sources
05-05 01:18:20.990  3006  7031 I OptInChecker: Setting = NOW_NOTIFICATIONS, optedInt = true
05-05 01:18:20.990  3006  7031 I OptInChecker: Falling back to non-UDC sources
05-05 01:18:20.990  3006  7031 I OptInChecker: Setting = CHROME_HISTORY_SYNC, optedInt = false
05-05 01:18:20.990 11128 11623 E Auth    : [GoogleAccountDataServiceImpl] getToken() -> NETWORK_ERROR. Account: <ELLIDED:-1942151567>, App: com.google.android.googlequicksearchbox, Service: oauth2:https://www.googleapis.com/auth/googlenow
05-05 01:18:20.990 11128 11623 E Auth    : sjc: Error when calling server.
05-05 01:18:20.990 11128 11623 E Auth    : 	at hfl.a(:com.google.android.gms@201216037@20.12.16 (120400-306753009):210)
05-05 01:18:20.990 11128 11623 E Auth    : 	at dyj.a(:com.google.android.gms@201216037@20.12.16 (120400-306753009):217)
05-05 01:18:20.990 11128 11623 E Auth    : 	at dyj.a(:com.google.android.gms@201216037@20.12.16 (120400-306753009):103)
05-05 01:18:20.990 11128 11623 E Auth    : 	at hdx.getAuthToken(:com.google.android.gms@201216037@20.12.16 (120400-306753009):21)
05-05 01:18:20.990 11128 11623 E Auth    : 	at android.accounts.AbstractAccountAuthenticator$Transport.getAuthToken(AbstractAccountAuthenticator.java:246)
05-05 01:18:20.990 11128 11623 E Auth    : 	at android.accounts.IAccountAuthenticator$Stub.onTransact(IAccountAuthenticator.java:282)
05-05 01:18:20.990 11128 11623 E Auth    : 	at android.os.Binder.transact(Binder.java:914)
05-05 01:18:20.990 11128 11623 E Auth    : 	at eac.onTransact(:com.google.android.gms@201216037@20.12.16 (120400-306753009):2)
05-05 01:18:20.990 11128 11623 E Auth    : 	at android.os.Binder.transact(Binder.java:914)
05-05 01:18:20.990 11128 11623 E Auth    : 	at aask.onTransact(:com.google.android.gms@201216037@20.12.16 (120400-306753009):16)
05-05 01:18:20.990 11128 11623 E Auth    : 	at android.os.Binder.execTransactInternal(Binder.java:1021)
05-05 01:18:20.990 11128 11623 E Auth    : 	at android.os.Binder.execTransact(Binder.java:994)
05-05 01:18:20.990 11128 11623 E Auth    : Caused by: javax.net.ssl.SSLHandshakeException: SSL handshake aborted: ssl=0x789a308648: I/O error during system call, Connection reset by peer
05-05 01:18:20.990 11128 11623 E Auth    : 	at com.google.android.gms.org.conscrypt.NativeCrypto.SSL_do_handshake(Native Method)
05-05 01:18:20.990 11128 11623 E Auth    : 	at com.google.android.gms.org.conscrypt.NativeSsl.doHandshake(:com.google.android.gms@201216037@20.12.16 (120400-306753009):6)
05-05 01:18:20.990 11128 11623 E Auth    : 	at com.google.android.gms.org.conscrypt.ConscryptFileDescriptorSocket.startHandshake(:com.google.android.gms@201216037@20.12.16 (120400-306753009):16)
05-05 01:18:20.990 11128 11623 E Auth    : 	at aqis.a(:com.google.android.gms@201216037@20.12.16 (120400-306753009):22)
05-05 01:18:20.990 11128 11623 E Auth    : 	at aqis.createSocket(:com.google.android.gms@201216037@20.12.16 (120400-306753009):9)
05-05 01:18:20.990 11128 11623 E Auth    : 	at com.android.okhttp.internal.io.RealConnection.connectTls(RealConnection.java:185)
05-05 01:18:20.990 11128 11623 E Auth    : 	at com.android.okhttp.internal.io.RealConnection.connectSocket(RealConnection.java:153)
05-05 01:18:20.990 11128 11623 E Auth    : 	at com.android.okhttp.internal.io.RealConnection.connect(RealConnection.java:116)
05-05 01:18:20.990 11128 11623 E Auth    : 	at com.android.okhttp.internal.http.StreamAllocation.findConnection(StreamAllocation.java:186)
05-05 01:18:20.990 11128 11623 E Auth    : 	at com.android.okhttp.internal.http.StreamAllocation.findHealthyConnection(StreamAllocation.java:128)
05-05 01:18:20.990 11128 11623 E Auth    : 	at com.android.okhttp.internal.http.StreamAllocation.newStream(StreamAllocation.java:97)
05-05 01:18:20.990 11128 11623 E Auth    : 	at com.android.okhttp.internal.http.HttpEngine.connect(HttpEngine.java:289)
05-05 01:18:20.990 11128 11623 E Auth    : 	at com.android.okhttp.internal.http.HttpEngine.sendRequest(HttpEngine.java:232)
05-05 01:18:20.990 11128 11623 E Auth    : 	at com.android.okhttp.internal.huc.HttpURLConnectionImpl.execute(HttpURLConnectionImpl.java:465)
05-05 01:18:20.990 11128 11623 E Auth    : 	at com.android.okhttp.internal.huc.HttpURLConnectionImpl.connect(HttpURLConnectionImpl.java:131)
05-05 01:18:20.990 11128 11623 E Auth    : 	at com.android.okhttp.internal.huc.HttpURLConnectionImpl.getOutputStream(HttpURLConnectionImpl.java:262)
05-05 01:18:20.990 11128 11623 E Auth    : 	at com.android.okhttp.internal.huc.DelegatingHttpsURLConnection.getOutputStream(DelegatingHttpsURLConnection.java:219)
05-05 01:18:20.990 11128 11623 E Auth    : 	at com.android.okhttp.internal.huc.HttpsURLConnectionImpl.getOutputStream(HttpsURLConnectionImpl.java:30)
05-05 01:18:20.990 11128 11623 E Auth    : 	at acdu.a(:com.google.android.gms@201216037@20.12.16 (120400-306753009):30)
05-05 01:18:20.990 11128 11623 E Auth    : 	at jzq.a(:com.google.android.gms@201216037@20.12.16 (120400-306753009):5)
05-05 01:18:20.990 11128 11623 E Auth    : 	at hgl.a(:com.google.android.gms@201216037@20.12.16 (120400-306753009):9)
05-05 01:18:20.990 11128 11623 E Auth    : 	at hgl.a(:com.google.android.gms@201216037@20.12.16 (120400-306753009):5)
05-05 01:18:20.990 11128 11623 E Auth    : 	at hfl.a(:com.google.android.gms@201216037@20.12.16 (120400-306753009):209)
05-05 01:18:20.990 11128 11623 E Auth    : 	... 11 more
05-05 01:18:20.990 11128 11623 W Auth    : [GetToken] GetToken failed with status code: NetworkError
05-05 01:18:20.990 11128 11623 W GLSActivity: 
05-05 01:18:20.990 11128 11623 W GLSActivity: java.io.IOException: NetworkError
05-05 01:18:20.990 11128 11623 W GLSActivity: 	at hdx.getAuthToken(:com.google.android.gms@201216037@20.12.16 (120400-306753009):29)
05-05 01:18:20.990 11128 11623 W GLSActivity: 	at android.accounts.AbstractAccountAuthenticator$Transport.getAuthToken(AbstractAccountAuthenticator.java:246)
05-05 01:18:20.990 11128 11623 W GLSActivity: 	at android.accounts.IAccountAuthenticator$Stub.onTransact(IAccountAuthenticator.java:282)
05-05 01:18:20.990 11128 11623 W GLSActivity: 	at android.os.Binder.transact(Binder.java:914)
05-05 01:18:20.990 11128 11623 W GLSActivity: 	at eac.onTransact(:com.google.android.gms@201216037@20.12.16 (120400-306753009):2)
05-05 01:18:20.990 11128 11623 W GLSActivity: 	at android.os.Binder.transact(Binder.java:914)
05-05 01:18:20.990 11128 11623 W GLSActivity: 	at aask.onTransact(:com.google.android.gms@201216037@20.12.16 (120400-306753009):16)
05-05 01:18:20.990 11128 11623 W GLSActivity: 	at android.os.Binder.execTransactInternal(Binder.java:1021)
05-05 01:18:20.990 11128 11623 W GLSActivity: 	at android.os.Binder.execTransact(Binder.java:994)
05-05 01:18:20.992  3006  3613 W Search.LoginHelperImpl: IO exception for scope: oauth2:https://www.googleapis.com/auth/googlenow
05-05 01:18:20.992  3006  3613 W Search.LoginHelperImpl: java.io.IOException: NetworkError
05-05 01:18:20.992  3006  3613 W Search.LoginHelperImpl: 	at android.accounts.AccountManager.convertErrorToException(AccountManager.java:2543)
05-05 01:18:20.992  3006  3613 W Search.LoginHelperImpl: 	at android.accounts.AccountManager.access$700(AccountManager.java:162)
05-05 01:18:20.992  3006  3613 W Search.LoginHelperImpl: 	at android.accounts.AccountManager$AmsTask$Response.onError(AccountManager.java:2394)
05-05 01:18:20.992  3006  3613 W Search.LoginHelperImpl: 	at android.accounts.IAccountManagerResponse$Stub.onTransact(IAccountManagerResponse.java:107)
05-05 01:18:20.992  3006  3613 W Search.LoginHelperImpl: 	at android.os.Binder.execTransactInternal(Binder.java:1021)
05-05 01:18:20.992  3006  3613 W Search.LoginHelperImpl: 	at android.os.Binder.execTransact(Binder.java:994)
05-05 01:18:20.993  3006  3435 W LocationOracle: No location history returned by ContextManager
05-05 01:18:20.995   883 11909 I AudioFlinger: AudioFlinger's thread 0x7cf19c0540 tid=11909 ready to run
05-05 01:18:20.995   833  4866 D audio_hw_primary: in_standby: enter: stream (0xe8dd7400) usecase(20: audio-record)
05-05 01:18:20.997   833  4866 D audio_hw_primary: in_standby: enter: stream (0xe8dd7400) usecase(20: audio-record)
05-05 01:18:21.008 11557 11703 I AiAiCaptions: Would enable com.google.android.apps.miphone.aiai.captions.CaptionsForegroundService but already enabled
05-05 01:18:21.013 11128 11748 W GCoreFlp: No location to return for getLastLocation()
05-05 01:18:21.013  3006  3429 W LocationOracle: No location returned by GMS core getLastLocation()
05-05 01:18:21.014  3006  8689 I OptInChecker: Falling back to non-UDC sources
05-05 01:18:21.014  3006  8689 I OptInChecker: Setting = LOCATION_HISTORY_AND_REPORTING, optedInt = false
05-05 01:18:21.014  3006  8689 I OptInChecker: Falling back to non-UDC sources
05-05 01:18:21.014  3006  8689 I OptInChecker: Setting = NOW_CARDS, optedInt = true
05-05 01:18:21.014  3006  8689 I OptInChecker: Falling back to non-UDC sources
05-05 01:18:21.014  3006  8689 I OptInChecker: Setting = NOW_NOTIFICATIONS, optedInt = true
05-05 01:18:21.014  3006  8689 I OptInChecker: Falling back to non-UDC sources
05-05 01:18:21.014  3006  8689 I OptInChecker: Setting = CHROME_HISTORY_SYNC, optedInt = false
05-05 01:18:21.022 11812 11865 I Finsky  : [99] sno.a(28): Started reading experiment flags from file [0tGUNCGIkbk4o6-fQ335kUYSKwVj4lusnHT-A5Dsy08].
05-05 01:18:21.030  2861  2861 I tflite  : Initialized TensorFlow Lite runtime.
05-05 01:18:21.034 11812 11865 I Finsky  : [99] sno.a(42): Finished reading experiment flags from file [0tGUNCGIkbk4o6-fQ335kUYSKwVj4lusnHT-A5Dsy08].
05-05 01:18:21.036  2861 11911 I AudioProvider: Audio Starting
05-05 01:18:21.037  2861 11913 I HotwordRecognitionRnr: Starting hotword detection.
05-05 01:18:21.043   833  4866 D audio_hw_primary: in_set_parameters: enter: kvpairs=bottom=;input_source=1999;routing=-2147483644
