05-05 01:18:18.977  1339  1361 I DisplayManagerService: Display device changed: DisplayDeviceInfo{"": uniqueId="local:19261132550654593", 1080 x 2280, modeId 1, defaultModeId 2, supportedModes [{id=1, width=1080, height=2280, fps=90.0}, {id=2, width=1080, height=2280, fps=60.000004}], colorMode 0, supportedColorModes [0, 7, 9], HdrCapabilities android.view.Display$HdrCapabilities@413e3a39, density 440, 442.451 x 445.476 dpi, appVsyncOff 2000000, presDeadline 11111111, touch INTERNAL, rotation 0, type BUILT_IN, address {port=129, model=0x446de5e3a74a}, state ON, FLAG_DEFAULT_DISPLAY, FLAG_ROTATES_WITH_CONTENT, FLAG_SECURE, FLAG_SUPPORTS_PROTECTED_BUFFERS}
05-05 01:18:18.979  1339  1361 W DisplayManagerService: Failed to notify process 10044 that displays changed, assuming it died.
05-05 01:18:18.979  1339  1361 W DisplayManagerService: android.os.DeadObjectException
05-05 01:18:18.979  1339  1361 W DisplayManagerService: 	at android.os.BinderProxy.transactNative(Native Method)
05-05 01:18:18.979  1339  1361 W DisplayManagerService: 	at android.os.BinderProxy.transact(BinderProxy.java:511)
05-05 01:18:18.979  1339  1361 W DisplayManagerService: 	at android.hardware.display.IDisplayManagerCallback$Stub$Proxy.onDisplayEvent(IDisplayManagerCallback.java:115)
05-05 01:18:18.979  1339  1361 W DisplayManagerService: 	at com.android.server.display.DisplayManagerService$CallbackRecord.notifyDisplayEventAsync(DisplayManagerService.java:1710)
05-05 01:18:18.979  1339  1361 W DisplayManagerService: 	at com.android.server.display.DisplayManagerService.deliverDisplayEvent(DisplayManagerService.java:1491)
05-05 01:18:18.979  1339  1361 W DisplayManagerService: 	at com.android.server.display.DisplayManagerService.access$400(DisplayManagerService.java:154)
05-05 01:18:18.979  1339  1361 W DisplayManagerService: 	at com.android.server.display.DisplayManagerService$DisplayManagerHandler.handleMessage(DisplayManagerService.java:1632)
05-05 01:18:18.979  1339  1361 W DisplayManagerService: 	at android.os.Handler.dispatchMessage(Handler.java:107)
05-05 01:18:18.979  1339  1361 W DisplayManagerService: 	at android.os.Looper.loop(Looper.java:214)
05-05 01:18:18.979  1339  1361 W DisplayManagerService: 	at android.os.HandlerThread.run(HandlerThread.java:67)
05-05 01:18:18.979  1339  1361 W DisplayManagerService: 	at com.android.server.ServiceThread.run(ServiceThread.java:44)
05-05 01:18:18.981  2879  2879 D RegisteredNfcFServicesCache: Service unchanged, not updating
05-05 01:18:18.985   822   822 D Zygote  : Forked child process 11218
05-05 01:18:18.985   822   822 I Zygote  : Process 9195 exited due to signal 9 (Killed)
05-05 01:18:18.985   822   822 I Zygote  : Process 10044 exited due to signal 9 (Killed)
05-05 01:18:18.989  1339  1368 I ActivityManager: Start proc 11218:com.breel.wallpapers19/u0a178 for service {com.breel.wallpapers19/com.breel.wallpapers19.doodle.wallpaper.variations.DoodleWallpaperV1}
05-05 01:18:18.995 11218 11218 E el.wallpapers1: Not starting debugger since process cannot load the jdwp agent.
05-05 01:18:18.995  1339  2906 I ActivityManager: Force stopping com.android.phone appid=1001 user=0: from pid 11222
05-05 01:18:18.995  1339  5680 D ConnectivityService: ConnectivityService NetworkRequestInfo binderDied(NetworkRequest [ TRACK_DEFAULT id=53, [ Capabilities: INTERNET&NOT_RESTRICTED&TRUSTED Uid: 10137] ], android.os.BinderProxy@c2dd0f3)
05-05 01:18:18.995  1339  6197 D ConnectivityService: ConnectivityService NetworkRequestInfo binderDied(NetworkRequest [ LISTEN id=54, [ Capabilities: INTERNET&NOT_RESTRICTED&TRUSTED Uid: 10137] ], android.os.BinderProxy@41e31b0)
05-05 01:18:18.995  1339  1563 D ConnectivityService: releasing NetworkRequest [ TRACK_DEFAULT id=53, [ Capabilities: INTERNET&NOT_RESTRICTED&TRUSTED Uid: 10137] ] (release request)
05-05 01:18:18.995   577   577 I ServiceManager: service 'qchook' died
05-05 01:18:18.996   822 11219 I Zygote  : Process 6828 exited due to signal 9 (Killed)
05-05 01:18:18.996   822   822 I Zygote  : Process 4174 exited due to signal 9 (Killed)
05-05 01:18:18.997   822   822 I Zygote  : Process 5995 exited due to signal 9 (Killed)
05-05 01:18:18.997  2076  2076 E PhoneInterfaceManager: [PhoneIntfMgr] getCarrierPackageNamesForIntent: No UICC
05-05 01:18:18.997  2076  2076 D CarrierSvcBindHelper: No carrier app for: 0
05-05 01:18:18.998   822   822 I Zygote  : Process 4598 exited due to signal 9 (Killed)
05-05 01:18:19.000  2879  2879 D RegisteredNfcFServicesCache: Service unchanged, not updating
05-05 01:18:19.010  1339  1369 I libprocessgroup: Successfully killed process cgroup uid 1001 pid 4174 in 42ms
05-05 01:18:19.011 11218 11218 I el.wallpapers1: The ClassLoaderContext is a special shared library.
05-05 01:18:19.017  1339  1915 I ActivityManager: Force stopping com.android.vending appid=10122 user=0: from pid 11241
05-05 01:18:19.018  1339  1915 I ActivityManager: Killing 4634:com.android.vending/u0a122 (adj 955): stop com.android.vending
05-05 01:18:19.023  2076  2076 E PhoneInterfaceManager: [PhoneIntfMgr] getCarrierPackageNamesForIntent: No UICC
05-05 01:18:19.023  2076  2076 D CarrierSvcBindHelper: No carrier app for: 0
05-05 01:18:19.028  2879  2879 D RegisteredNfcFServicesCache: Service unchanged, not updating
05-05 01:18:19.035 11218 11218 I WallpaperService: service created
05-05 01:18:19.043 11218 11218 I WallpaperService: engine surface created
05-05 01:18:19.045  1339  1915 I ActivityManager: Force stopping com.google.android.apps.walletnfcrel appid=10211 user=0: from pid 11247
05-05 01:18:19.048  2076  2076 E PhoneInterfaceManager: [PhoneIntfMgr] getCarrierPackageNamesForIntent: No UICC
05-05 01:18:19.048  2076  2076 D CarrierSvcBindHelper: No carrier app for: 0
05-05 01:18:19.049   859   894 D rlsservice: MonitorDisplayStatus client num 1, display status 1, sensor status 1
05-05 01:18:19.054  2879  2879 D RegisteredNfcFServicesCache: Service unchanged, not updating
05-05 01:18:19.054  1339 11090 D ConnectivityService: ConnectivityService NetworkRequestInfo binderDied(NetworkRequest [ TRACK_DEFAULT id=30, [ Capabilities: INTERNET&NOT_RESTRICTED&TRUSTED Uid: 10122] ], android.os.BinderProxy@2893d99)
05-05 01:18:19.054  1339  7495 D ConnectivityService: ConnectivityService NetworkRequestInfo binderDied(NetworkRequest [ LISTEN id=31, [ Capabilities: INTERNET&NOT_RESTRICTED&TRUSTED Uid: 10122] ], android.os.BinderProxy@28a085e)
05-05 01:18:19.055  1339  1563 D ConnectivityService: releasing NetworkRequest [ TRACK_DEFAULT id=30, [ Capabilities: INTERNET&NOT_RESTRICTED&TRUSTED Uid: 10122] ] (release request)
05-05 01:18:19.056   823   823 I Zygote  : Process 4634 exited due to signal 9 (Killed)
05-05 01:18:19.063  1339  1369 I libprocessgroup: Successfully killed process cgroup uid 10122 pid 4634 in 43ms
05-05 01:18:19.067  1339 11090 I ActivityManager: Force stopping com.google.android.ext.services appid=10071 user=0: from pid 11251
05-05 01:18:19.069  1339 11090 I ActivityManager: Killing 2195:com.google.android.ext.services/u0a71 (adj 100): stop com.google.android.ext.services
05-05 01:18:19.070  1339 11090 W ActivityManager: Scheduling restart of crashed service com.google.android.ext.services/android.ext.services.notification.Assistant in 1000ms
05-05 01:18:19.076  1339 11090 I ActivityManager:   Force stopping service ServiceRecord{cf48b21 u0 com.google.android.ext.services/android.ext.services.notification.Assistant}
05-05 01:18:19.076  1339  1339 V NotificationAssistants: 0 notification assistant connection lost: ComponentInfo{com.google.android.ext.services/android.ext.services.notification.Assistant}
05-05 01:18:19.076  1339  1339 W NotificationAssistants: 0 notification assistant binding died: ComponentInfo{com.google.android.ext.services/android.ext.services.notification.Assistant}
05-05 01:18:19.082  1339  1339 V NotificationAssistants: onNullBinding() called with: name = [ComponentInfo{com.google.android.ext.services/android.ext.services.notification.Assistant}]
05-05 01:18:19.082  2076  2076 E PhoneInterfaceManager: [PhoneIntfMgr] getCarrierPackageNamesForIntent: No UICC
05-05 01:18:19.082  2076  2076 D CarrierSvcBindHelper: No carrier app for: 0
05-05 01:18:19.082  1339  1339 V NotificationAssistants: enabling notification assistant for 0: ComponentInfo{com.google.android.ext.services/android.ext.services.notification.Assistant}
05-05 01:18:19.082  1339  1339 V NotificationAssistants:     disconnecting old notification assistant: android.service.notification.INotificationListener$Stub$Proxy@64938c1
05-05 01:18:19.082  1339  1339 D NotificationListeners: Removing active service ComponentInfo{com.google.android.ext.services/android.ext.services.notification.Assistant}
05-05 01:18:19.082  1339  1339 E NotificationAssistants: notification assistant ComponentInfo{com.google.android.ext.services/android.ext.services.notification.Assistant} could not be unbound
05-05 01:18:19.082  1339  1339 E NotificationAssistants: java.lang.IllegalArgumentException: Service not registered: com.android.server.notification.ManagedServices$1@bc0c17a
05-05 01:18:19.082  1339  1339 E NotificationAssistants: 	at android.app.LoadedApk.forgetServiceDispatcher(LoadedApk.java:1751)
05-05 01:18:19.082  1339  1339 E NotificationAssistants: 	at android.app.ContextImpl.unbindService(ContextImpl.java:1776)
05-05 01:18:19.082  1339  1339 E NotificationAssistants: 	at com.android.server.notification.ManagedServices.unbindService(ManagedServices.java:1307)
05-05 01:18:19.082  1339  1339 E NotificationAssistants: 	at com.android.server.notification.ManagedServices.registerServiceLocked(ManagedServices.java:1118)
05-05 01:18:19.082  1339  1339 E NotificationAssistants: 	at com.android.server.notification.ManagedServices.registerServiceLocked(ManagedServices.java:1094)
05-05 01:18:19.082  1339  1339 E NotificationAssistants: 	at com.android.server.notification.ManagedServices.registerService(ManagedServices.java:1080)
05-05 01:18:19.082  1339  1339 E NotificationAssistants: 	at com.android.server.notification.ManagedServices.bindToServices(ManagedServices.java:1067)
05-05 01:18:19.082  1339  1339 E NotificationAssistants: 	at com.android.server.notification.ManagedServices.rebindServices(ManagedServices.java:1030)
05-05 01:18:19.082  1339  1339 E NotificationAssistants: 	at com.android.server.notification.ManagedServices.onPackagesChanged(ManagedServices.java:633)
05-05 01:18:19.082  1339  1339 E NotificationAssistants: 	at com.android.server.notification.NotificationManagerService.handleOnPackageChanged(NotificationManagerService.java:6516)
05-05 01:18:19.082  1339  1339 E NotificationAssistants: 	at com.android.server.notification.NotificationManagerService.access$8800(NotificationManagerService.java:279)
05-05 01:18:19.082  1339  1339 E NotificationAssistants: 	at com.android.server.notification.NotificationManagerService$WorkerHandler.handleMessage(NotificationManagerService.java:6553)
05-05 01:18:19.082  1339  1339 E NotificationAssistants: 	at android.os.Handler.dispatchMessage(Handler.java:107)
05-05 01:18:19.082  1339  1339 E NotificationAssistants: 	at android.os.Looper.loop(Looper.java:214)
05-05 01:18:19.082  1339  1339 E NotificationAssistants: 	at com.android.server.SystemServer.run(SystemServer.java:542)
05-05 01:18:19.082  1339  1339 E NotificationAssistants: 	at com.android.server.SystemServer.main(SystemServer.java:350)
05-05 01:18:19.082  1339  1339 E NotificationAssistants: 	at java.lang.reflect.Method.invoke(Native Method)
05-05 01:18:19.082  1339  1339 E NotificationAssistants: 	at com.android.internal.os.RuntimeInit$MethodAndArgsCaller.run(RuntimeInit.java:492)
05-05 01:18:19.082  1339  1339 E NotificationAssistants: 	at com.android.internal.os.ZygoteInit.main(ZygoteInit.java:908)
05-05 01:18:19.082  1339  1339 V NotificationAssistants: binding: Intent { act=android.service.notification.NotificationAssistantService cmp=com.google.android.ext.services/android.ext.services.notification.Assistant (has extras) }
05-05 01:18:19.096   822   822 D Zygote  : Forked child process 11255
05-05 01:18:19.098  2879  2879 D RegisteredNfcFServicesCache: Service unchanged, not updating
05-05 01:18:19.100 11255 11255 E id.ext.service: Not starting debugger since process cannot load the jdwp agent.
05-05 01:18:19.100  1339  1368 I ActivityManager: Start proc 11255:com.google.android.ext.services/u0a71 for service {com.google.android.ext.services/android.ext.services.notification.Assistant}
05-05 01:18:19.103  1339  4196 I ActivityManager: Force stopping com.google.android.cbrsnetworkmonitor appid=10218 user=0: from pid 11256
05-05 01:18:19.104  2076  2076 E PhoneInterfaceManager: [PhoneIntfMgr] getCarrierPackageNamesForIntent: No UICC
05-05 01:18:19.104  2076  2076 D CarrierSvcBindHelper: No carrier app for: 0
05-05 01:18:19.107   822   822 I Zygote  : Process 2195 exited due to signal 9 (Killed)
05-05 01:18:19.109  2879  2879 D RegisteredNfcFServicesCache: Service unchanged, not updating
05-05 01:18:19.115  1339  1369 I libprocessgroup: Successfully killed process cgroup uid 10071 pid 2195 in 45ms
05-05 01:18:19.119 11218 11218 I Adreno  : QUALCOMM build                   : 9b214d0, Ibc75db1fca
05-05 01:18:19.119 11218 11218 I Adreno  : Build Date                       : 06/30/19
05-05 01:18:19.119 11218 11218 I Adreno  : OpenGL ES Shader Compiler Version: EV031.26.06.00
05-05 01:18:19.119 11218 11218 I Adreno  : Local Branch                     : AU124
05-05 01:18:19.119 11218 11218 I Adreno  : Remote Branch                    : 
05-05 01:18:19.119 11218 11218 I Adreno  : Remote Branch                    : 
05-05 01:18:19.119 11218 11218 I Adreno  : Reconstruct Branch               : 
05-05 01:18:19.119 11218 11218 I Adreno  : Build Config                     : S P 8.0.6 AArch64
05-05 01:18:19.121 11218 11218 I Adreno  : PFP: 0x016ee185, ME: 0x00000000
05-05 01:18:19.127  1339  1339 V NotificationAssistants: 0 notification assistant service connected: ComponentInfo{com.google.android.ext.services/android.ext.services.notification.Assistant}
05-05 01:18:19.133  1339  1356 I ActivityManager: Force stopping com.google.android.apps.messaging appid=10176 user=0: from pid 11279
05-05 01:18:19.133 11218 11218 W SoundPool: Use of stream types is deprecated for operations other than volume control
05-05 01:18:19.133 11218 11218 W SoundPool: See the documentation of SoundPool() for what to use instead with android.media.AudioAttributes to qualify your playback use case
05-05 01:18:19.133  1339  1356 I ActivityManager:   Force stopping service ServiceRecord{f450dbe u0 com.google.android.apps.messaging/.shared.datamodel.action.execution.ActionExecutorImpl$EmptyService}
05-05 01:18:19.135  2076  2076 E PhoneInterfaceManager: [PhoneIntfMgr] getCarrierPackageNamesForIntent: No UICC
05-05 01:18:19.135  2076  2076 D CarrierSvcBindHelper: No carrier app for: 0
05-05 01:18:19.140  2879  2879 D RegisteredNfcFServicesCache: Service unchanged, not updating
05-05 01:18:19.141 11218 11218 V OSLOCONTROLLER: OSLOCONTROLLER init with permission
05-05 01:18:19.151 11218 11218 I WallpaperService: engine surface changed
05-05 01:18:19.151 11218 11281 I Adreno  : QUALCOMM build                   : 9b214d0, Ibc75db1fca
05-05 01:18:19.151 11218 11281 I Adreno  : Build Date                       : 06/30/19
05-05 01:18:19.151 11218 11281 I Adreno  : OpenGL ES Shader Compiler Version: EV031.26.06.00
05-05 01:18:19.151 11218 11281 I Adreno  : Local Branch                     : AU124
05-05 01:18:19.151 11218 11281 I Adreno  : Remote Branch                    : 
05-05 01:18:19.151 11218 11281 I Adreno  : Remote Branch                    : 
05-05 01:18:19.151 11218 11281 I Adreno  : Reconstruct Branch               : 
05-05 01:18:19.151 11218 11281 I Adreno  : Build Config                     : S P 8.0.6 AArch64
05-05 01:18:19.153 11218 11281 I Adreno  : PFP: 0x016ee185, ME: 0x00000000
05-05 01:18:19.154 11218 11281 W GL2JNIView: creating OpenGL ES 2.0 context
05-05 01:18:19.155 11218 11281 E GL2JNIView: Before eglCreateContext 2: EGL error: 0x3004
05-05 01:18:19.155 11218 11281 W GL2JNIView: Returning a GLES 2 context
05-05 01:18:19.156 11218 11281 I GL2     : all initialized 2
05-05 01:18:19.158  1339  1356 I ActivityManager: Force stopping com.google.android.apps.wellbeing appid=10127 user=0: from pid 11288
05-05 01:18:19.159  1339  1356 I ActivityManager: Killing 10457:com.google.android.apps.wellbeing/u0a127 (adj 935): stop com.google.android.apps.wellbeing
05-05 01:18:19.163  2076  2076 E PhoneInterfaceManager: [PhoneIntfMgr] getCarrierPackageNamesForIntent: No UICC
05-05 01:18:19.163  2076  2076 D CarrierSvcBindHelper: No carrier app for: 0
05-05 01:18:19.165  2879  2879 D RegisteredNfcFServicesCache: Service unchanged, not updating
05-05 01:18:19.172  1339  1369 I libprocessgroup: Successfully killed process cgroup uid 10127 pid 10457 in 12ms
05-05 01:18:19.181   822   822 D Zygote  : Forked child process 11294
05-05 01:18:19.182  1339 10811 I ActivityManager: Force stopping com.google.android.grilservice appid=10119 user=0: from pid 11293
05-05 01:18:19.185  1339  1368 I ActivityManager: Start proc 11294:com.google.android.apps.wellbeing/u0a127 for content provider {com.google.android.apps.wellbeing/com.google.android.apps.wellbeing.api.impl.WellbeingSettingsProvider}
05-05 01:18:19.185  2076  2076 E PhoneInterfaceManager: [PhoneIntfMgr] getCarrierPackageNamesForIntent: No UICC
05-05 01:18:19.185  2076  2076 D CarrierSvcBindHelper: No carrier app for: 0
05-05 01:18:19.187  2879  2879 D RegisteredNfcFServicesCache: Service unchanged, not updating
05-05 01:18:19.190 11294 11294 E .apps.wellbein: Not starting debugger since process cannot load the jdwp agent.
05-05 01:18:19.201 11294 11294 I .apps.wellbein: The ClassLoaderContext is a special shared library.
05-05 01:18:19.202 11294 11294 W .apps.wellbein: Insufficient pre-allocated space to mmap vdex.
05-05 01:18:19.202  1339 10811 I ActivityManager: Force stopping com.google.android.carrier appid=10133 user=0: from pid 11315
05-05 01:18:19.202  1339 10811 I ActivityManager: Killing 8857:com.google.android.carrier/u0a133 (adj 965): stop com.google.android.carrier
05-05 01:18:19.205  2076  2076 E PhoneInterfaceManager: [PhoneIntfMgr] getCarrierPackageNamesForIntent: No UICC
05-05 01:18:19.205  2076  2076 D CarrierSvcBindHelper: No carrier app for: 0
05-05 01:18:19.208 11294 11294 I MultiDex: VM with version 2.1.0 has multidex support
05-05 01:18:19.208 11294 11294 I MultiDex: install
05-05 01:18:19.208 11294 11294 I MultiDex: VM has multidex support, MultiDex support library is disabled.
05-05 01:18:19.210   822   822 I Zygote  : Process 10457 exited due to signal 9 (Killed)
05-05 01:18:19.210  2879  2879 D RegisteredNfcFServicesCache: Service unchanged, not updating
05-05 01:18:19.215  1339  1369 I libprocessgroup: Successfully killed process cgroup uid 10133 pid 8857 in 12ms
05-05 01:18:19.224   822   822 I Zygote  : Process 8857 exited due to signal 9 (Killed)
05-05 01:18:19.224  1339  1356 I ActivityManager: Force stopping com.google.android.ims appid=10151 user=0: from pid 11321
05-05 01:18:19.224  1339  1356 I ActivityManager: Killing 5206:com.google.android.ims/u0a151 (adj 500): stop com.google.android.ims
05-05 01:18:19.224  1339  1356 W ActivityManager: Scheduling restart of crashed service com.google.android.ims/.services.RcsService in 1000ms
05-05 01:18:19.225  1339  1356 I ActivityManager:   Force stopping service ServiceRecord{de77f12 u0 com.google.android.ims/.services.RcsService}
05-05 01:18:19.226  2076  2076 E PhoneInterfaceManager: [PhoneIntfMgr] getCarrierPackageNamesForIntent: No UICC
05-05 01:18:19.227  2076  2076 D CarrierSvcBindHelper: No carrier app for: 0
05-05 01:18:19.228  1339  1369 I libprocessgroup: Successfully killed process cgroup uid 10151 pid 5206 in 0ms
05-05 01:18:19.232 11294 11294 I iro     : SslGuard completed installation.
05-05 01:18:19.232  2879  2879 D RegisteredNfcFServicesCache: Service unchanged, not updating
05-05 01:18:19.239 11294 11328 W .apps.wellbein: Accessing hidden field Ljava/util/Collections$SynchronizedCollection;->mutex:Ljava/lang/Object; (greylist-max-o, reflection, denied)
05-05 01:18:19.239 11294 11328 W .apps.wellbein: Accessing hidden method Ljava/util/Collections$SynchronizedSet;-><init>(Ljava/util/Set;Ljava/lang/Object;)V (greylist-max-o, reflection, denied)
05-05 01:18:19.239 11294 11328 W .apps.wellbein: Accessing hidden method Ljava/util/Collections$SynchronizedCollection;-><init>(Ljava/util/Collection;Ljava/lang/Object;)V (greylist-max-o, reflection, denied)
05-05 01:18:19.245  1339 10811 I ActivityManager: Force stopping com.google.android.partnersetup appid=10116 user=0: from pid 11329
05-05 01:18:19.245  1339 10811 I ActivityManager: Killing 9795:com.google.android.partnersetup/u0a116 (adj 935): stop com.google.android.partnersetup
05-05 01:18:19.250  2076  2076 E PhoneInterfaceManager: [PhoneIntfMgr] getCarrierPackageNamesForIntent: No UICC
05-05 01:18:19.250  2076  2076 D CarrierSvcBindHelper: No carrier app for: 0
05-05 01:18:19.252  2879  2879 D RegisteredNfcFServicesCache: Service unchanged, not updating
05-05 01:18:19.260 11294 11294 W PrimesInit: Primes instant initialization
05-05 01:18:19.261 11294 11336 W Primes  : background initialization
05-05 01:18:19.266  1339  1563 D ConnectivityService: releasing NetworkRequest [ REQUEST id=79, [ Transports: CELLULAR Capabilities: INTERNET&NOT_RESTRICTED&TRUSTED&NOT_VPN Uid: 10117] ] (release request)
05-05 01:18:19.271   822   822 I Zygote  : Process 9795 exited due to signal 9 (Killed)
05-05 01:18:19.271  2155  2155 D Tonal   : Tonal Palette - index: 1. Main color: ff191818
05-05 01:18:19.271  2155  2155 D Tonal   : Colors: ff111111, ff191818, ff232222, ff302e2e, ff4a4747, ff646060, ff7e7979, ff9d9898, ffb5b2b2, ffcecccc, ffe7e6e6, ffefeeee
05-05 01:18:19.271  1737  1737 D Tonal   : Tonal Palette - index: 1. Main color: ff191818
05-05 01:18:19.271  1737  1737 D Tonal   : Colors: ff111111, ff191818, ff232222, ff302e2e, ff4a4747, ff646060, ff7e7979, ff9d9898, ffb5b2b2, ffcecccc, ffe7e6e6, ffefeeee
05-05 01:18:19.271  1737  1737 D Tonal   : Tonal Palette - index: 1. Main color: ff191818
05-05 01:18:19.271  1737  1737 D Tonal   : Colors: ff111111, ff191818, ff232222, ff302e2e, ff4a4747, ff646060, ff7e7979, ff9d9898, ffb5b2b2, ffcecccc, ffe7e6e6, ffefeeee
05-05 01:18:19.272  1339  1576 I ActivityManager: Force stopping com.android.refreshratecontrol appid=10146 user=0: from pid 11339
05-05 01:18:19.276  2076  2076 E PhoneInterfaceManager: [PhoneIntfMgr] getCarrierPackageNamesForIntent: No UICC
05-05 01:18:19.277  2076  2076 D CarrierSvcBindHelper: No carrier app for: 0
05-05 01:18:19.282  2879  2879 D RegisteredNfcFServicesCache: Service unchanged, not updating
05-05 01:18:19.290  1339  1369 I libprocessgroup: Successfully killed process cgroup uid 10116 pid 9795 in 44ms
05-05 01:18:19.291  1339  1356 D ConnectivityService: ConnectivityService NetworkRequestInfo binderDied(NetworkRequest [ TRACK_DEFAULT id=33, [ Capabilities: INTERNET&NOT_RESTRICTED&TRUSTED Uid: 10151] ], android.os.BinderProxy@1e0b32)
05-05 01:18:19.291  1339  1563 D ConnectivityService: releasing NetworkRequest [ TRACK_DEFAULT id=33, [ Capabilities: INTERNET&NOT_RESTRICTED&TRUSTED Uid: 10151] ] (release request)
05-05 01:18:19.292   822   822 I Zygote  : Process 5206 exited due to signal 9 (Killed)
05-05 01:18:19.296 11294 11316 W DynamiteModule: Local module descriptor class for com.google.android.gms.googlecertificates not found.
05-05 01:18:19.298  1339  1915 I ActivityManager: Force stopping com.android.bluetooth appid=1002 user=0: from pid 11345
05-05 01:18:19.299  1339  1915 I ActivityManager: Killing 1711:com.android.bluetooth/1002 (adj -700): stop com.android.bluetooth
05-05 01:18:19.302  1339  1915 W ActivityManager: Scheduling restart of crashed service com.android.bluetooth/.hid.HidDeviceService in 1000ms
05-05 01:18:19.302  1339  1915 W ActivityManager: Scheduling restart of crashed service com.android.bluetooth/.avrcp.AvrcpTargetService in 1000ms
05-05 01:18:19.302  1339  1915 W ActivityManager: Scheduling restart of crashed service com.android.bluetooth/.hid.HidHostService in 1000ms
05-05 01:18:19.302  1737  1737 D BluetoothHidDevice: Proxy object disconnected
05-05 01:18:19.302  1737  1737 D BluetoothHidDevice: Unbinding service...
05-05 01:18:19.302  1339  1915 W ActivityManager: Scheduling restart of crashed service com.android.bluetooth/.pan.PanService in 1000ms
05-05 01:18:19.302  1339  1915 W ActivityManager: Scheduling restart of crashed service com.android.bluetooth/.pbap.BluetoothPbapService in 1000ms
05-05 01:18:19.302  1339  1915 W ActivityManager: Scheduling restart of crashed service com.android.bluetooth/.hearingaid.HearingAidService in 1000ms
05-05 01:18:19.303  1339  1915 W ActivityManager: Scheduling restart of crashed service com.android.bluetooth/.hfp.HeadsetService in 1000ms
05-05 01:18:19.303  1339  1915 W ActivityManager: Scheduling restart of crashed service com.android.bluetooth/.sap.SapService in 1000ms
05-05 01:18:19.303  1339  1915 W ActivityManager: Scheduling restart of crashed service com.android.bluetooth/.opp.BluetoothOppService in 1000ms
05-05 01:18:19.303  1339  1915 W ActivityManager: Scheduling restart of crashed service com.android.bluetooth/.a2dp.A2dpService in 1000ms
05-05 01:18:19.303  1339  1915 W ActivityManager: Scheduling restart of crashed service com.android.bluetooth/.gatt.GattService in 1000ms
05-05 01:18:19.303  1339  1915 W ActivityManager: Scheduling restart of crashed service com.android.bluetooth/.btservice.AdapterService in 11000ms
05-05 01:18:19.303  1339  1915 W ActivityManager: Scheduling restart of crashed service com.android.bluetooth/.map.BluetoothMapService in 21000ms
05-05 01:18:19.305  1339  1915 I ActivityManager:   Force stopping service ServiceRecord{4506471 u0 com.android.bluetooth/.gatt.GattService}
05-05 01:18:19.305  1339  1915 I ActivityManager:   Force stopping service ServiceRecord{2fb1b64 u0 com.android.bluetooth/.btservice.AdapterService}
05-05 01:18:19.307  1339  1339 D BluetoothHearingAid: Proxy object disconnected
05-05 01:18:19.307  1339  1339 D BluetoothHearingAid: Unbinding service...
05-05 01:18:19.308  1339  1339 D BluetoothHearingAid: Proxy object disconnected
05-05 01:18:19.308  1339  1339 D BluetoothHearingAid: Unbinding service...
05-05 01:18:19.308  1737  1737 D BluetoothHidHost: Proxy object disconnected
05-05 01:18:19.308  1737  1737 D BluetoothHidHost: Unbinding service...
05-05 01:18:19.309  1737  1737 D BluetoothPan: Proxy object disconnected
05-05 01:18:19.309  1737  1737 D BluetoothPan: Unbinding service...
05-05 01:18:19.309  2076  2076 E PhoneInterfaceManager: [PhoneIntfMgr] getCarrierPackageNamesForIntent: No UICC
05-05 01:18:19.309  2076  2076 D CarrierSvcBindHelper: No carrier app for: 0
05-05 01:18:19.310  1737  1737 D BluetoothHearingAid: Proxy object disconnected
05-05 01:18:19.310  1737  1737 D BluetoothHearingAid: Unbinding service...
05-05 01:18:19.311  1737  1737 D BluetoothSap: Proxy object disconnected
05-05 01:18:19.311  1737  1737 D BluetoothSap: Unbinding service...
05-05 01:18:19.311  1737  1737 D BluetoothA2dp: Proxy object disconnected
05-05 01:18:19.311  1737  1737 D BluetoothA2dp: Unbinding service...
05-05 01:18:19.312  1737  1737 D BluetoothMap: Proxy object disconnected
05-05 01:18:19.312  1737  1737 D BluetoothMap: Unbinding service...
05-05 01:18:19.314 11294 11316 I DynamiteModule: Considering local module com.google.android.gms.googlecertificates:0 and remote module com.google.android.gms.googlecertificates:4
05-05 01:18:19.314 11294 11316 I DynamiteModule: Selected remote version of com.google.android.gms.googlecertificates, version >= 4
05-05 01:18:19.314   835   835 E Diag_Lib: BluetoothDeathRecipient: Calling HAL close
05-05 01:18:19.315  2879  2879 D RegisteredNfcFServicesCache: Service unchanged, not updating
05-05 01:18:19.316  1339  7495 W AudioService.PlaybackActivityMonitor: client died
05-05 01:18:19.316  1339  2905 W BluetoothManagerService: Profile service for profile: ComponentInfo{com.android.bluetooth/com.android.bluetooth.hfp.HeadsetService} died.
05-05 01:18:19.316  1339  2905 D BluetoothHeadset: Proxy object disconnected
05-05 01:18:19.316  1339  2905 I chatty  : uid=1000(system) Binder:1339_D identical 4 lines
05-05 01:18:19.316  1339  2905 D BluetoothHeadset: Proxy object disconnected
05-05 01:18:19.317  1339  1339 I Telecom : BluetoothDeviceManager: Lost BluetoothHearingAid service. Removing all tracked devices.: BMSL.oSD@AFQ
05-05 01:18:19.317  1339  1339 D BluetoothA2dp: Proxy object disconnected
05-05 01:18:19.317  1339  1339 D BluetoothA2dp: Unbinding service...
05-05 01:18:19.317  1339  1339 D BluetoothManagerService: BluetoothServiceConnection, disconnected: com.android.bluetooth.btservice.AdapterService
05-05 01:18:19.317  1339  1339 D BluetoothManagerService: BluetoothServiceConnection, disconnected: com.android.bluetooth.gatt.GattService
05-05 01:18:19.317  1339  1360 E BluetoothManagerService: MESSAGE_BLUETOOTH_SERVICE_DISCONNECTED(1)
05-05 01:18:19.317  1339  1360 D BluetoothManagerService: Broadcasting onBluetoothServiceDown() to 8 receivers.
05-05 01:18:19.317  1339  1575 I AS.BtHelper: setBtScoActiveDevice: null -> null
05-05 01:18:19.317  1339  1575 I AS.BtHelper: setBtScoActiveDevice: null -> null
05-05 01:18:19.317  1339  1339 I Telecom : BluetoothDeviceManager: Lost BluetoothHeadset service. Removing all tracked devices.: BMSL.oSD@AFU
05-05 01:18:19.317  1339  1339 I Telecom : BluetoothDeviceManager: Lost BluetoothHeadset service. Removing all tracked devices.: BMSL.oSD@AFY
05-05 01:18:19.317  3006  3320 D BluetoothAdapter: onBluetoothServiceDown: android.bluetooth.IBluetooth$Stub$Proxy@2551418
05-05 01:18:19.317  1737  2621 D BluetoothHeadset: Proxy object disconnected
05-05 01:18:19.318  1339  1360 D BluetoothAdapter: onBluetoothServiceDown: android.bluetooth.IBluetooth$Stub$Proxy@e666682
05-05 01:18:19.318  2076  2099 D BluetoothHeadset: Proxy object disconnected
05-05 01:18:19.318  7268  9466 D BluetoothAdapter: onBluetoothServiceDown: android.bluetooth.IBluetooth$Stub$Proxy@805efff
05-05 01:18:19.318   835   835 W vendor.qti.bluetooth@1.0-bluetooth_hci: BluetoothHci::close()
05-05 01:18:19.318  1339  1360 D BluetoothManagerService: Sending BLE State Change: ON > TURNING_OFF
05-05 01:18:19.318   822   822 I Zygote  : Process 1711 exited due to signal 9 (Killed)
05-05 01:18:19.318  2076  5040 D BluetoothAdapter: onBluetoothServiceDown: android.bluetooth.IBluetooth$Stub$Proxy@5b7d8e8
05-05 01:18:19.318  1737  1762 D BluetoothAdapter: onBluetoothServiceDown: android.bluetooth.IBluetooth$Stub$Proxy@c1ce3e9
05-05 01:18:19.318  2879  3371 D BluetoothAdapter: onBluetoothServiceDown: android.bluetooth.IBluetooth$Stub$Proxy@1cfc029
05-05 01:18:19.318  1339  1360 D BluetoothManagerService: Bluetooth is complete send Service Down
05-05 01:18:19.318  2842  2918 D BluetoothAdapter: onBluetoothServiceDown: android.bluetooth.IBluetooth$Stub$Proxy@4d1d18d
05-05 01:18:19.318  1339  1360 D BluetoothManagerService: Broadcasting onBluetoothServiceDown() to 8 receivers.
05-05 01:18:19.319  3006  3320 D BluetoothAdapter: onBluetoothServiceDown: null
05-05 01:18:19.319  7268  9466 D BluetoothAdapter: onBluetoothServiceDown: null
05-05 01:18:19.319   835   835 W vendor.qti.bluetooth@1.0-data_handler: DataHandler::CleanUp()
05-05 01:18:19.319   835   835 I vendor.qti.bluetooth@1.0-data_handler: DataHandler:: init_status 3
05-05 01:18:19.319  1339  1367 W BroadcastQueue: Background execution not allowed: receiving Intent { act=android.bluetooth.adapter.action.STATE_CHANGED flg=0x4000010 (has extras) } to com.google.android.gms/.auth.easyunlock.authorization.BluetoothStateChangeReceiver
05-05 01:18:19.319   835   835 D vendor.qti.bluetooth@1.0-data_handler: Close: Signal close to Diag interface
05-05 01:18:19.319   835   835 I vendor.qti.bluetooth@1.0-data_handler: Sending Pre-shutdown command 
05-05 01:18:19.319  1339  1367 W BroadcastQueue: Background execution not allowed: receiving Intent { act=android.bluetooth.adapter.action.STATE_CHANGED flg=0x4000010 (has extras) } to com.google.android.gms/.auth.proximity.BluetoothServicesAdapterStateChangeReceiver
05-05 01:18:19.319  1339  1367 W BroadcastQueue: Background execution not allowed: receiving Intent { act=android.bluetooth.adapter.action.STATE_CHANGED flg=0x4000010 (has extras) } to com.google.android.gms/.chimera.GmsIntentOperationService$PersistentTrustedReceiver
05-05 01:18:19.319  1339  1367 W BroadcastQueue: Background execution not allowed: receiving Intent { act=android.bluetooth.adapter.action.STATE_CHANGED flg=0x4000010 (has extras) } to com.google.intelligence.sense/.dnd.driving.DrivingConditionProvider$ServiceForwardingReceiver
05-05 01:18:19.319  2879  2907 D BluetoothAdapter: onBluetoothServiceDown: null
05-05 01:18:19.319  1339  1360 D BluetoothAdapter: onBluetoothServiceDown: null
05-05 01:18:19.319  1339  1360 D BluetoothManagerService: unbindAndFinish(): null mBinding = false mUnbinding = false
05-05 01:18:19.319  1339  1360 D BluetoothManagerService: Sending BLE State Change: TURNING_OFF > OFF
05-05 01:18:19.319  1737  2390 D BluetoothAdapter: onBluetoothServiceDown: null
05-05 01:18:19.319  2861  2861 I GsaVoiceInteractionSrv: O received Intent { act=android.bluetooth.adapter.action.STATE_CHANGED flg=0x4000010 (has extras) }
05-05 01:18:19.319  2786  2802 D BluetoothAdapter: onBluetoothServiceDown: android.bluetooth.IBluetooth$Stub$Proxy@556980e
05-05 01:18:19.320  2786  2802 D BluetoothAdapter: onBluetoothServiceDown: null
05-05 01:18:19.320  2076  5040 D BluetoothAdapter: onBluetoothServiceDown: null
05-05 01:18:19.321  2842  2918 D BluetoothAdapter: onBluetoothServiceDown: null
05-05 01:18:19.321  1339  1360 E BluetoothManagerService: MESSAGE_BLUETOOTH_SERVICE_DISCONNECTED(2)
05-05 01:18:19.321  1737  2621 D BluetoothHeadset: Proxy object disconnected
05-05 01:18:19.322  1339  1575 I AS.BtHelper: setBtScoActiveDevice: null -> null
05-05 01:18:19.324  2076  2099 D BluetoothHeadset: Proxy object disconnected
05-05 01:18:19.324   835  2691 W vendor.qti.bluetooth@1.0-data_handler: OnPacketReady: Received event for command sent internally: 08 fc 
05-05 01:18:19.324   835   835 D vendor.qti.bluetooth@1.0-uart_controller: UartController::Cleanup, soc_need_reload_patch=1
05-05 01:18:19.326   835  2691 E vendor.qti.bluetooth@1.0-async_fd_watcher: ThreadRoutine: End of AsyncFdWatcher::ThreadRoutine
05-05 01:18:19.326   835   835 W vendor.qti.bluetooth@1.0-async_fd_watcher: StopThread: stopped the work thread
05-05 01:18:19.326   835   835 I vendor.qti.bluetooth@1.0-ibs_handler: ~IbsHandler
05-05 01:18:19.327   835   835 D vendor.qti.bluetooth@1.0-uart_controller: HciTransportCleanup: deleting hci_transport
05-05 01:18:19.327   835   835 D vendor.qti.bluetooth@1.0-uart_transport: Disconnect: discard unsent data
05-05 01:18:19.327   835   835 D vendor.qti.bluetooth@1.0-uart_transport: CleanUp:> soc_type: 3, need_reload: 1
05-05 01:18:19.327   835   835 D vendor.qti.bluetooth@1.0-uart_transport: userial clock off
05-05 01:18:19.327   835   835 I vendor.qti.bluetooth@1.0-uart_transport: DeInitTransport: Transport is being closed!
05-05 01:18:19.330  1339  2906 I ActivityManager: Force stopping com.google.android.inputmethod.latin appid=10203 user=0: from pid 11349
05-05 01:18:19.330  1339  2906 I ActivityManager: Killing 2286:com.google.android.inputmethod.latin/u0a203 (adj 925): stop com.google.android.inputmethod.latin
05-05 01:18:19.332 11294 11316 I DynamiteLoaderV2: [71] Googlecertificates
05-05 01:18:19.336  2076  2076 E PhoneInterfaceManager: [PhoneIntfMgr] getCarrierPackageNamesForIntent: No UICC
05-05 01:18:19.336  2076  2076 D CarrierSvcBindHelper: No carrier app for: 0
05-05 01:18:19.337   835   835 I vendor.qti.bluetooth@1.0-uart_transport: InitTransport: opening /dev/ttyHS0
05-05 01:18:19.338   835   835 D vendor.qti.bluetooth@1.0-uart_transport: userial clock on
05-05 01:18:19.338   835   835 I vendor.qti.bluetooth@1.0-uart_transport: GetBaudRate: Current Baudrate = 2400 bps
05-05 01:18:19.338   835   835 I vendor.qti.bluetooth@1.0-uart_transport: InitTransport: device fd = 7 open @2400 bps
05-05 01:18:19.341  2879  2879 D RegisteredNfcFServicesCache: Service unchanged, not updating
05-05 01:18:19.346  1339  1369 I libprocessgroup: Successfully killed process cgroup uid 1002 pid 1711 in 46ms
05-05 01:18:19.346  1339  1369 I libprocessgroup: Successfully killed process cgroup uid 10203 pid 2286 in 0ms
05-05 01:18:19.356  1339  1700 I ActivityManager: Force stopping com.google.android.contacts appid=10177 user=0: from pid 11354
05-05 01:18:19.359  2076  2076 E PhoneInterfaceManager: [PhoneIntfMgr] getCarrierPackageNamesForIntent: No UICC
05-05 01:18:19.359  2076  2076 D CarrierSvcBindHelper: No carrier app for: 0
05-05 01:18:19.363   835   835 I vendor.qti.bluetooth@1.0-uart_transport: CleanUp:send out shutdown signal
05-05 01:18:19.363   835   835 D vendor.qti.bluetooth@1.0-uart_transport: userial clock off
05-05 01:18:19.363   822   822 D Zygote  : Forked child process 11358
05-05 01:18:19.363   835   835 I vendor.qti.bluetooth@1.0-uart_transport: DeInitTransport: Transport is being closed!
05-05 01:18:19.365  1339  1368 I ActivityManager: Start proc 11358:com.google.android.gms/u0a145 for service {com.google.android.gms/com.google.android.gms.chimera.GmsBoundBrokerService}
05-05 01:18:19.366  2879  2879 D RegisteredNfcFServicesCache: Service unchanged, not updating
05-05 01:18:19.370   822   822 I Zygote  : Process 2286 exited due to signal 9 (Killed)
05-05 01:18:19.373 11218 11218 I WallpaperService: engine resumed
05-05 01:18:19.377 11358 11358 E gle.android.gm: Not starting debugger since process cannot load the jdwp agent.
05-05 01:18:19.379   853   853 I sensors-hal: [hal]batch_physical_sensor:251, android.sensor.gyroscope/41, period=20000000, max_latency=0
05-05 01:18:19.379   853   853 I sensors-hal: [hal]batch_physical_sensor:260, android.sensor.gyroscope/41, period=20000000, max_latency=0 request completed
05-05 01:18:19.379   853   853 I sensors-hal: [hal]activate_physical_sensor:188, android.sensor.gyroscope/41 en=1
05-05 01:18:19.380  1066  1066 D Diag_Lib:  Diag_LSM_Init: Failed to open handle to diag driver, error = 13
05-05 01:18:19.380  1066  1066 E Diag_Lib: qpLogDiagInit <== result : 0
05-05 01:18:19.380  1066  1066 E Diag_Lib: DATAD : gIsQXDMDisabled 0, gIsADBDisabled 1, gIsDebugDisabled 0, gIsIMSLogsDisabled 0
05-05 01:18:19.380  1066  1066 D Diag_Lib:  Diag_LSM_Init: Failed to open handle to diag driver, error = 13
05-05 01:18:19.380  1066  1066 E Diag_Lib: qpLogDiagInit <== result : 0
05-05 01:18:19.380  1066  1066 E Diag_Lib: DATAD : gIsQXDMDisabled 0, gIsADBDisabled 1, gIsDebugDisabled 0, gIsIMSLogsDisabled 0
05-05 01:18:19.380  1339  1700 I ActivityManager: Force stopping com.google.android.gm appid=10187 user=0: from pid 11365
05-05 01:18:19.380  1066  1066 D Diag_Lib:  Diag_LSM_Init: Failed to open handle to diag driver, error = 13
05-05 01:18:19.380  1066  1066 E Diag_Lib: qpLogDiagInit <== result : 0
05-05 01:18:19.380  1066  1066 E Diag_Lib: DATAD : gIsQXDMDisabled 0, gIsADBDisabled 1, gIsDebugDisabled 0, gIsIMSLogsDisabled 0
05-05 01:18:19.380  1066  1066 D Diag_Lib:  Diag_LSM_Init: Failed to open handle to diag driver, error = 13
05-05 01:18:19.380  1066  1066 E Diag_Lib: qpLogDiagInit <== result : 0
05-05 01:18:19.380  1066  1066 E Diag_Lib: DATAD : gIsQXDMDisabled 0, gIsADBDisabled 1, gIsDebugDisabled 0, gIsIMSLogsDisabled 0
05-05 01:18:19.381  1066  1066 D Diag_Lib:  Diag_LSM_Init: Failed to open handle to diag driver, error = 13
05-05 01:18:19.381  1066  1066 E Diag_Lib: qpLogDiagInit <== result : 0
05-05 01:18:19.381  1066  1066 E Diag_Lib: DATAD : gIsQXDMDisabled 0, gIsADBDisabled 1, gIsDebugDisabled 0, gIsIMSLogsDisabled 0
05-05 01:18:19.381   853   853 D Diag_Lib:  Diag_LSM_Init: Failed to open handle to diag driver, error = 13
05-05 01:18:19.381  1066  1066 D Diag_Lib:  Diag_LSM_Init: Failed to open handle to diag driver, error = 13
05-05 01:18:19.381  1066  1066 E Diag_Lib: qpLogDiagInit <== result : 0
05-05 01:18:19.381  1066  1066 E Diag_Lib: DATAD : gIsQXDMDisabled 0, gIsADBDisabled 1, gIsDebugDisabled 0, gIsIMSLogsDisabled 0
05-05 01:18:19.381  1066  1066 D Diag_Lib:  Diag_LSM_Init: Failed to open handle to diag driver, error = 13
05-05 01:18:19.381  1066  1066 E Diag_Lib: qpLogDiagInit <== result : 0
05-05 01:18:19.381  1066  1066 E Diag_Lib: DATAD : gIsQXDMDisabled 0, gIsADBDisabled 1, gIsDebugDisabled 0, gIsIMSLogsDisabled 0
05-05 01:18:19.381  1066  1066 D Diag_Lib:  Diag_LSM_Init: Failed to open handle to diag driver, error = 13
05-05 01:18:19.381  1066  1066 E Diag_Lib: qpLogDiagInit <== result : 0
05-05 01:18:19.381  1066  1066 E Diag_Lib: DATAD : gIsQXDMDisabled 0, gIsADBDisabled 1, gIsDebugDisabled 0, gIsIMSLogsDisabled 0
05-05 01:18:19.382  2076  2076 E PhoneInterfaceManager: [PhoneIntfMgr] getCarrierPackageNamesForIntent: No UICC
05-05 01:18:19.382  2076  2076 D CarrierSvcBindHelper: No carrier app for: 0
05-05 01:18:19.382   853   853 D Diag_Lib:  Diag_LSM_Init: Failed to open handle to diag driver, error = 13
05-05 01:18:19.382   853   853 I sensors-hal: [ssc_sensor]update_handle:421, handle=331, type=33, wakeup=0, hwid=0, base=331
05-05 01:18:19.383  1066  1066 D Diag_Lib:  Diag_LSM_Init: Failed to open handle to diag driver, error = 13
05-05 01:18:19.383  1066  1066 E Diag_Lib: qpLogDiagInit <== result : 0
05-05 01:18:19.383  1066  1066 E Diag_Lib: DATAD : gIsQXDMDisabled 0, gIsADBDisabled 1, gIsDebugDisabled 0, gIsIMSLogsDisabled 0
05-05 01:18:19.383  1066  1066 D Diag_Lib:  Diag_LSM_Init: Failed to open handle to diag driver, error = 13
05-05 01:18:19.383  1066  1066 E Diag_Lib: qpLogDiagInit <== result : 0
05-05 01:18:19.383  1066  1066 E Diag_Lib: DATAD : gIsQXDMDisabled 0, gIsADBDisabled 1, gIsDebugDisabled 0, gIsIMSLogsDisabled 0
05-05 01:18:19.383  1066  1066 D Diag_Lib:  Diag_LSM_Init: Failed to open handle to diag driver, error = 13
05-05 01:18:19.383  1066  1066 E Diag_Lib: qpLogDiagInit <== result : 0
05-05 01:18:19.383  1066  1066 E Diag_Lib: DATAD : gIsQXDMDisabled 0, gIsADBDisabled 1, gIsDebugDisabled 0, gIsIMSLogsDisabled 0
05-05 01:18:19.383  1066  1066 D Diag_Lib:  Diag_LSM_Init: Failed to open handle to diag driver, error = 13
05-05 01:18:19.383  1066  1066 E Diag_Lib: qpLogDiagInit <== result : 0
05-05 01:18:19.383  1066  1066 E Diag_Lib: DATAD : gIsQXDMDisabled 0, gIsADBDisabled 1, gIsDebugDisabled 0, gIsIMSLogsDisabled 0
05-05 01:18:19.383  1066  1066 D Diag_Lib:  Diag_LSM_Init: Failed to open handle to diag driver, error = 13
05-05 01:18:19.383  1066  1066 E Diag_Lib: qpLogDiagInit <== result : 0
05-05 01:18:19.383  1066  1066 E Diag_Lib: DATAD : gIsQXDMDisabled 0, gIsADBDisabled 1, gIsDebugDisabled 0, gIsIMSLogsDisabled 0
05-05 01:18:19.383  1066  1066 D Diag_Lib:  Diag_LSM_Init: Failed to open handle to diag driver, error = 13
05-05 01:18:19.383  1066  1066 E Diag_Lib: qpLogDiagInit <== result : 0
05-05 01:18:19.383  1066  1066 E Diag_Lib: DATAD : gIsQXDMDisabled 0, gIsADBDisabled 1, gIsDebugDisabled 0, gIsIMSLogsDisabled 0
05-05 01:18:19.384  1066  1066 D Diag_Lib:  Diag_LSM_Init: Failed to open handle to diag driver, error = 13
05-05 01:18:19.384  1066  1066 E Diag_Lib: qpLogDiagInit <== result : 0
05-05 01:18:19.384  1066  1066 E Diag_Lib: DATAD : gIsQXDMDisabled 0, gIsADBDisabled 1, gIsDebugDisabled 0, gIsIMSLogsDisabled 0
05-05 01:18:19.384  1066  1066 D Diag_Lib:  Diag_LSM_Init: Failed to open handle to diag driver, error = 13
05-05 01:18:19.384  1066  1066 E Diag_Lib: qpLogDiagInit <== result : 0
05-05 01:18:19.384  1066  1066 E Diag_Lib: DATAD : gIsQXDMDisabled 0, gIsADBDisabled 1, gIsDebugDisabled 0, gIsIMSLogsDisabled 0
05-05 01:18:19.384  1066  1066 D Diag_Lib:  Diag_LSM_Init: Failed to open handle to diag driver, error = 13
05-05 01:18:19.384  1066  1066 E Diag_Lib: qpLogDiagInit <== result : 0
05-05 01:18:19.384  1066  1066 E Diag_Lib: DATAD : gIsQXDMDisabled 0, gIsADBDisabled 1, gIsDebugDisabled 0, gIsIMSLogsDisabled 0
05-05 01:18:19.384  1066  1066 D Diag_Lib:  Diag_LSM_Init: Failed to open handle to diag driver, error = 13
05-05 01:18:19.384  1066  1066 E Diag_Lib: qpLogDiagInit <== result : 0
05-05 01:18:19.384  1066  1066 E Diag_Lib: DATAD : gIsQXDMDisabled 0, gIsADBDisabled 1, gIsDebugDisabled 0, gIsIMSLogsDisabled 0
05-05 01:18:19.384  1066  1066 D Diag_Lib:  Diag_LSM_Init: Failed to open handle to diag driver, error = 13
05-05 01:18:19.384  1066  1066 E Diag_Lib: qpLogDiagInit <== result : 0
05-05 01:18:19.384  1066  1066 E Diag_Lib: DATAD : gIsQXDMDisabled 0, gIsADBDisabled 1, gIsDebugDisabled 0, gIsIMSLogsDisabled 0
05-05 01:18:19.384  1066  1066 D Diag_Lib:  Diag_LSM_Init: Failed to open handle to diag driver, error = 13
05-05 01:18:19.384  1066  1066 E Diag_Lib: qpLogDiagInit <== result : 0
05-05 01:18:19.384  1066  1066 E Diag_Lib: DATAD : gIsQXDMDisabled 0, gIsADBDisabled 1, gIsDebugDisabled 0, gIsIMSLogsDisabled 0
05-05 01:18:19.384  1066  1066 D Diag_Lib:  Diag_LSM_Init: Failed to open handle to diag driver, error = 13
05-05 01:18:19.384  1066  1066 E Diag_Lib: qpLogDiagInit <== result : 0
05-05 01:18:19.384   853   853 I sensors-hal: [hal]activate_physical_sensor:199, android.sensor.gyroscope/41 en=1 completed
05-05 01:18:19.384  1066  1066 E Diag_Lib: DATAD : gIsQXDMDisabled 0, gIsADBDisabled 1, gIsDebugDisabled 0, gIsIMSLogsDisabled 0
05-05 01:18:19.384  1066  1066 D Diag_Lib:  Diag_LSM_Init: Failed to open handle to diag driver, error = 13
05-05 01:18:19.384  1066  1066 E Diag_Lib: qpLogDiagInit <== result : 0
05-05 01:18:19.384  1066  1066 E Diag_Lib: DATAD : gIsQXDMDisabled 0, gIsADBDisabled 1, gIsDebugDisabled 0, gIsIMSLogsDisabled 0
05-05 01:18:19.384  1066  1066 D Diag_Lib:  Diag_LSM_Init: Failed to open handle to diag driver, error = 13
05-05 01:18:19.384  1066  1066 E Diag_Lib: qpLogDiagInit <== result : 0
05-05 01:18:19.384  1066  1066 E Diag_Lib: DATAD : gIsQXDMDisabled 0, gIsADBDisabled 1, gIsDebugDisabled 0, gIsIMSLogsDisabled 0
05-05 01:18:19.384  1066  1066 D Diag_Lib:  Diag_LSM_Init: Failed to open handle to diag driver, error = 13
05-05 01:18:19.384  1066  1066 E Diag_Lib: qpLogDiagInit <== result : 0
05-05 01:18:19.384  1066  1066 E Diag_Lib: DATAD : gIsQXDMDisabled 0, gIsADBDisabled 1, gIsDebugDisabled 0, gIsIMSLogsDisabled 0
05-05 01:18:19.386   853 11379 I sensors-hal: [ssc_conn]handle_indication_realtime:373,  SCHED_FIFO(10) for qmi_cbk
05-05 01:18:19.387   853 11383 I sensors-hal: [ssc_conn]handle_indication_realtime:373,  SCHED_FIFO(10) for qmi_cbk
05-05 01:18:19.387   853 11383 E sensors-hal: [sensor]submit_sensors_hal_event:139, android.sensor.additional_info: trying to push empty Events
05-05 01:18:19.387   853 11383 E sensors-hal: [sensor]submit_sensors_hal_event:139, android.sensor.additional_info: trying to push empty Events
05-05 01:18:19.389  2879  2879 D RegisteredNfcFServicesCache: Service unchanged, not updating
05-05 01:18:19.389  2338  2338 D Oslo/OsloMetrics: log flick echo client com.breel.wallpapers19.view.controller.OsloController gesture 2 register true
05-05 01:18:19.389  2338  2338 D Oslo/OsloMetrics: Register 4 timestamp 394043
05-05 01:18:19.390   853 11385 I sensors-hal: [ssc_conn]handle_indication_realtime:373,  SCHED_FIFO(10) for qmi_cbk
05-05 01:18:19.390   853 11385 E sensors-hal: [sensor]submit_sensors_hal_event:139, android.sensor.gyroscope: trying to push empty Events
05-05 01:18:19.390   853 11385 I chatty  : uid=1000(system) sensors@2.0-ser identical 1 line
05-05 01:18:19.390   853 11385 E sensors-hal: [sensor]submit_sensors_hal_event:139, android.sensor.gyroscope: trying to push empty Events
05-05 01:18:19.390  2338  2338 D Oslo/OsloMetrics: log reach echo client com.breel.wallpapers19.view.controller.OsloController gesture 5 register true
05-05 01:18:19.391  2338  2338 D Oslo/OsloMetrics: Register 4 timestamp 394044
05-05 01:18:19.392  2338  2338 D Oslo/OsloMetrics: log flick client com.breel.wallpapers19.view.controller.OsloController gesture 1 register true
05-05 01:18:19.392  2338  2338 D Oslo/OsloMetrics: Register 4 timestamp 394046
05-05 01:18:19.392  2338  2338 D Oslo/OsloMetrics: log reach client com.breel.wallpapers19.view.controller.OsloController gesture 4 register true
05-05 01:18:19.393  2338  2338 D Oslo/OsloMetrics: Register 4 timestamp 394046
05-05 01:18:19.397   853 11385 E sensors-hal: [sensor]submit_sensors_hal_event:139, android.sensor.gyroscope: trying to push empty Events
05-05 01:18:19.397   853 11383 E sensors-hal: [sensor]submit_sensors_hal_event:139, android.sensor.additional_info: trying to push empty Events
05-05 01:18:19.407 11358 11358 I gle.android.gm: The ClassLoaderContext is a special shared library.
05-05 01:18:19.408  1339  1700 I ActivityManager: Force stopping com.qualcomm.qti.telephonyservice appid=1001 user=0: from pid 11389
05-05 01:18:19.411  2076  2076 E PhoneInterfaceManager: [PhoneIntfMgr] getCarrierPackageNamesForIntent: No UICC
05-05 01:18:19.411  2076  2076 D CarrierSvcBindHelper: No carrier app for: 0
05-05 01:18:19.413 11358 11358 I gle.android.gm: The ClassLoaderContext is a special shared library.
05-05 01:18:19.413  2879  2879 D RegisteredNfcFServicesCache: Service unchanged, not updating
05-05 01:18:19.416 11358 11358 I gle.android.gm: The ClassLoaderContext is a special shared library.
05-05 01:18:19.432  1339  3309 I ActivityManager: Force stopping com.google.android.keep appid=10208 user=0: from pid 11396
05-05 01:18:19.436  2076  2076 E PhoneInterfaceManager: [PhoneIntfMgr] getCarrierPackageNamesForIntent: No UICC
05-05 01:18:19.436  2076  2076 D CarrierSvcBindHelper: No carrier app for: 0
05-05 01:18:19.437  1339  1700 W PackageManager: Cannot suspend the platform package: android
05-05 01:18:19.440  2879  2879 D RegisteredNfcFServicesCache: Service unchanged, not updating
